Archive member included because of file (symbol)

C:/Program Files/SDK30/SDK 7.5.1/SDK/lib_gnu/eft30.lib(atoi.o)
                              Obj/DEBUG_EFT_930S/req.o (atol)
C:/Program Files/SDK30/SDK 7.5.1/SDK/lib_gnu/eft30.lib(extens119.o)
                              Obj/DEBUG_EFT_930S/tlmhmi.o (StateHeader)
C:/Program Files/SDK30/SDK 7.5.1/SDK/lib_gnu/eft30.lib(extens53.o)
                              Obj/DEBUG_EFT_930S/tlm.o (d_tolong)
C:/Program Files/SDK30/SDK 7.5.1/SDK/lib_gnu/eft30.lib(extens87.o)
                              Obj/DEBUG_EFT_930S/tlmemv.o (USR_ServiceCall)
C:/Program Files/SDK30/SDK 7.5.1/SDK/lib_gnu/eft30.lib(extens89.o)
                              Obj/DEBUG_EFT_930S/tlm.o (GetSemaphoreUser)
C:/Program Files/SDK30/SDK 7.5.1/SDK/lib_gnu/eft30.lib(extens90.o)
                              Obj/DEBUG_EFT_930S/tlm.o (FreeSemaphoreUser)
C:/Program Files/SDK30/SDK 7.5.1/SDK/lib_gnu/eft30.lib(extens93.o)
                              Obj/DEBUG_EFT_930S/tlm.o (GetDelayUser)
C:/Program Files/SDK30/SDK 7.5.1/SDK/lib_gnu/eft30.lib(extens94.o)
                              Obj/DEBUG_EFT_930S/tlm.o (FreeDelayUser)
C:/Program Files/SDK30/SDK 7.5.1/SDK/lib_gnu/eft30.lib(param17.o)
                              Obj/DEBUG_EFT_930S/tlmcry.o (PSQ_Donner_noserie)
C:/Program Files/SDK30/SDK 7.5.1/SDK/lib_gnu/eft30.lib(param72.o)
                              Obj/DEBUG_EFT_930S/tlmcry.o (PSQ_donner_type_pinpad)
C:/Program Files/SDK30/SDK 7.5.1/SDK/lib_gnu/eft30.lib(pinpad10.o)
                              Obj/DEBUG_EFT_930S/tlmcry.o (PPS_firstline)
C:/Program Files/SDK30/SDK 7.5.1/SDK/lib_gnu/eft30.lib(pinpad12.o)
                              Obj/DEBUG_EFT_930S/tlmcry.o (PPS_Display)
C:/Program Files/SDK30/SDK 7.5.1/SDK/lib_gnu/eft30.lib(pinpad15.o)
                              Obj/DEBUG_EFT_930S/tlmcry.o (PPS_clear_display)
C:/Program Files/SDK30/SDK 7.5.1/SDK/lib_gnu/eft30.lib(pinpad8.o)
                              Obj/DEBUG_EFT_930S/tlmcry.o (PPS_newline)
C:/Program Files/SDK30/SDK 7.5.1/SDK/lib_gnu/eft30.lib(pinpad9.o)
                              Obj/DEBUG_EFT_930S/tlmcry.o (PPS_clearline)
C:/Program Files/SDK30/SDK 7.5.1/SDK/lib_gnu/eft30.lib(sv21.o)
                              Obj/DEBUG_EFT_930S/tlm.o (SV_input_command)
C:/Program Files/SDK30/SDK 7.5.1/SDK/lib_gnu/eft30.lib(sv22.o)
                              Obj/DEBUG_EFT_930S/tlm.o (SV_output_command)
C:/Program Files/SDK30/SDK 7.5.1/SDK/lib_gnu/eft30.lib(sv23.o)
                              Obj/DEBUG_EFT_930S/tlm.o (SV_power_on)
C:/Program Files/SDK30/SDK 7.5.1/SDK/lib_gnu/eft30.lib(sv24.o)
                              Obj/DEBUG_EFT_930S/tlm.o (SV_read_date)
C:/Program Files/SDK30/SDK 7.5.1/SDK/lib_gnu/eft30.lib(sv25.o)
                              Obj/DEBUG_EFT_930S/tlm.o (SV_write_date)
C:/Program Files/SDK30/SDK 7.5.1/SDK/lib_gnu/eft30.lib(libgr1.o)
                              Obj/DEBUG_EFT_930S/tlmhmi.o (PaintGraphics)
C:/Program Files/SDK30/SDK 7.5.1/SDK/lib_gnu/eft30.lib(libgr35.o)
                              Obj/DEBUG_EFT_930S/tlmhmi.o (_clrscr)
C:/Program Files/SDK30/SDK 7.5.1/SDK/lib_gnu/eft30.lib(libgr40.o)
                              Obj/DEBUG_EFT_930S/tlmhmi.o (InitContexteGraphique)
C:/Program Files/SDK30/SDK 7.5.1/SDK/lib_gnu/eft30.lib(libgr41.o)
                              Obj/DEBUG_EFT_930S/sgm.o (DisplayBitmap)
C:/Program Files/SDK30/SDK 7.5.1/SDK/lib_gnu/eft30.lib(libgr49.o)
                              Obj/DEBUG_EFT_930S/sgm.o (GetDefaultFont)
C:/Program Files/SDK30/SDK 7.5.1/SDK/lib_gnu/eft30.lib(libgr54.o)
                              Obj/DEBUG_EFT_930S/tlmhmi.o (DefCurrentFont)
C:/Program Files/SDK30/SDK 7.5.1/SDK/lib_gnu/eft30.lib(libgr55.o)
                              Obj/DEBUG_EFT_930S/tlmhmi.o (DrawExtendedString8859)
C:/Program Files/SDK30/SDK 7.5.1/SDK/lib_gnu/eft30.lib(libgr58.o)
                              Obj/DEBUG_EFT_930S/tlmhmi.o (pprintf8859)
C:/Program Files/SDK30/SDK 7.5.1/SDK/lib_gnu/eft30.lib(libgr66.o)
                              Obj/DEBUG_EFT_930S/tlmhmi.o (GetExtendedPoliceSize)
C:/Program Files/SDK30/SDK 7.5.1/SDK/lib_gnu/eft30.lib(libgr68.o)
                              Obj/DEBUG_EFT_930S/tlmhmi.o (LoadFont)
C:/Program Files/SDK30/SDK 7.5.1/SDK/lib_gnu/eft30.lib(libgr7.o)
                              Obj/DEBUG_EFT_930S/tlmhmi.o (CreateGraphics)
C:/Program Files/SDK30/SDK 7.5.1/SDK/lib_gnu/eft30.lib(libgr8.o)
                              Obj/DEBUG_EFT_930S/tlmhmi.o (_SetPixel)
C:/Program Files/SDK30/SDK 7.5.1/SDK/lib_gnu/eft30.lib(libgr82.o)
                              Obj/DEBUG_EFT_930S/tlmhmi.o (PaintPrinterGraphics)
C:/Program Files/SDK30/SDK 7.5.1/SDK/lib_gnu/eft30.lib(libgr83.o)
                              Obj/DEBUG_EFT_930S/tlmhmi.o (InitPrinterBitmap)
C:/Program Files/SDK30/SDK 7.5.1/SDK/lib_gnu/eft30.lib(libgr86.o)
                              Obj/DEBUG_EFT_930S/tlmhmi.o (_pprintf8859XY)
C:/Program Files/SDK30/SDK 7.5.1/SDK/lib_gnu/eft30.lib(gprs.o)
[...]
Memory Configuration

Name             Origin             Length             Attributes
*default*        0x00000000         0xffffffff

Linker script and memory map

                0x00000000                . = 0x0
                0x00000000                __text_start = .

.text           0x00000000    0xa1980
 *(.first)
 .first         0x00000000       0xa0 Obj/DEBUG_EFT_930S/cstartup.o
                0x00000000                _start
 *(.text .text.*)
 .text          0x000000a0       0x18 Obj/DEBUG_EFT_930S/trc.o
                0x000000a0                errChk
 .text          0x000000b8     0x16dc Obj/DEBUG_EFT_930S/tbx.o
                0x00000a68                bufInit
                0x00000ad4                bufLen
                0x000000d8                wPtr
                0x00000ae8                bufReset
                0x00001380                queGetTag
                0x0000146c                bitOff
                0x00000ac0                bufPtr
                0x00000f68                queInit
                0x000010e8                queGet
                0x00000aac                bufDim
                0x00000fc4                quePut
                0x000000b8                bPtr
                0x00000830                hex2bin
                0x00000d0c                bufOwr
                0x00000efc                bufCpy
                0x000014d4                bitTest
                0x000004c0                num2hex
                0x000012b8                quePutTlv
                0x00000314                dec2num
                0x00000eb0                bufCat
                0x0000017c                num2dec
                0x00000f34                bufGet
                0x00000b14                bufSet
                0x00001220                queLen
                0x0000099c                num2bin
                0x00001674                tbxCheckParity
                0x00000f90                queReset
                0x000013b0                queGetTlv
                0x00000a30                tmrPause
                0x00001234                queRewind
                0x000011a4                queNxt
                0x000007a0                bin2hex
                0x000000f8                cPtr
                0x0000153c                tbxParity
                0x00000608                hex2num
                0x00000924                bin2num
                0x00000bb0                bufIns
                0x00000e78                bufApp
                0x00000dcc                bufDel
                0x00000114                dPtr
                0x00001254                quePutTag
                0x00001408                bitOn
 .text          0x00001794     0x1da4 Obj/DEBUG_EFT_930S/tlm.o
                0x00003198                tskStop
                0x00001d48                magGet
                0x0000194c                magStart
                0x000025ec                iccDetect
                0x000018d0                tmrSleep
                0x000030f8                tskStart
                0x00001940                Click
                0x00001794                tmrStart
                0x000024a4                sysRand
                0x0000188c                tmrStop
                0x00003090                semDec
                0x00003238                reboot
                0x00003248                getSapSer
                0x00001934                utaBeep
                0x00002b48                iccCommand
                0x0000217c                getCard
                0x00002df8                getTS
                0x00003024                semInc
                0x000033b8                getCodeFileList
                0x00001818                tmrGet
                0x000024b4                iccStart
                0x00002be4                getDateTime
                0x00003344                getAppName
                0x00002cdc                setDateTime
                0x00003014                tskSync
                0x00001f64                magStop
                0x00003478                getAppVer
                0x00002590                iccStop
 .text          0x00003538      0xe9c Obj/DEBUG_EFT_930S/tlmhmi.o
                0x000042dc                kbdStart
                0x000041a4                dspHgt
                0x00003c64                prtImg
                0x00003d18                dspStart
                0x00004364                kbdStop
                0x00004180                dspWdt
                0x0000438c                kbdKey
                0x000036dc                prtS
                0x00003640                prtStop
                0x00003e04                dspClear
                0x000041e0                dspImg
                0x00003eec                dspLS
                0x00003810                prtES
                0x0000367c                prtCtrl
                0x00003dc8                dspStop
                0x000035b4                prtStart
                0x00003e68                dspLight
                0x000040bc                dspXYFS
 .text          0x000043d4      0xc84 Obj/DEBUG_EFT_930S/tlmmem.o
                0x000048cc                nvmSet
                0x00004688                nvmHold
                0x00004c3c                nvmMove
                0x00004738                nvmSave
                0x00004ec4                nvmSeqPos
                0x00004408                nvmFileName
                0x00004e14                nvmSeqClose
                0x00004bd0                nvmSize
                0x000046fc                nvmRelease
                0x00004e58                nvmSeqRemove
                0x00004628                nvmRemove
                0x00004fc0                nvmSeqPut
                0x00004aac                nvmLoad
                0x00004d1c                nvmSeqOpen
                0x00004438                nvmPathFileName
                0x00004f40                nvmSeqGet
                0x00004470                nvmStart
 .text          0x00005058     0x1e4c Obj/DEBUG_EFT_930S/std.o
                0x000056c4                stdLuhnCheck
                0x00006850                BaseToDec
                0x000061c0                stdDES
                0x0000626c                stdDED
                0x00006c10                ts2dt
                0x00005510                stdPow
                0x000065b4                Radix64Decode
                0x00006950                stdOWF
                0x00005920                stdArgMsgCrc16
                0x00005058                isSorted
                0x00006218                stdEDE
                0x00005498                subStr
                0x00006d34                dt2ts
                0x00005998                xor
                0x00005630                stdGetAcc
                0x00005a14                stdParity
                0x00006350                hashJerkinsBin
                0x000055ac                trk2Lrc
                0x0000644c                bmpDat
                0x00006460                Radix64Encode
                0x000061ec                stdSED
                0x00006424                bmpHgt
                0x00005428                addStr
                0x0000555c                stdLrc
                0x000063fc                bmpWdt
                0x00005818                stdCrc16
 .text          0x00006ea4      0xc68 Obj/DEBUG_EFT_930S/fmt.o
                0x00007aa4                fmtDelSpace
                0x00007954                fmtDate
                0x00006f14                fmtTok
                0x000070a8                fmtCnt
                0x00006fc4                fmtPad
                0x00007680                fmtIns
                0x000078b4                fmtTcp
                0x000077a4                fmtDel
                0x000079fc                fmtTime
                0x000074f8                fmtMut
                0x00007294                fmtAmt
                0x00006ea4                fmtSbs
 .text          0x00007b0c     0x4958 Obj/DEBUG_EFT_930S/dba.o
                0x0000a6ac                idxApp
                0x0000974c                searchInit
                0x00008c80                tabGet
                0x00009184                recDim
                0x0000823c                dbaImport
                0x00009694                recMove
                0x00008c28                tabReset
                0x00008e58                tabExport
                0x00009700                recPos
                0x0000a8b8                idxLoad
                0x000098f8                linFind
                0x00009524                recExport
                0x00009198                recSize
                0x0000a3b8                idxIns
                0x0000c1c4                hshScanBeg
                0x0000b634                hshFind
                0x0000aa18                idxReset
                0x0000aaec                idxSet
                0x0000c070                hshClean
                0x0000c250                hshScanEnd
                0x00008d74                tabPut
                0x0000b81c                hshDel
                0x0000c288                hshScan
                0x00009a78                binFind
                0x00009bc4                idxInit
                0x00008bf8                tabSize
                0x0000b1f8                hshIns
                0x00009100                recCache
                0x00008b4c                tabCache
                0x00008bd0                tabDim
                0x00008f88                tabSave
                0x0000927c                recGet
                0x00009224                recReset
                0x000091b8                recFldFmt
                0x00007b0c                dbaSetPtr
                0x00009664                recSave
                0x00008f28                tabFlush
                0x000091f8                recFldLen
                0x00009634                recLoad
                0x00009604                recFlush
                0x00008f58                tabLoad
                0x0000a5ac                idxDel
                0x00008be4                tabWdt
                0x0000b0e0                hshReset
                0x0000afe0                hshInit
                0x00008ff8                recInit
                0x00008ab8                tabInit
                0x00009cac                idxDim
                0x0000a750                idxSave
                0x000093dc                recPut
                0x0000a6e4                idxSize
                0x00008c14                tabRowFmt
                0x00009cc0                idxFind
                0x0000a388                idxSort
                0x00007de0                dbaExport
 .text          0x0000c464     0x26a8 Obj/DEBUG_EFT_930S/drv.o
                0x0000c5b0                cntGet
                0x0000c6c4                cntPut
                0x0000d2b4                cmbInit
                0x0000c834                cvtLen
                0x0000c4f4                cntLen
                0x0000c464                cntInit
                0x0000d410                cmbLen
                0x0000d0d8                cvtPut
                0x0000e8f4                cmbGet
                0x0000c7bc                cvtInit
                0x0000d1cc                cvtGet
 .text          0x0000eb0c     0x3398 Obj/DEBUG_EFT_930S/dlg.o
                0x00011dd0                info
                0x0000fa18                enterStr2
                0x00010820                removeCard
                0x0000fbd8                enterData
                0x00011250                enterTxt3
                0x0000fb08                enterAmt
                0x00010878                DetectCard
                0x0000fa90                enterPwd
                0x0000fb94                enterTcp
                0x0000fa54                enterPhr
                0x0000eb44                dlgClick
                0x00010504                enterCard
                0x000108b4                enterTxt2
                0x00011e60                enterTime
                0x0000eb0c                stub
                0x0000f76c                enterFmtStrFarsi
                0x0000f9dc                enterStr
                0x00011e1c                enterDate
                0x0000facc                enterPwd2
                0x0000fc1c                enterTxt
                0x0000ed20                mnuSelect
 .text          0x00011ea4      0xbc0 Obj/DEBUG_EFT_930S/Main.o
                0x000129d0                entry
                0x00011ea4                Main
                0x000120ec                my_custom_message
                0x000129f8                state
                0x00012120                give_interface
 .text          0x00012a64      0xa00 Obj/DEBUG_EFT_930S/sgm.o
                0x00012c98                give_your_domain
                0x00012c04                is_name
                0x000131a4                file_received
                0x00012d08                is_change_init
                0x00012a64                more_function
                0x00012a98                idle_message
                0x00013428                debit_emv
                0x00012af8                is_delete
                0x000130d4                keyboard_event
                0x00012b8c                is_state
                0x0001338c                give_aid
                0x00012e80                debit_non_emv
                0x00013180                time_function
                0x00012f08                is_for_you_after
                0x000133bc                is_card_emv_for_you
                0x00012b1c                after_reset
 .text          0x00013464     0x4298 Obj/DEBUG_EFT_930S/map.o
                0x000172e8                mapExport
                0x00016fe0                mapLoad
                0x000157c0                mapGet
                0x00013874                relKey
                0x00017290                mapIns
                0x00016bf4                mapMove
                0x00014edc                mapReset
                0x000170b4                mapSave
                0x00014070                mapInit
                0x000138b0                getContainer
                0x00016798                mapDatFmt
                0x00015e04                mapPut
                0x000172bc                mapDel
                0x00016330                mapDatLen
                0x00017188                mapFlush
                0x00016e54                mapCache
                0x0001725c                mapFind
 .text          0x000176fc     0x4bb4 Obj/DEBUG_EFT_930S/dft.o
                0x0001bb80                dftReset
                0x00017708                getCmpTim
                0x000176fc                getCmpDat
 .text          0x0001c2b0     0x10dc Obj/DEBUG_EFT_930S/rpt.o
                0x0001c3fc                rptReceipt
 .text          0x0001d38c      0xeec Obj/DEBUG_EFT_930S/scr.o
                0x0001dfbc                scrDlg
                0x0001d858                usrInfo
 .text          0x0001e278      0xf7c Obj/DEBUG_EFT_930S/str.o
                0x0001e744                isReversibleSend
                0x0001f0c4                rloPrint
                0x0001e874                isReversibleRecv
                0x0001e278                traReset
                0x0001e63c                emvIsApproved
                0x0001e9a0                mapKeyTag
                0x0001f138                incCard
                0x0001e334                strFormatDatTim
                0x0001e4bc                strFormatTraDatTim
 .text          0x0001f1f4     0x2d70 Obj/DEBUG_EFT_930S/hdl.o
                0x00021b8c                hex_dump_char
                0x00021394                hdlBefore
                0x00021ef8                Fn100
                0x0002153c                hdlMagStripe
                0x000219dc                hdlWakeUp
                0x00021194                hdlPowerOn
                0x00021f54                viewLog
                0x000213c4                hdlAskMagStripe
                0x00021f44                FnTerminal
                0x000213b4                hdlAfter
                0x00021ed4                FnConnSetting
                0x00021f30                FnTMS
                0x00021080                hdlMainMenu
                0x00021ec0                FnCommunication
                0x00021ee8                Fn99
                0x00021678                hdlSmartCard
                0x00021b74                hdlTimer
 .text          0x00021f64     0x1834 Obj/DEBUG_EFT_930S/val.o
                0x00023178                valPwd
                0x00022c90                valLogIsNotFull
                0x0002307c                valTxnFound
                0x0002324c                valChipAllowed
                0x0002370c                ValBfSett
                0x00022e94                valAppliIsInit
                0x00022ae8                valCard
                0x00023000                valIsTrickleFeedEnabled
                0x00023084                valIsPrintRequired
                0x00022bd8                valAmount
                0x00023254                valFloorLimit
                0x00022e1c                valBaudRate
                0x000234c8                valAskPwd
                0x00022138                valBinLogoAssign
                0x00022d10                valConnSett
                0x00022ea4                valIsPinRequired
                0x00022d98                valDialOpt
                0x00022250                valBin
                0x00023180                valManualEntryAllowed
                0x00022e9c                valNoPendingSettlement
                0x00023244                valMagAllowed
                0x00021f64                valOpr
                0x00022f94                valIsTipAllowed
                0x00023604                valRspCod
 .text          0x00023798     0x5dd8 Obj/DEBUG_EFT_930S/adm.o
                0x00023798                admDlgClick
                0x00024fdc                admViewTotals
                0x00028d28                admMasterKey
                0x000288b8                admCmmEDHSetup
                0x00028ccc                admCmmGEncryption
                0x000294d4                admEDCFunction
                0x00028914                admCmmDTMF
                0x00028490                admCmmLineSetup
                0x000257f8                admViewBatchNum
                0x00027eb4                admTDT
                0x00026cf8                admViewTCPIPGprs
                0x0002604c                admTMSLoadParam
                0x000281c8                admCmmPrintSetting
                0x00025974                admViewBat
                0x0002454c                admRevReset
                0x00028068                admCmmViewSetting
                0x000244d4                admTCReset
                0x00026cb4                admTMSPrintConfig
                0x00028900                admCmmCountryCode
                0x00026b18                admTMSViewConfig
                0x000241dc                admChangePwd
                0x00025928                admSetStan
                0x000293e8                admBlowfish
                0x00025770                admViewRoc
                0x000271e8                admViewRs232
                0x00028d14                admCmmGAutoEnable
                0x0002780c                admTMSConfig
                0x00024378                admReset
                0x00028928                admCmmGConfigure
                0x00029260                admConnSettings
                0x00025868                admSetBatchNum
                0x0002388c                admEnterAPN
                0x00028054                admTermAppli
                0x000245b4                admInitRpt
                0x00027118                admViewDialup
                0x00024798                admSWver
                0x0002871c                admCmmIPSetup
                0x000258e4                admViewStan
                0x000257ac                admSetRoc
                0x000247d4                admViewTxn
 .text          0x00029570     0x416c Obj/DEBUG_EFT_930S/emv.o
                0x0002d458                emvFullProcessSet
                0x0002d21c                emvProcessing
                0x0002d0c4                emvReset
                0x000299e0                emvApplicationSelect
                0x0002d074                myMapPut
                0x00029570                emvInitAid
                0x0002d5a4                emvFullProcessCheck
                0x0002970c                emvMapAidMove
 .text          0x0002d6dc     0x2cb4 Obj/DEBUG_EFT_930S/function.o
                0x0002ea0c                CheckFallBack
                0x0002d77c                enterUang
                0x0002ec78                PrintIsoMsg
                0x0002d85c                enterAngka
                0x0002d90c                pmtPrepare
                0x0002e1e0                isIct220
                0x0002da5c                pmtPinManual
                0x0002e7b4                CetakMasterKey
                0x0002d6dc                enterHuruf
                0x0002dfac                udf_get_key_press
                0x0002dc78                debug_set
                0x0002e038                PrintInit
                0x0002eaa4                pmtEchoTest
                0x0002dd80                acceptable_key
                0x0002eef8                ICCDebug
                0x0002e2c4                PrintBinAndIssuerTable
                0x0002ef10                call_function
                0x0002ee68                debug_emv_set
                0x0002effc                displayResponse
                0x0002e838                hexDumpTMS
                0x00030344                FmtExpDat
                0x0002e5a0                AcquirerInfo
                0x0002de60                display_text
 .text          0x00030390       0x28 Obj/DEBUG_EFT_930S/iso.o
                0x00030390                isoFmt
 .text          0x000303b8     0x90c4 Obj/DEBUG_EFT_930S/log.o
                0x000333dc                briLogReset
                0x00033da8                logCalcTot
                0x00035e60                logSettlementRpt
                0x00032bec                logPrintTxn
                0x000391b8                setLogIsUploaded
                0x000383cc                logBatchTotals
                0x00036ce0                logPrintLog
                0x0003365c                copyUnmarkToBatch
                0x00039274                printAllLog
                0x000303b8                logSaveCurContext
                0x00033d90                logGetPreviousAmount
                0x000338bc                copyAllToBatch
                0x000334e4                markSettlementTrans
                0x00032f14                logDuplicata
                0x000313fc                logLoad
                0x000349f8                logConfirmTotals
                0x00033318                logReset
                0x0003330c                logSetDup
                0x000374f4                logHostTotals
                0x00033d88                logIsInBlackList
                0x00033aec                copyAllToTemporaryBatch
                0x000350f8                logSettlement
                0x00038a8c                pmtPrepaidSettlement
                0x00030d10                logSave
                0x000304b8                logLoadCurContext
                0x000393a4                printAllSetlleDuplicate
                0x00033cd4                batchSync
 .text          0x0003947c      0xd18 Obj/DEBUG_EFT_930S/onl.o
                0x00039d2c                DisconnectFromHost
                0x0003a184                onlConnect2
                0x00039d54                onlSession
                0x0003a0f0                tleSecond
 .text          0x0003a194     0x8894 Obj/DEBUG_EFT_930S/pmt.o
                0x0003eecc                pmtRefund
                0x0003eac0                pmtSaleRedeem
                0x0003f2a4                pmtAdjust
                0x0003b378                pmtTipInput
                0x0003afd0                pmtPinInput
                0x0003ec3c                pmtPreaut
                0x000424cc                pmtAbsen
                0x0003b1bc                pmtAmountInput
                0x0003e944                pmtSale
                0x0003f3f8                BlockPan
                0x0003ed84                pmtAut
                0x0003f124                pmtVoid
                0x0003f050                pmtOffline
                0x0003d160                pmtPayment
                0x0003f5a0                pmtBalance
                0x0003f4f4                pmtFallback
                0x0003f330                pmtManual
                0x0003a19c                pmtManInput
                0x0003a3e4                pmtCardInput
                0x0003abfc                pmtOldPinInput
                0x0003f7b0                pmtBRI
                0x0003f66c                pmtVoidTarikTunai
                0x000429fc                fmtAmtReceipt2
                0x0003d0b0                pmtIncrementInv
                0x0003ada4                pmtNewPinInput
                0x0003c7dc                dmyPmtSmartCard
                0x0003a194                pmtForceOnline
 .text          0x00042a28     0x4634 Obj/DEBUG_EFT_930S/req.o
                0x00046514                reqBuild
 .text          0x0004705c      0x334 Obj/DEBUG_EFT_930S/rev.o
                0x0004705c                revSave
                0x0004728c                tcSave
                0x00047174                reversalTransaction
 .text          0x00047390     0x8818 Obj/DEBUG_EFT_930S/rsp.o
                0x0004f9ec                rspParse
 .text          0x0004fba8     0x3b5c Obj/DEBUG_EFT_930S/tle.o
                0x00052fc8                checkMti
                0x000528c4                tleSession
                0x000529f4                doBRIReversal
                0x00052d50                checkMid
                0x000534b8                dumpIsoMessage
                0x00052e50                checkStan
                0x0005304c                procPrepaidUpload
                0x00052c58                checkTid
 .text          0x00053704     0x3aac Obj/DEBUG_EFT_930S/tlmchn.o
                0x00056ba8                comHangWait
                0x00056788                comRecvBuf
                0x00054e80                comSet
                0x00055aa0                comSendBuf
                0x00053778                parseIp
                0x00055d84                comRecv
                0x000555d0                comDial
                0x00057098                comGetIMEI
                0x00055828                comSend
                0x00056a3c                comHangStart
                0x00053704                parseStr
                0x00056f1c                comStop
                0x0005398c                comStart
                0x00056fc0                comGetIMSI
                0x00057180                comGetLastError
                0x00057198                comGetDialInfo
 .text          0x000571b0     0x149c Obj/DEBUG_EFT_930S/tlmcry.o
                0x0005803c                cryDiag
                0x00058558                cryDukptGetPinTSA
                0x00058460                cry3DESDukptGetPin
                0x00057370                cryStop
                0x00057618                cryLoadDKuDK
                0x00057db8                cryGetPin
                0x000580c4                tlmGetSer
                0x000581b4                cryDukptInit
                0x00057784                crySetPpd
                0x00057294                cryStart
                0x00058278                cryDukptGetPin
                0x00058374                cry3DESDukptInit
                0x00057f64                cryMac
                0x0005740c                cryLoadTestKey
                0x0005791c                ppdLS
                0x00057384                cryEraseKeysArray
                0x00057504                cryVerify
                0x00057908                ppdClear
                0x00057dac                getPinLen
                0x00057ea0                cryEmvPin
 .text          0x0005864c     0x3af8 Obj/DEBUG_EFT_930S/tlmemv.o
                0x0005acc4                emvAuthenticate
                0x0005b2f8                emvCVMstart
                0x0005b9bc                emvAnalyse
                0x0005b3f4                emvCVMnext
                0x00059e68                emvInit
                0x0005aa80                emvContext
                0x0005a934                emvGetLang
                0x0005b718                emvValidate
                0x0005a7e0                emvSetSelectResponse
                0x00058c54                emvGetFallBack
                0x0005bcac                emvComplete
                0x00058c14                emvSetFallBack
                0x0005bf20                emvGetAids
                0x0005a7d4                emvSetFSbuf
                0x0005c064                emvCheckCardBlocked
                0x0005a43c                emvSelect
                0x0005a388                emvSelectStatus
                0x0005b5c4                emvCVMoff
                0x0005a0ec                emvCheckFallback
                0x0005ab84                emvPrepare
                0x0005a8a8                emvFinalSelect
                0x0005a0c4                emvStop
                0x00059f88                emvStart
 .text          0x0005c144        0x4 Obj/DEBUG_EFT_930S/tcan0020.o
                0x0005c144                tcan0020
 .text          0x0005c148    0x2b0e4 Obj/DEBUG_EFT_930S/BRI.o
                0x00087120                briModifyPinEntry
                0x000869e0                viewMiniAtmLog
                0x0005e184                inputPembayaranKKBRI
                0x0006b6a0                parseField63
                0x0006b2d0                getField61
                0x00086cc0                parseField62
                0x00065540                inputInternetBankingPin
                0x00085b20                mLogReset
                0x00086a10                setDumpIsoMessage
                0x00060a84                KonfirmasiInfoSaldo8
                0x00066554                KonfirmasiInstallment
                0x00065f98                KonfirmasiKartuOtorisasi
                0x000600f4                inputPrepaidDeposit
                0x0005cf50                inputTransferSesamaBRI
                0x0006f0e4                briLogLoadByRoc
                0x000865c8                selectTerminalId
                0x0005fcb0                inputInstallment
                0x00061540                KonfirmasiPembayaranSPP
                0x0005cb04                pmtBRIKonfirmasiSesudahInquiry
                0x00086e14                setFirstPowerOnFlag
                0x0006e8a4                briLogSave
                0x000626b0                KonfirmasiPembayaranSSB
                0x0005c9a8                infoKodeBank
                0x000871f4                adaTransPembelian
                0x0005ed44                inputPembayaranPLN
                0x00086db8                resetLogonDateTime
                0x0005d460                inputPembayaranTV
                0x0005ce78                inputInfoSaldoBankLain
                0x0005dfd4                inputTrxTransfer
                0x0005d530                inputTiketPesawat
                0x00063874                KonfirmasiPembayaranKKCITI
                0x00086ef4                modifyMnuLayout
                0x0005c258                trimLeft
                0x00062fec                KonfirmasiPembayaranBriva2
                0x0005d978                inputPembayaranDPLKR
                0x000856c4                briPrintTotal
                0x0006e7e8                displayLongText
                0x0008569c                briPrintDetailToday
                0x00061a24                KonfirmasiPembayaranTiketPesawat
                0x00085db8                getJenisLog
                0x000855a0                briPrintDetail
                0x00064560                KonfirmasiTrxPulsa
                0x00065cdc                KonfirmasiRegistrasiInternetBanking
                0x00065eac                KonfirmasiRegistrasiPhoneBanking
                0x0005dc64                inputPembayaranBriva
                0x000666d0                getField48
                0x00063e24                KonfirmasiPembayaranKKRBS
                0x0005d888                inputPembayaranSSB
                0x000730e4                getBriTransTypeName
                0x0005f544                inputPembayaranPulsa
                0x00086014                getAllAcq
                0x0006a720                getIso57
                0x00063b4c                KonfirmasiPembayaranKKHSBC
                0x0006e770                downloadKey
                0x000658b0                inputReissuePIN
                0x000863c4                selectAcquirer1
                0x0006f574                briLogLoadByIndex
                0x000867d4                ShowData
                0x00086754                checkPendingSettlement
                0x0005f800                inputSetoran
                0x00086a00                viewTunaiLog
                0x00086e80                OptionEnabled
                0x0005d10c                inputTransferAntarBank
                0x000857c0                briPrintTotalToday
                0x00064b80                KonfirmasiPembayaranPLNPra
                0x000640fc                KonfirmasiPembayaranKKStanChar
                0x000656b0                inputGantiPasswordSPV
                0x00085c04                tLogReset
                0x0006a840                getField63
                0x00060e70                KonfirmasiSetoran
                0x00071fec                briLogPrintTotal
                0x0005dd4c                inputSmsBanking
                0x0005fb08                inputPembayaranZakat
                0x0006e15c                scrollDisplay
                0x00066070                KonfirmasiPembayaranPascaBayar
                0x0006133c                KonfirmasiPembayaranZakat
                0x00064f5c                KonfirmasiPembayaranPLN
                0x00085d4c                getBriReversalIdx
                0x00070238                viewBatch1
                0x0005ffb8                inputPembayaranPascaBayar
                0x0005e9cc                inputPembayaranKKStanChar
                0x000635b4                KonfirmasiPembayaranKKBRIBayar
                0x00062430                KonfirmasiPembayaranTelkom
                0x0005c3c4                convertBulan
                0x0006f84c                briLogLoadByDate
                0x00066320                KonfirmasiPembayaranPascaBayar8
                0x000611a0                KonfirmasiVoidTarikTunai
                0x00085e48                getAllTid
                0x0005f37c                inputPembayaranCicilan
                0x000630f4                KonfirmasiPembayaranKKBRI
                0x0005e25c                inputPembayaranKKANZ
                0x00072b1c                briLogPrintDetail
                0x0005c148                hapusAwalan
                0x000869f0                viewCardServiceLog
                0x00060c1c                KonfirmasiInfoSaldoLain8
                0x000857e8                briGetAcq
                0x000848c4                briLogPrintTxn
                0x0005ee1c                inputPembayaranPLNToken
                0x0005e7d0                inputPembayaranKKRBS
                0x0005c61c                isPembelianTransaction
                0x0005c200                trimRight
                0x0005efa8                inputPembayaranPLNPra
                0x0007248c                printDetail
                0x0006b5ec                parseField61
                0x0006d60c                scrollDisplay8
                0x00062904                KonfirmasiPembayaranDPLKR
                0x00060744                KonfirmasiPembayaranCicilan8
                0x00086194                selectAcquirer
                0x0006fba4                briViewBat
                0x0006369c                KonfirmasiPembayaranKKANZ
                0x00064678                KonfirmasiAbsensi
                0x0005c584                isBRITransaction
                0x00085cec                setBriReversalIdx
                0x0005e3d8                inputPembayaranKKCITI
                0x000617f8                KonfirmasiPembayaranTV
                0x00086b68                setDebugData
                0x0005e0ac                inputTrxPulsa
                0x0007056c                viewBatch2
                0x000604f4                KonfirmasiPembayaranPulsa
                0x00071e3c                strFormatDatTimBRI2
                0x00071cd0                strFormatDatTimBRI
                0x0006ecb4                briLogUpdate
                0x000602d8                KonfirmasiTransferAntarBank
                0x00062ab0                KonfirmasiPembayaranBriva
                0x0005d6e0                inputPembayaranTelkom
                0x0005d608                inputPembayaranPdam
                0x0005f288                KonfirmasiMinInput
                0x00061074                KonfirmasiTarikTunai
                0x0005cdf8                isBRIInquiryTransaction
                0x000708f0                briLogCalcTotal
                0x0005ca04                pmtBRIKonfirmasiTanpaInquiry
                0x00084284                briLogDuplicata
                0x00085a38                cLogReset
                0x0006b7f0                parseField48
                0x0007419c                briPrintData
                0x0005c694                whichBRITransaction
                0x0005f9e8                inputTarikTunai
                0x0005c720                pmtBRICustomInput
                0x0005c470                isBRISaveToBatch
                0x0005c94c                infoKodeUniv
                0x000601d0                KonfirmasiTransferSesamaBRI
                0x000659b4                KonfirmasiAktivasiKartu
                0x0006b578                parseField60
                0x00061f8c                KonfirmasiPembayaranPdam
                0x000643d4                KonfirmasiTrxTransfer
                0x0005c310                isBRIPrint
                0x0005ebc8                inputPembayaranSPP
                0x00084e48                briLogSaveCurContext
                0x0005db6c                inputRedeem
                0x00065dc0                KonfirmasiRegistrasiSmsBanking
                0x00085148                briLogLoadCurContext
                0x0005e5d4                inputPembayaranKKHSBC
 .text          0x0008722c     0x1b08 Obj/DEBUG_EFT_930S/AES.o
                0x000876cc                InvShiftRows
                0x00088ba0                AESLoadKey
                0x00087768                ShiftRows
                0x00087804                InvMixColumns
                0x00088a84                AESCipher
                0x00088c4c                AESEncrypt
                0x00088968                AESInvCipher
                0x00088734                MixColumns
                0x00088cc0                AESDecrypt
                0x0008765c                SubBytes
                0x000872c4                AESKeyExpansion
                0x0008722c                getSBoxInvert
                0x000875ec                InvSubBytes
                0x00087278                getSBoxValue
                0x00087560                AddRoundKey
 .text          0x00088d34     0x1010 Obj/DEBUG_EFT_930S/keyinject.o
                0x000891a8                injectOpenCom
                0x00089904                storeWorkingKey
                0x00089770                storeMasterKey
                0x00089590                loadTransportTest
                0x00089528                gen_random_data
                0x00089aa8                req4Key
                0x0008922c                injectCloseCom
 .text          0x00089d44     0x8f38 Obj/DEBUG_EFT_930S/prepaid.o
                0x0008d328                pmtPrepaidInit
                0x0008a290                checkResponseMessage
                0x000917f0                printPrepaidSummary
                0x0008a708                sendReceiveMessage
                0x00092430                getPrepaidNii
                0x0008c14c                reaktivasiInquiry
                0x0008b4c8                topUp
                0x00090b44                prepaidReprint
                0x0008a23c                closeCom
                0x00090b68                prepaidDateSummary
                0x0008f9a8                pmtPrepaidReaktivasi
                0x000926a4                getPrepaidCardInfo
                0x0008a408                buildMessage
                0x00090a64                isPrepaidTransaction
                0x0008cbe4                getPrepaidBatchNumber
                0x0008dd38                pmtPrepaidPaymentDisc
                0x0008bab4                redeem
                0x0008f15c                pmtPrepaidPrintLog
                0x0008ba98                redeemInquiry
                0x0008bbbc                infoKartu
                0x00092bb8                debugData
                0x00091fbc                prepaidSettlementReceipt
                0x0008cb90                getPrepaidRefNumber
                0x0008af54                displayAmount
                0x0008cd60                pmtBrizzi
                0x0008d200                autoSamInit
                0x0008d3ec                pmtPrepaidInfoSaldo
                0x0008ad08                infoInquiry
                0x0008ccb4                decString2Hex
                0x0008b7b0                prepaidAktivasi
                0x0008ec58                pmtPrepaidRedeem
                0x0008eb44                pmtPrepaidRedeemInquiry
                0x0008ab38                infoSaldo
                0x0008a90c                processToReader
                0x000912e8                printPrepaidRecDetail
                0x0008e69c                pmtPrepaidTopUp
                0x00090dec                prepaidPrintDetail
                0x00091e4c                prepaidBatchIncrement
                0x0008cb00                updatePrepaidRefNumber
                0x00092ad4                ubahTanggalKartuPrepaid
                0x0008bdcc                transLog
                0x0008fba4                pmtPrepaidVoidInquiry
                0x0008eca0                pmtPrepaidInfoKartu
                0x00092774                getPrepaidVoidTrans
                0x0008f800                pmtPrepaidReaktivasiInquiry
                0x000903b4                KonfirmasiPrepaidRedeem
                0x0008e510                pmtPrepaidInquiry
                0x000923c0                clearPrepaidReversalFlag
                0x0008b068                prepaidSale
                0x0008fd70                pmtPrepaidVoid
                0x00090a14                KonfirmasiPrepaidVoid
                0x0008cc38                xx_hex_dump
                0x0008c704                voidBrizzi
                0x00090c98                prepaidDateDetail
                0x0008e124                pmtPrepaidPayment
                0x00090634                KonfirmasiPrepaidReaktivasi
                0x00092300                doPrepaidReversal
                0x0008d784                pmtPrepaidInfoDeposit
                0x00090dcc                prepaidAllDetail
                0x0008ffc0                getPrepaidTidMid
                0x0008a1b8                openCom
                0x0008c9ec                ubahTanggal
                0x0008a9bc                samInit
                0x0008e8f4                pmtPrepaidAktivasiDeposit
                0x000901bc                selectPrepaidInit
                0x00090c8c                prepaidAllSummary
                0x0008c398                reaktivasi
 .text          0x00092c7c      0xb00 Obj/DEBUG_EFT_930S/logon.o
                0x00092c7c                DateToInt
                0x00092dfc                debitLogon
                0x00092da4                TimeToInt
 .text          0x0009377c       0x68 Obj/DEBUG_EFT_930S/rsagen.o
                0x0009377c                RSAKeyPair
 .text          0x000937e4      0x794 Obj/DEBUG_EFT_930S/prsa.o
                0x00093d3c                ConvertHexStringToData
                0x00093b2c                rsa_free
                0x000937e4                rsa_initialization
                0x00093de4                genRSAKeyPair
                0x00093c7c                ha_to_i
                0x00093bc0                a_to_hc
                0x00093824                rsa_gen_key
 .text          0x00093f78     0x6574 Obj/DEBUG_EFT_930S/bignum.o
                0x00095a90                mpi_sub_mpi
                0x000940d0                mpi_copy
                0x00098484                mpi_div_mpi
                0x0009426c                mpi_get_bit
                0x00095be4                mpi_sub_int
                0x00098c58                mpi_div_int
                0x0009843c                mpi_mul_int
                0x00098290                mpi_mul_mpi
                0x0009558c                mpi_add_abs
                0x00093f78                mpi_init
                0x00094420                mpi_msb
                0x000959b8                mpi_add_mpi
                0x00095518                mpi_cmp_int
                0x00095b68                mpi_add_int
                0x00099170                mpi_exp_mod
                0x00094398                mpi_lsb
                0x00094008                mpi_grow
                0x00098dac                mpi_mod_int
                0x0009a2c4                mpi_gen_prime
                0x00094c14                mpi_write_file
                0x00098ce4                mpi_mod_mpi
                0x00094db0                mpi_read_binary
                0x00094198                mpi_swap
                0x00094aac                mpi_read_file
                0x000941dc                mpi_lset
                0x00094f68                mpi_shift_l
                0x000944b0                mpi_size
                0x000958b0                mpi_sub_abs
                0x000942b8                mpi_set_bit
                0x00099a44                mpi_inv_mod
                0x00095260                mpi_cmp_abs
                0x000999a0                mpi_fill_random
                0x000948b8                mpi_write_string
                0x00095108                mpi_shift_r
                0x00094578                mpi_read_string
                0x00093fa8                mpi_free
                0x00099ed4                mpi_is_prime
                0x000997a4                mpi_gcd
                0x00094eb0                mpi_write_binary
                0x0009539c                mpi_cmp_mpi
 .text          0x0009a4ec     0x2f8c Obj/DEBUG_EFT_930S/havege.o
                0x0009d3c8                havege_init
                0x0009d3f4                havege_rand
 .text          0x0009d478       0x10 Obj/DEBUG_EFT_930S/timing.o
                0x0009d478                hardclock
 .text          0x0009d488       0x60 C:/Program Files/SDK30/SDK 7.5.1/SDK/lib_gnu/eft30.lib(atoi.o)
                0x0009d488                atol
                0x0009d4dc                atoi
 .text          0x0009d4e8       0x44 C:/Program Files/SDK30/SDK 7.5.1/SDK/lib_gnu/eft30.lib(extens119.o)
                0x0009d4e8                StateHeader
 .text          0x0009d52c       0x4c C:/Program Files/SDK30/SDK 7.5.1/SDK/lib_gnu/eft30.lib(extens53.o)
                0x0009d52c                d_tolong
 .text          0x0009d578       0xc8 C:/Program Files/SDK30/SDK 7.5.1/SDK/lib_gnu/eft30.lib(extens87.o)
                0x0009d578                USR_ServiceCall
                0x0009d5dc                USQ_ServiceCall
 .text          0x0009d640       0x4c C:/Program Files/SDK30/SDK 7.5.1/SDK/lib_gnu/eft30.lib(extens89.o)
                0x0009d640                GetSemaphoreUser
 .text          0x0009d68c       0x4c C:/Program Files/SDK30/SDK 7.5.1/SDK/lib_gnu/eft30.lib(extens90.o)
                0x0009d68c                FreeSemaphoreUser
 .text          0x0009d6d8       0x4c C:/Program Files/SDK30/SDK 7.5.1/SDK/lib_gnu/eft30.lib(extens93.o)
                0x0009d6d8                GetDelayUser
 .text          0x0009d724       0x4c C:/Program Files/SDK30/SDK 7.5.1/SDK/lib_gnu/eft30.lib(extens94.o)
                0x0009d724                FreeDelayUser
 .text          0x0009d770       0x48 C:/Program Files/SDK30/SDK 7.5.1/SDK/lib_gnu/eft30.lib(param17.o)
                0x0009d770                PSQ_Donner_noserie
 .text          0x0009d7b8       0x48 C:/Program Files/SDK30/SDK 7.5.1/SDK/lib_gnu/eft30.lib(param72.o)
                0x0009d7b8                PSQ_donner_type_pinpad
 .text          0x0009d800       0x48 C:/Program Files/SDK30/SDK 7.5.1/SDK/lib_gnu/eft30.lib(pinpad10.o)
                0x0009d800                PPS_firstline
 .text          0x0009d848       0x4c C:/Program Files/SDK30/SDK 7.5.1/SDK/lib_gnu/eft30.lib(pinpad12.o)
                0x0009d848                PPS_Display
 .text          0x0009d894       0x4c C:/Program Files/SDK30/SDK 7.5.1/SDK/lib_gnu/eft30.lib(pinpad15.o)
                0x0009d894                PPS_clear_display
 .text          0x0009d8e0       0x48 C:/Program Files/SDK30/SDK 7.5.1/SDK/lib_gnu/eft30.lib(pinpad8.o)
                0x0009d8e0                PPS_newline
 .text          0x0009d928       0x48 C:/Program Files/SDK30/SDK 7.5.1/SDK/lib_gnu/eft30.lib(pinpad9.o)
                0x0009d928                PPS_clearline
 .text          0x0009d970       0x50 C:/Program Files/SDK30/SDK 7.5.1/SDK/lib_gnu/eft30.lib(sv21.o)
                0x0009d970                SV_input_command
 .text          0x0009d9c0       0x50 C:/Program Files/SDK30/SDK 7.5.1/SDK/lib_gnu/eft30.lib(sv22.o)
                0x0009d9c0                SV_output_command
 .text          0x0009da10       0x50 C:/Program Files/SDK30/SDK 7.5.1/SDK/lib_gnu/eft30.lib(sv23.o)
                0x0009da10                SV_power_on
 .text          0x0009da60       0x4c C:/Program Files/SDK30/SDK 7.5.1/SDK/lib_gnu/eft30.lib(sv24.o)
                0x0009da60                SV_read_date
 .text          0x0009daac       0x4c C:/Program Files/SDK30/SDK 7.5.1/SDK/lib_gnu/eft30.lib(sv25.o)
                0x0009daac                SV_write_date
 .text          0x0009daf8       0x88 C:/Program Files/SDK30/SDK 7.5.1/SDK/lib_gnu/eft30.lib(libgr1.o)
                0x0009db3c                _PaintGraphics
                0x0009daf8                PaintGraphics
 .text          0x0009db80       0x48 C:/Program Files/SDK30/SDK 7.5.1/SDK/lib_gnu/eft30.lib(libgr35.o)
                0x0009db80                _clrscr
 .text          0x0009dbc8       0x4c C:/Program Files/SDK30/SDK 7.5.1/SDK/lib_gnu/eft30.lib(libgr40.o)
                0x0009dbc8                InitContexteGraphique
 .text          0x0009dc14       0x60 C:/Program Files/SDK30/SDK 7.5.1/SDK/lib_gnu/eft30.lib(libgr41.o)
                0x0009dc14                DisplayBitmap
 .text          0x0009dc74       0x48 C:/Program Files/SDK30/SDK 7.5.1/SDK/lib_gnu/eft30.lib(libgr49.o)
                0x0009dc74                GetDefaultFont
 .text          0x0009dcbc       0x4c C:/Program Files/SDK30/SDK 7.5.1/SDK/lib_gnu/eft30.lib(libgr54.o)
                0x0009dcbc                DefCurrentFont
 .text          0x0009dd08       0x64 C:/Program Files/SDK30/SDK 7.5.1/SDK/lib_gnu/eft30.lib(libgr55.o)
                0x0009dd08                DrawExtendedString8859
 .text          0x0009dd6c       0x5c C:/Program Files/SDK30/SDK 7.5.1/SDK/lib_gnu/eft30.lib(libgr58.o)
                0x0009dd6c                pprintf8859
 .text          0x0009ddc8       0x4c C:/Program Files/SDK30/SDK 7.5.1/SDK/lib_gnu/eft30.lib(libgr66.o)
                0x0009ddc8                GetExtendedPoliceSize
 .text          0x0009de14       0x4c C:/Program Files/SDK30/SDK 7.5.1/SDK/lib_gnu/eft30.lib(libgr68.o)
                0x0009de14                LoadFont
 .text          0x0009de60       0x4c C:/Program Files/SDK30/SDK 7.5.1/SDK/lib_gnu/eft30.lib(libgr7.o)
                0x0009de60                CreateGraphics
 .text          0x0009deac       0x54 C:/Program Files/SDK30/SDK 7.5.1/SDK/lib_gnu/eft30.lib(libgr8.o)
                0x0009deac                _SetPixel
 .text          0x0009df00       0x48 C:/Program Files/SDK30/SDK 7.5.1/SDK/lib_gnu/eft30.lib(libgr82.o)
                0x0009df00                PaintPrinterGraphics
 .text          0x0009df48       0x4c C:/Program Files/SDK30/SDK 7.5.1/SDK/lib_gnu/eft30.lib(libgr83.o)
                0x0009df48                InitPrinterBitmap
 .text          0x0009df94       0x64 C:/Program Files/SDK30/SDK 7.5.1/SDK/lib_gnu/eft30.lib(libgr86.o)
                0x0009df94                _pprintf8859XY
 .text          0x0009dff8       0x80 C:/Program Files/SDK30/SDK 7.5.1/SDK/lib_gnu/eft30.lib(gprs.o)
                0x0009dff8                gprslib_open
 .text          0x0009e078      0x19c C:/Program Files/SDK30/SDK 7.5.1/SDK/lib_gnu/eft30.lib(LibAppli.o)
                0x0009e168                putchar
                0x0009e0cc                printf
                0x0009e0f0                format
                0x0009e180                puts
                0x0009e078                fprintf
                0x0009e094                vprintf
                0x0009e194                InitGK
                0x0009e0b0                sprintf
                0x0009e1c0                WaitOnError
                0x0009e10c                OEM_exit_asm
                0x0009e118                __stdprt
                0x0009e210                InitVar_vide
                0x0009e1b0                TrapResetDiv0
                0x0009e130                pprintf
 .text          0x0009e214       0xb0 C:/Program Files/SDK30/SDK 7.5.1/SDK/lib_gnu/eft30.lib(ctype.o)
                0x0009e224                islower
                0x0009e274                ispunct
                0x0009e264                isspace
                0x0009e254                isxdigit
                0x0009e214                isupper
                0x0009e234                isalpha
                0x0009e294                isgraph
                0x0009e284                isalnum
                0x0009e2a4                isprint
                0x0009e244                isdigit
                0x0009e2b4                iscntrl
 .text          0x0009e2c4       0x5c C:/Program Files/SDK30/SDK 7.5.1/SDK/lib_gnu/eft30.lib(extens.o)
                0x0009e310                extenslib_close
                0x0009e2c4                extenslib_open
 .text          0x0009e320       0x5c C:/Program Files/SDK30/SDK 7.5.1/SDK/lib_gnu/eft30.lib(param.o)
                0x0009e320                paramlib_open
                0x0009e36c                paramlib_close
 .text          0x0009e37c       0x5c C:/Program Files/SDK30/SDK 7.5.1/SDK/lib_gnu/eft30.lib(pinpad.o)
                0x0009e37c                pinpadlib_open
                0x0009e3c8                pinpadlib_close
 .text          0x0009e3d8       0x5c C:/Program Files/SDK30/SDK 7.5.1/SDK/lib_gnu/eft30.lib(sv.o)
                0x0009e3d8                svlib_open
                0x0009e424                svlib_close
 .text          0x0009e434       0x5c C:/Program Files/SDK30/SDK 7.5.1/SDK/lib_gnu/eft30.lib(libgr.o)
                0x0009e434                libgrlib_open
                0x0009e480                libgrlib_close
 .text          0x0009e490       0x10 C:/Program Files/SDK30/SDK 7.5.1/SDK/lib_gnu/trap.lib(trap_1302___STDOUT.o)
                0x0009e490                __STDOUT
 .text          0x0009e4a0       0x10 C:/Program Files/SDK30/SDK 7.5.1/SDK/lib_gnu/trap.lib(trap_1303_OS_rtc_CurrentTask.o)
                0x0009e4a0                OS_rtc_CurrentTask
 .text          0x0009e4b0       0x10 C:/Program Files/SDK30/SDK 7.5.1/SDK/lib_gnu/trap.lib(trap_1307_OS_rtc_V.o)
                0x0009e4b0                OS_rtc_V
 .text          0x0009e4c0       0x10 C:/Program Files/SDK30/SDK 7.5.1/SDK/lib_gnu/trap.lib(trap_1308_OS_rtc_P.o)
                0x0009e4c0                OS_rtc_P
 .text          0x0009e4d0       0x10 C:/Program Files/SDK30/SDK 7.5.1/SDK/lib_gnu/trap.lib(trap_1309_OS_rtc_StartLDelay.o)
                0x0009e4d0                OS_rtc_StartLDelay
 .text          0x0009e4e0       0x10 C:/Program Files/SDK30/SDK 7.5.1/SDK/lib_gnu/trap.lib(trap_130A_OS_rtc_StopDelay.o)
                0x0009e4e0                OS_rtc_StopDelay
 .text          0x0009e4f0       0x10 C:/Program Files/SDK30/SDK 7.5.1/SDK/lib_gnu/trap.lib(trap_130D_OS_rtc_InitSemaphore.o)
                0x0009e4f0                OS_rtc_InitSemaphore
 .text          0x0009e500       0x10 C:/Program Files/SDK30/SDK 7.5.1/SDK/lib_gnu/trap.lib(trap_1313_fclose.o)
                0x0009e500                fclose
 .text          0x0009e510       0x10 C:/Program Files/SDK30/SDK 7.5.1/SDK/lib_gnu/trap.lib(trap_1314_fopen.o)
                0x0009e510                fopen
 .text          0x0009e520       0x10 C:/Program Files/SDK30/SDK 7.5.1/SDK/lib_gnu/trap.lib(trap_1316_fwrite.o)
                0x0009e520                fwrite
 .text          0x0009e530       0x10 C:/Program Files/SDK30/SDK 7.5.1/SDK/lib_gnu/trap.lib(trap_1319_getc.o)
                0x0009e530                getc
 .text          0x0009e540       0x10 C:/Program Files/SDK30/SDK 7.5.1/SDK/lib_gnu/trap.lib(trap_131A_reset_buf.o)
                0x0009e540                reset_buf
 .text          0x0009e550       0x10 C:/Program Files/SDK30/SDK 7.5.1/SDK/lib_gnu/trap.lib(trap_131B___STDIN.o)
                0x0009e550                __STDIN
 .text          0x0009e560       0x10 C:/Program Files/SDK30/SDK 7.5.1/SDK/lib_gnu/trap.lib(trap_131E_status.o)
                0x0009e560                status
 .text          0x0009e570       0x10 C:/Program Files/SDK30/SDK 7.5.1/SDK/lib_gnu/trap.lib(trap_1320_gotoxy.o)
                0x0009e570                gotoxy
 .text          0x0009e580       0x10 C:/Program Files/SDK30/SDK 7.5.1/SDK/lib_gnu/trap.lib(trap_1323__vfprintf.o)
                0x0009e580                _vfprintf
 .text          0x0009e590       0x10 C:/Program Files/SDK30/SDK 7.5.1/SDK/lib_gnu/trap.lib(trap_1324_vsprintf.o)
                0x0009e590                vsprintf
 .text          0x0009e5a0       0x10 C:/Program Files/SDK30/SDK 7.5.1/SDK/lib_gnu/trap.lib(trap_1325_fgets.o)
                0x0009e5a0                fgets
 .text          0x0009e5b0       0x10 C:/Program Files/SDK30/SDK 7.5.1/SDK/lib_gnu/trap.lib(trap_1328_putc.o)
                0x0009e5b0                putc
 .text          0x0009e5c0       0x10 C:/Program Files/SDK30/SDK 7.5.1/SDK/lib_gnu/trap.lib(trap_1329_ttestall.o)
                0x0009e5c0                ttestall
 .text          0x0009e5d0       0x10 C:/Program Files/SDK30/SDK 7.5.1/SDK/lib_gnu/trap.lib(trap_132A_fork.o)
                0x0009e5d0                fork
 .text          0x0009e5e0       0x10 C:/Program Files/SDK30/SDK 7.5.1/SDK/lib_gnu/trap.lib(trap_132B_kill.o)
                0x0009e5e0                kill
 .text          0x0009e5f0       0x10 C:/Program Files/SDK30/SDK 7.5.1/SDK/lib_gnu/trap.lib(trap_132C_FormatOem.o)
                0x0009e5f0                FormatOem
 .text          0x0009e600       0x10 C:/Program Files/SDK30/SDK 7.5.1/SDK/lib_gnu/trap.lib(trap_1332_EMV_apdu.o)
                0x0009e600                EMV_apdu
 .text          0x0009e610       0x10 C:/Program Files/SDK30/SDK 7.5.1/SDK/lib_gnu/trap.lib(trap_1335_EMV_power_on.o)
                0x0009e610                EMV_power_on
 .text          0x0009e620       0x10 C:/Program Files/SDK30/SDK 7.5.1/SDK/lib_gnu/trap.lib(trap_133C_memcpy.o)
                0x0009e620                memcpy
 .text          0x0009e630       0x10 C:/Program Files/SDK30/SDK 7.5.1/SDK/lib_gnu/trap.lib(trap_133D_memmove.o)
                0x0009e630                memmove
 .text          0x0009e640       0x10 C:/Program Files/SDK30/SDK 7.5.1/SDK/lib_gnu/trap.lib(trap_133E_strcpy.o)
                0x0009e640                strcpy
 .text          0x0009e650       0x10 C:/Program Files/SDK30/SDK 7.5.1/SDK/lib_gnu/trap.lib(trap_133F_strncpy.o)
                0x0009e650                strncpy
 .text          0x0009e660       0x10 C:/Program Files/SDK30/SDK 7.5.1/SDK/lib_gnu/trap.lib(trap_1340_strcat.o)
                0x0009e660                strcat
 .text          0x0009e670       0x10 C:/Program Files/SDK30/SDK 7.5.1/SDK/lib_gnu/trap.lib(trap_1342_memcmp.o)
                0x0009e670                memcmp
 .text          0x0009e680       0x10 C:/Program Files/SDK30/SDK 7.5.1/SDK/lib_gnu/trap.lib(trap_1343_strcmp.o)
                0x0009e680                strcmp
 .text          0x0009e690       0x10 C:/Program Files/SDK30/SDK 7.5.1/SDK/lib_gnu/trap.lib(trap_1346_memset.o)
                0x0009e690                memset
 .text          0x0009e6a0       0x10 C:/Program Files/SDK30/SDK 7.5.1/SDK/lib_gnu/trap.lib(trap_1348_ObjectGetInfo.o)
                0x0009e6a0                ObjectGetInfo
 .text          0x0009e6b0       0x10 C:/Program Files/SDK30/SDK 7.5.1/SDK/lib_gnu/trap.lib(trap_1349_ObjectLoad.o)
                0x0009e6b0                ObjectLoad
 .text          0x0009e6c0       0x10 C:/Program Files/SDK30/SDK 7.5.1/SDK/lib_gnu/trap.lib(trap_134D_ServiceRegister.o)
                0x0009e6c0                ServiceRegister
 .text          0x0009e6d0       0x10 C:/Program Files/SDK30/SDK 7.5.1/SDK/lib_gnu/trap.lib(trap_134E_ServiceGet.o)
                0x0009e6d0                ServiceGet
 .text          0x0009e6e0       0x10 C:/Program Files/SDK30/SDK 7.5.1/SDK/lib_gnu/trap.lib(trap_1350_DllLink.o)
                0x0009e6e0                DllLink
 .text          0x0009e6f0       0x10 C:/Program Files/SDK30/SDK 7.5.1/SDK/lib_gnu/trap.lib(trap_1352_DllUnlink.o)
                0x0009e6f0                DllUnlink
 .text          0x0009e700       0x10 C:/Program Files/SDK30/SDK 7.5.1/SDK/lib_gnu/trap.lib(trap_1356_stdperif.o)
                0x0009e700                stdperif
 .text          0x0009e710       0x10 C:/Program Files/SDK30/SDK 7.5.1/SDK/lib_gnu/trap.lib(trap_135B_StartRetroEclairage.o)
                0x0009e710                StartRetroEclairage
 .text          0x0009e720       0x10 C:/Program Files/SDK30/SDK 7.5.1/SDK/lib_gnu/trap.lib(trap_135C_StopRetroEclairage.o)
                0x0009e720                StopRetroEclairage
 .text          0x0009e730       0x10 C:/Program Files/SDK30/SDK 7.5.1/SDK/lib_gnu/trap.lib(trap_1369_startupcv20.o)
                0x0009e730                startupcv20
 .text          0x0009e740       0x10 C:/Program Files/SDK30/SDK 7.5.1/SDK/lib_gnu/trap.lib(trap_1373_ctrl_date.o)
                0x0009e740                ctrl_date
 .text          0x0009e750       0x10 C:/Program Files/SDK30/SDK 7.5.1/SDK/lib_gnu/trap.lib(trap_1374_defprinterpattern.o)
                0x0009e750                defprinterpattern
 .text          0x0009e760       0x10 C:/Program Files/SDK30/SDK 7.5.1/SDK/lib_gnu/trap.lib(trap_1375_download.o)
                0x0009e760                download
 .text          0x0009e770       0x10 C:/Program Files/SDK30/SDK 7.5.1/SDK/lib_gnu/trap.lib(trap_1378_OEM_exit.o)
                0x0009e770                OEM_exit
 .text          0x0009e780       0x10 C:/Program Files/SDK30/SDK 7.5.1/SDK/lib_gnu/trap.lib(trap_137B_is_iso2.o)
                0x0009e780                is_iso2
 .text          0x0009e790       0x10 C:/Program Files/SDK30/SDK 7.5.1/SDK/lib_gnu/trap.lib(trap_137C_is_iso3.o)
                0x0009e790                is_iso3
 .text          0x0009e7a0       0x10 C:/Program Files/SDK30/SDK 7.5.1/SDK/lib_gnu/trap.lib(trap_137D_is_iso1.o)
                0x0009e7a0                is_iso1
 .text          0x0009e7b0       0x10 C:/Program Files/SDK30/SDK 7.5.1/SDK/lib_gnu/trap.lib(trap_138B_FS_dskcreate.o)
                0x0009e7b0                FS_dskcreate
 .text          0x0009e7c0       0x10 C:/Program Files/SDK30/SDK 7.5.1/SDK/lib_gnu/trap.lib(trap_138D_FS_mount.o)
                0x0009e7c0                FS_mount
 .text          0x0009e7d0       0x10 C:/Program Files/SDK30/SDK 7.5.1/SDK/lib_gnu/trap.lib(trap_138E_FS_unmount.o)
                0x0009e7d0                FS_unmount
 .text          0x0009e7e0       0x10 C:/Program Files/SDK30/SDK 7.5.1/SDK/lib_gnu/trap.lib(trap_1395_FS_opendir.o)
                0x0009e7e0                FS_opendir
 .text          0x0009e7f0       0x10 C:/Program Files/SDK30/SDK 7.5.1/SDK/lib_gnu/trap.lib(trap_1396_FS_readdir.o)
                0x0009e7f0                FS_readdir
 .text          0x0009e800       0x10 C:/Program Files/SDK30/SDK 7.5.1/SDK/lib_gnu/trap.lib(trap_1397_FS_closedir.o)
                0x0009e800                FS_closedir
 .text          0x0009e810       0x10 C:/Program Files/SDK30/SDK 7.5.1/SDK/lib_gnu/trap.lib(trap_1398_FS_rename.o)
                0x0009e810                FS_rename
 .text          0x0009e820       0x10 C:/Program Files/SDK30/SDK 7.5.1/SDK/lib_gnu/trap.lib(trap_1399_FS_unlink.o)
                0x0009e820                FS_unlink
 .text          0x0009e830       0x10 C:/Program Files/SDK30/SDK 7.5.1/SDK/lib_gnu/trap.lib(trap_139B_FS_open.o)
                0x0009e830                FS_open
 .text          0x0009e840       0x10 C:/Program Files/SDK30/SDK 7.5.1/SDK/lib_gnu/trap.lib(trap_139C_FS_close.o)
                0x0009e840                FS_close
 .text          0x0009e850       0x10 C:/Program Files/SDK30/SDK 7.5.1/SDK/lib_gnu/trap.lib(trap_139D_FS_read.o)
                0x0009e850                FS_read
 .text          0x0009e860       0x10 C:/Program Files/SDK30/SDK 7.5.1/SDK/lib_gnu/trap.lib(trap_139E_FS_write.o)
                0x0009e860                FS_write
 .text          0x0009e870       0x10 C:/Program Files/SDK30/SDK 7.5.1/SDK/lib_gnu/trap.lib(trap_139F_FS_flush.o)
                0x0009e870                FS_flush
 .text          0x0009e880       0x10 C:/Program Files/SDK30/SDK 7.5.1/SDK/lib_gnu/trap.lib(trap_13A1_FS_length.o)
                0x0009e880                FS_length
 .text          0x0009e890       0x10 C:/Program Files/SDK30/SDK 7.5.1/SDK/lib_gnu/trap.lib(trap_13A2_FS_seek.o)
                0x0009e890                FS_seek
 .text          0x0009e8a0       0x10 C:/Program Files/SDK30/SDK 7.5.1/SDK/lib_gnu/trap.lib(trap_13A8_info_seg.o)
                0x0009e8a0                info_seg
 .text          0x0009e8b0       0x10 C:/Program Files/SDK30/SDK 7.5.1/SDK/lib_gnu/trap.lib(trap_13AA_num_seg.o)
                0x0009e8b0                num_seg
 .text          0x0009e8c0       0x10 C:/Program Files/SDK30/SDK 7.5.1/SDK/lib_gnu/trap.lib(trap_13AB_first_init.o)
                0x0009e8c0                first_init
 .text          0x0009e8d0       0x10 C:/Program Files/SDK30/SDK 7.5.1/SDK/lib_gnu/trap.lib(trap_13B2_ApplicationGetCurrent.o)
                0x0009e8d0                ApplicationGetCurrent
 .text          0x0009e8e0       0x10 C:/Program Files/SDK30/SDK 7.5.1/SDK/lib_gnu/trap.lib(trap_13B9_buzzer.o)
                0x0009e8e0                buzzer
 .text          0x0009e8f0       0x10 C:/Program Files/SDK30/SDK 7.5.1/SDK/lib_gnu/trap.lib(trap_13BE_GiveNoTask.o)
                0x0009e8f0                GiveNoTask
 .text          0x0009e900       0x10 C:/Program Files/SDK30/SDK 7.5.1/SDK/lib_gnu/trap.lib(trap_13C2_InitGkDrv.o)
                0x0009e900                InitGkDrv
 .text          0x0009e910       0x10 C:/Program Files/SDK30/SDK 7.5.1/SDK/lib_gnu/trap.lib(trap_13CE_closesocket.o)
                0x0009e910                closesocket
 .text          0x0009e920       0x10 C:/Program Files/SDK30/SDK 7.5.1/SDK/lib_gnu/trap.lib(trap_13CF_connect.o)
                0x0009e920                connect
 .text          0x0009e930       0x10 C:/Program Files/SDK30/SDK 7.5.1/SDK/lib_gnu/trap.lib(trap_13D6_shutdownsocket.o)
                0x0009e930                shutdownsocket
 .text          0x0009e940       0x10 C:/Program Files/SDK30/SDK 7.5.1/SDK/lib_gnu/trap.lib(trap_13D7_socket.o)
                0x0009e940                socket
 .text          0x0009e950       0x10 C:/Program Files/SDK30/SDK 7.5.1/SDK/lib_gnu/trap.lib(trap_1406_umalloc.o)
                0x0009e950                umalloc
 .text          0x0009e960       0x10 C:/Program Files/SDK30/SDK 7.5.1/SDK/lib_gnu/trap.lib(trap_1407_ufree.o)
                0x0009e960                ufree
 .text          0x0009e970       0x10 C:/Program Files/SDK30/SDK 7.5.1/SDK/lib_gnu/trap.lib(trap_1414_fioctl.o)
                0x0009e970                fioctl
 .text          0x0009e980       0x10 C:/Program Files/SDK30/SDK 7.5.1/SDK/lib_gnu/trap.lib(trap_1426_get_tick_counter.o)
                0x0009e980                get_tick_counter
 .text          0x0009e990       0x10 C:/Program Files/SDK30/SDK 7.5.1/SDK/lib_gnu/trap.lib(trap_1432_SystemFioctl.o)
                0x0009e990                SystemFioctl
 .text          0x0009e9a0      0x168 C:/Program Files/SDK30/SDK 7.5.1/SDK/lib_gnu/AVL.lib(Proxy.o)
                0x0009eaf0                TlvTree_SetTag
                0x0009eafc                TlvTree_Copy
                0x0009ea18                TlvTree_Serialize
                0x0009ea84                TlvTree_GetTag
                0x0009ea90                TlvTree_GetLength
                0x0009ea78                TlvTree_GetNext
                0x0009ea48                TlvTree_Iterate
                0x0009ea6c                TlvTree_GetParent
                0x0009e9ac                TlvTree_AddChild
                0x0009e9b8                TlvTree_AddChildInteger
                0x0009ead0                TlvTree_SetDataInteger
                0x0009ea3c                TlvTree_Find
                0x0009e9d4                TlvTree_AddChildString
                0x0009ea30                TlvTree_Unserialize
                0x0009ea9c                TlvTree_GetData
                0x0009eaa8                TlvTree_SetData
                0x0009ea60                TlvTree_GetFirstChild
                0x0009eab4                TlvTree_SetDataString
                0x0009ea24                TlvTree_GetSerializationSize
                0x0009ea0c                TlvTree_Release
                0x0009e9f4                TlvTree_Graft
                0x0009e9a0                TlvTree_New
                0x0009ea00                TlvTree_RemoveChild
 .text          0x0009eb08       0xa0 C:/Program Files/SDK30/SDK 7.5.1/SDK/lib_gnu/AVL.lib(Serializer.o)
                0x0009eb84                __TlvTree_GetSerializationSize
                0x0009eb34                __TlvTree_Unserialize
                0x0009eb08                __TlvTree_Serialize
 .text          0x0009eba8      0x2c8 C:/Program Files/SDK30/SDK 7.5.1/SDK/lib_gnu/AVL.lib(Serializer_Default.o)
                0x0009ec18                __TlvTree_Serialize_Default
                0x0009ed6c                __TlvTree_Unserialize_Default
                0x0009ed28                __TlvTree_GetSerializationSize_Default
 .text          0x0009ee70      0x7ac C:/Program Files/SDK30/SDK 7.5.1/SDK/lib_gnu/AVL.lib(Serializer_Xml.o)
                0x0009f544                __TlvTree_Unserialize_Xml
                0x0009f158                __TlvTree_GetSerializationSize_Xml
                0x0009ef44                __TlvTree_Serialize_Xml
 .text          0x0009f61c      0x150 C:/Program Files/SDK30/SDK 7.5.1/SDK/lib_gnu/AVL.lib(XMLs.o)
                0x0009f66c                XMLs_ParserClose
                0x0009f690                XMLs_Parse
                0x0009f6dc                XMLs_SetUserData
                0x0009f714                XMLs_Abort
                0x0009f63c                XMLs_ParserOpen
                0x0009f6fc                XMLs_GetUserData
                0x0009f734                XMLs_GetParsingState
 .text          0x0009f76c      0x5cc C:/Program Files/SDK30/SDK 7.5.1/SDK/lib_gnu/AVL.lib(XMLs_Parser.o)
                0x0009f8ac                XMLgr_Document
 .text          0x0009fd38      0x1a8 C:/Program Files/SDK30/SDK 7.5.1/SDK/lib_gnu/AVL.lib(XMLs_ProcessData.o)
                0x0009fd5c                XMLs_ProcessData
 .text          0x0009fee0      0x314 C:/Program Files/SDK30/SDK 7.5.1/SDK/lib_gnu/AVL.lib(Internal.o)
                0x000a0070                __TlvTree_Find
                0x000a00c0                __TlvTree_GetNext
                0x0009ff18                __TlvTree_SetData
                0x000a01c0                __TlvTree_Release
                0x000a00b8                __TlvTree_GetFirstChild
                0x000a00dc                __TlvTree_GetData
                0x000a0144                __TlvTree_RemoveChild
                0x000a00e0                __TlvTree_Copy
                0x000a00c4                __TlvTree_GetTag
                0x0009ff08                __TlvTree_New
                0x0009fee0                __TlvTree_NewNode
                0x0009ff74                __TlvTree_AddChild
                0x0009ff70                __TlvTree_SetTag
                0x0009ffa8                __TlvTree_Graft
                0x000a00c8                __TlvTree_GetLength
                0x000a00bc                __TlvTree_GetParent
                0x000a0194                __TlvTree_DeleteNode
                0x0009fff4                __TlvTree_GetNextNode
 .text          0x000a01f4      0x5b8 C:/Program Files/SDK30/SDK 7.5.1/SDK/lib_gnu/LinkLayerExeInterface.lib(LinkLayerServices.o)
                0x000a02b0                LL_GetInfo
                0x000a0554                LL_WaitEvent
                0x000a04fc                LL_GetLastError
                0x000a04a4                LL_ClearSendBuffer
                0x000a06d0                LL_GSM_Start
                0x000a0750                LL_GetHandle
                0x000a041c                LL_Receive
                0x000a0398                LL_Send
                0x000a0584                LL_Network_GetStatus
                0x000a0340                LL_Connect
                0x000a036c                LL_Disconnect
                0x000a0630                LL_GPRS_Connect
                0x000a05bc                LL_GPRS_Start
                0x000a04d0                LL_ClearReceiveBuffer
                0x000a0728                LL_GSM_Stop
                0x000a01f4                LL_Configure
                0x000a06a8                LL_GPRS_Stop
                0x000a0528                LL_GetStatus
 .text          0x000a07ac       0xc4 C:/Program Files/SDK30/SDK 7.5.1/SDK/lib_gnu/SEC.lib(SECLibOpenClose.o)
                0x000a07b4                SEClib_Open
                0x000a07ac                SEClib_Version
                0x000a0854                SEClib_Close
 .text          0x000a0870       0x48 C:/Program Files/SDK30/SDK 7.5.1/SDK/lib_gnu/SEC.lib(SEC1.o)
                0x000a0870                SEC_Version
 .text          0x000a08b8       0x48 C:/Program Files/SDK30/SDK 7.5.1/SDK/lib_gnu/SEC.lib(SEC7.o)
                0x000a08b8                SEC_InitVar
 .text          0x000a0900       0x54 C:/Program Files/SDK30/SDK 7.5.1/SDK/lib_gnu/SEC.lib(SEC8.o)
                0x000a0900                SEC_SetConfig
 .text          0x000a0954       0x54 C:/Program Files/SDK30/SDK 7.5.1/SDK/lib_gnu/SEC.lib(SEC9.o)
                0x000a0954                SEC_GetConfig
 .text          0x000a09a8       0x54 C:/Program Files/SDK30/SDK 7.5.1/SDK/lib_gnu/SEC.lib(SEC10.o)
                0x000a09a8                SEC_listSecureId
 .text          0x000a09fc       0x58 C:/Program Files/SDK30/SDK 7.5.1/SDK/lib_gnu/SEC.lib(SEC11.o)
                0x000a09fc                SEC_isSecretArea
 .text          0x000a0a54       0x5c C:/Program Files/SDK30/SDK 7.5.1/SDK/lib_gnu/SEC.lib(SEC19.o)
                0x000a0a54                SEC_CreateSecretArea
 .text          0x000a0ab0       0x58 C:/Program Files/SDK30/SDK 7.5.1/SDK/lib_gnu/SEC.lib(SEC20.o)
                0x000a0ab0                SEC_FreeSecret
 .text          0x000a0b08       0x60 C:/Program Files/SDK30/SDK 7.5.1/SDK/lib_gnu/SEC.lib(SEC21.o)
                0x000a0b08                SEC_LoadKey
 .text          0x000a0b68       0x58 C:/Program Files/SDK30/SDK 7.5.1/SDK/lib_gnu/SEC.lib(SEC22.o)
                0x000a0b68                SEC_PinEntryInit
 .text          0x000a0bc0       0x50 C:/Program Files/SDK30/SDK 7.5.1/SDK/lib_gnu/SEC.lib(SEC23.o)
                0x000a0bc0                SEC_PinEntry
 .text          0x000a0c10       0x64 C:/Program Files/SDK30/SDK 7.5.1/SDK/lib_gnu/SEC.lib(SEC24.o)
                0x000a0c10                SEC_Iso9564
 .text          0x000a0c74       0x54 C:/Program Files/SDK30/SDK 7.5.1/SDK/lib_gnu/SEC.lib(SEC25.o)
                0x000a0c74                SEC_DukptLoadKSN
 .text          0x000a0cc8       0x5c C:/Program Files/SDK30/SDK 7.5.1/SDK/lib_gnu/SEC.lib(SEC26.o)
                0x000a0cc8                SEC_DukptLoadDerivationKey
 .text          0x000a0d24       0x58 C:/Program Files/SDK30/SDK 7.5.1/SDK/lib_gnu/SEC.lib(SEC28.o)
                0x000a0d24                SEC_DukptGenerateInitialKey
 .text          0x000a0d7c       0x64 C:/Program Files/SDK30/SDK 7.5.1/SDK/lib_gnu/SEC.lib(SEC31.o)
                0x000a0d7c                SEC_DukptEncryptPin
 .text          0x000a0de0       0x64 C:/Program Files/SDK30/SDK 7.5.1/SDK/lib_gnu/SEC.lib(SEC32.o)
                0x000a0de0                SEC_ECBCipher
 .text          0x000a0e44       0x5c C:/Program Files/SDK30/SDK 7.5.1/SDK/lib_gnu/SEC.lib(SEC34.o)
                0x000a0e44                SEC_ComputeMAC
 .text          0x000a0ea0       0x48 C:/Program Files/SDK30/SDK 7.5.1/SDK/lib_gnu/SEC.lib(SEC37.o)
                0x000a0ea0                SEC_InitInstance
 .text          0x000a0ee8      0x428 C:/Program Files/SDK30/SDK 7.5.1/SDK/lib_gnu/IP_.lib(IP.o)
                0x000a113c                __Ping
                0x000a1050                ResolverGetOption
                0x000a0fdc                __inet_addr
                0x000a12dc                __GetDefaultRoute
                0x000a109c                recvfrom
                0x000a1124                gethostbyname_r
                0x000a1304                __DeleteRoute
                0x000a103c                EthernetSetOption
                0x000a12ec                __SetDefaultRoute
                0x000a0f00                __inet_aton
                0x000a10ec                setsockopt
                0x000a10d0                sendto
                0x000a12f8                __AddRoute
                0x000a0fe8                __inet_ntoa
                0x000a0ef4                SetErrno
                0x000a1104                gethostbyaddr_r
                0x000a0ee8                GetErrno
                0x000a1068                fcntlsocket
                0x000a1028                EthernetGetOption
                0x000a1084                getsockopt
                0x000a10b8                selectsocket
                0x000a105c                ResolverSetOption
 .text          0x000a1310       0x10 C:/Program Files/SDK30/SDK 7.5.1/SDK/lib_gnu/trap.lib(trap_1386_upload_diagnostic_txt.o)
                0x000a1310                upload_diagnostic_txt
 .text          0x000a1320       0x10 C:/Program Files/SDK30/SDK 7.5.1/SDK/lib_gnu/trap.lib(trap_13D8_inet_addr.o)
                0x000a1320                inet_addr
 .text          0x000a1330       0x10 C:/Program Files/SDK30/SDK 7.5.1/SDK/lib_gnu/trap.lib(trap_13DC_PppSetOption.o)
                0x000a1330                PppSetOption
 .text          0x000a1340       0x10 C:/Program Files/SDK30/SDK 7.5.1/SDK/lib_gnu/trap.lib(trap_13E1_fcntlsocketSWI.o)
                0x000a1340                fcntlsocketSWI
 .text          0x000a1350       0x10 C:/Program Files/SDK30/SDK 7.5.1/SDK/lib_gnu/trap.lib(trap_13E2_getsockoptSWI.o)
                0x000a1350                getsockoptSWI
 .text          0x000a1360       0x10 C:/Program Files/SDK30/SDK 7.5.1/SDK/lib_gnu/trap.lib(trap_13E3_recvfromSWI.o)
                0x000a1360                recvfromSWI
 .text          0x000a1370       0x10 C:/Program Files/SDK30/SDK 7.5.1/SDK/lib_gnu/trap.lib(trap_13E4_selectsocketSWI.o)
                0x000a1370                selectsocketSWI
 .text          0x000a1380       0x10 C:/Program Files/SDK30/SDK 7.5.1/SDK/lib_gnu/trap.lib(trap_13E5_sendtoSWI.o)
                0x000a1380                sendtoSWI
 .text          0x000a1390       0x10 C:/Program Files/SDK30/SDK 7.5.1/SDK/lib_gnu/trap.lib(trap_13E6_setsockoptSWI.o)
                0x000a1390                setsockoptSWI
 .text          0x000a13a0       0x10 C:/Program Files/SDK30/SDK 7.5.1/SDK/lib_gnu/trap.lib(trap_13E7_ngOSGetErrno.o)
                0x000a13a0                ngOSGetErrno
 .text          0x000a13b0       0x10 C:/Program Files/SDK30/SDK 7.5.1/SDK/lib_gnu/trap.lib(trap_13E8_ngOSSetErrno.o)
                0x000a13b0                ngOSSetErrno
 .text          0x000a13c0       0x10 C:/Program Files/SDK30/SDK 7.5.1/SDK/lib_gnu/trap.lib(trap_13E9_ngResolvSetOption.o)
                0x000a13c0                ngResolvSetOption
 .text          0x000a13d0       0x10 C:/Program Files/SDK30/SDK 7.5.1/SDK/lib_gnu/trap.lib(trap_13EA_ngResolvGetOption.o)
                0x000a13d0                ngResolvGetOption
 .text          0x000a13e0       0x10 C:/Program Files/SDK30/SDK 7.5.1/SDK/lib_gnu/trap.lib(trap_13ED_gethostbyaddr_rSWI.o)
                0x000a13e0                gethostbyaddr_rSWI
 .text          0x000a13f0       0x10 C:/Program Files/SDK30/SDK 7.5.1/SDK/lib_gnu/trap.lib(trap_13EE_gethostbyname_rSWI.o)
                0x000a13f0                gethostbyname_rSWI
 .text          0x000a1400       0x10 C:/Program Files/SDK30/SDK 7.5.1/SDK/lib_gnu/trap.lib(trap_141D_ngRouteAdd.o)
                0x000a1400                ngRouteAdd
 .text          0x000a1410       0x10 C:/Program Files/SDK30/SDK 7.5.1/SDK/lib_gnu/trap.lib(trap_141E_ngRouteDelete.o)
                0x000a1410                ngRouteDelete
 .text          0x000a1420       0x10 C:/Program Files/SDK30/SDK 7.5.1/SDK/lib_gnu/trap.lib(trap_141F_ngRouteDefault.o)
                0x000a1420                ngRouteDefault
 .text          0x000a1430       0x10 C:/Program Files/SDK30/SDK 7.5.1/SDK/lib_gnu/trap.lib(trap_142B_EthIfControl.o)
                0x000a1430                EthIfControl
 .text          0x000a1440       0x50 C:/Program Files/Ingenico/IngeDev_7/plugins/com.ingenico.ingedev.telium.bin.win32_7.4.1.4/os/win32/GNUARM/arm-elf/lib/thumb/soft/interwork/libc.a(rand.o)
                0x000a1454                rand
                0x000a1440                srand
 .text          0x000a1490       0x20 C:/Program Files/Ingenico/IngeDev_7/plugins/com.ingenico.ingedev.telium.bin.win32_7.4.1.4/os/win32/GNUARM/arm-elf/lib/thumb/soft/interwork/libc.a(strchr.o)
                0x000a1490                strchr
 .text          0x000a14b0       0x14 C:/Program Files/Ingenico/IngeDev_7/plugins/com.ingenico.ingedev.telium.bin.win32_7.4.1.4/os/win32/GNUARM/arm-elf/lib/thumb/soft/interwork/libc.a(strlen.o)
                0x000a14b0                strlen
 .text          0x000a14c4       0x34 C:/Program Files/Ingenico/IngeDev_7/plugins/com.ingenico.ingedev.telium.bin.win32_7.4.1.4/os/win32/GNUARM/arm-elf/lib/thumb/soft/interwork/libc.a(strstr.o)
                0x000a14c4                strstr
 .text          0x000a14f8      0x120 C:/Program Files/Ingenico/IngeDev_7/plugins/com.ingenico.ingedev.telium.bin.win32_7.4.1.4/os/win32/GNUARM/arm-elf/lib/thumb/soft/interwork/libc.a(strtoul.o)
                0x000a15f8                strtoul
                0x000a14f8                _strtoul_r
 .text          0x000a1618       0x7c C:/Program Files/Ingenico/IngeDev_7/plugins/com.ingenico.ingedev.telium.bin.win32_7.4.1.4/os/win32/GNUARM/lib/gcc/arm-elf/3.4.3/thumb/soft/interwork/libgcc.a(_udivsi3.o)
                0x000a1618                __udivsi3
 .text          0x000a1694       0x94 C:/Program Files/Ingenico/IngeDev_7/plugins/com.ingenico.ingedev.telium.bin.win32_7.4.1.4/os/win32/GNUARM/lib/gcc/arm-elf/3.4.3/thumb/soft/interwork/libgcc.a(_divsi3.o)
                0x000a1694                __divsi3
 .text          0x000a1728       0xc8 C:/Program Files/Ingenico/IngeDev_7/plugins/com.ingenico.ingedev.telium.bin.win32_7.4.1.4/os/win32/GNUARM/lib/gcc/arm-elf/3.4.3/thumb/soft/interwork/libgcc.a(_umodsi3.o)
                0x000a1728                __umodsi3
 .text          0x000a17f0       0xd8 C:/Program Files/Ingenico/IngeDev_7/plugins/com.ingenico.ingedev.telium.bin.win32_7.4.1.4/os/win32/GNUARM/lib/gcc/arm-elf/3.4.3/thumb/soft/interwork/libgcc.a(_modsi3.o)
                0x000a17f0                __modsi3
 .text          0x000a18c8        0x4 C:/Program Files/Ingenico/IngeDev_7/plugins/com.ingenico.ingedev.telium.bin.win32_7.4.1.4/os/win32/GNUARM/lib/gcc/arm-elf/3.4.3/thumb/soft/interwork/libgcc.a(_dvmd_tls.o)
                0x000a18c8                __div0
 .text          0x000a18cc       0x3c C:/Program Files/Ingenico/IngeDev_7/plugins/com.ingenico.ingedev.telium.bin.win32_7.4.1.4/os/win32/GNUARM/lib/gcc/arm-elf/3.4.3/thumb/soft/interwork/libgcc.a(_call_via_rX.o)
                0x000a18d4                _call_via_r2
                0x000a18e4                _call_via_r6
                0x000a18e0                _call_via_r5
                0x000a18d8                _call_via_r3
                0x000a18f8                _call_via_fp
                0x000a18ec                _call_via_r8
                0x000a18e8                _call_via_r7
                0x000a18cc                _call_via_r0
                0x000a18f4                _call_via_sl
                0x000a1900                _call_via_sp
                0x000a18f0                _call_via_r9
                0x000a18dc                _call_via_r4
                0x000a18d0                _call_via_r1
                0x000a18fc                _call_via_ip
                0x000a1904                _call_via_lr
 .text          0x000a1908       0x78 C:/Program Files/Ingenico/IngeDev_7/plugins/com.ingenico.ingedev.telium.bin.win32_7.4.1.4/os/win32/GNUARM/lib/gcc/arm-elf/3.4.3/thumb/soft/interwork/libgcc.a(_muldi3.o)
                0x000a1908                __muldi3
 *(.gnu.linkonce.t.*)
 *(.strings .strings.*)
 *(.glue_7)
 *(.glue_7t)
 *(.gcc_except_table)

.eh_frame
 *(.eh_frame)

.jcr
 *(.jcr)

.ctors          0x000a1980        0x0
                0x000a1980                __ctors_start = .
 *(SORT(.ctors.*))
 *(.ctors)
                0x000a1980                __ctors_end = .

.dtors          0x000a1980        0x0
                0x000a1980                __dtors_start = .
 *(SORT(.dtors.*))
 *(.dtors)
                0x000a1980                __dtors_end = .

.rodata         0x000a1980    0x187fe
 *(.rodata .rodata.*)
 .rodata        0x000a1980      0x210 Obj/DEBUG_EFT_930S/tbx.o
 .rodata        0x000a1b90      0x250 Obj/DEBUG_EFT_930S/tlm.o
 .rodata        0x000a1de0      0x1b4 Obj/DEBUG_EFT_930S/tlmhmi.o
 .rodata        0x000a1f94       0xe0 Obj/DEBUG_EFT_930S/tlmmem.o
 .rodata        0x000a2074      0x2a0 Obj/DEBUG_EFT_930S/std.o
 .rodata        0x000a2314       0x10 Obj/DEBUG_EFT_930S/fmt.o
 .rodata        0x000a2324      0x180 Obj/DEBUG_EFT_930S/dba.o
 .rodata        0x000a24a4      0x274 Obj/DEBUG_EFT_930S/drv.o
 .rodata        0x000a2718      0xbcc Obj/DEBUG_EFT_930S/dlg.o
 .rodata        0x000a32e4       0xf8 Obj/DEBUG_EFT_930S/Main.o
 .rodata        0x000a33dc      0x620 Obj/DEBUG_EFT_930S/sgm.o
                0x000a33dc                __BMP_briLogo
 .rodata        0x000a39fc       0x70 Obj/DEBUG_EFT_930S/map.o
 .rodata        0x000a3a6c     0x6618 Obj/DEBUG_EFT_930S/dft.o
 .rodata        0x000aa084      0x3a8 Obj/DEBUG_EFT_930S/rpt.o
 .rodata        0x000aa42c      0x178 Obj/DEBUG_EFT_930S/scr.o
 .rodata        0x000aa5a4      0xf78 Obj/DEBUG_EFT_930S/str.o
                0x000ab080                __BMP_
 .rodata        0x000ab51c      0x878 Obj/DEBUG_EFT_930S/hdl.o
 .rodata        0x000abd94      0x15c Obj/DEBUG_EFT_930S/val.o
 .rodata        0x000abef0      0x6b0 Obj/DEBUG_EFT_930S/adm.o
 .rodata        0x000ac5a0      0x30c Obj/DEBUG_EFT_930S/emv.o
 .rodata        0x000ac8ac      0x4c0 Obj/DEBUG_EFT_930S/function.o
 .rodata        0x000acd6c      0x12c Obj/DEBUG_EFT_930S/log.o
 .rodata        0x000ace98       0x78 Obj/DEBUG_EFT_930S/onl.o
 .rodata        0x000acf10     0x1448 Obj/DEBUG_EFT_930S/pmt.o
 .rodata        0x000ae358      0xad0 Obj/DEBUG_EFT_930S/req.o
 .rodata        0x000aee28       0x44 Obj/DEBUG_EFT_930S/rev.o
 .rodata        0x000aee6c      0xaec Obj/DEBUG_EFT_930S/rsp.o
 .rodata        0x000af958      0x488 Obj/DEBUG_EFT_930S/tle.o
 .rodata        0x000afde0      0x600 Obj/DEBUG_EFT_930S/tlmchn.o
 .rodata        0x000b03e0       0xb0 Obj/DEBUG_EFT_930S/tlmcry.o
 .rodata        0x000b0490      0x2dc Obj/DEBUG_EFT_930S/tlmemv.o
 .rodata        0x000b076c     0x7d48 Obj/DEBUG_EFT_930S/BRI.o
 .rodata        0x000b84b4      0x800 Obj/DEBUG_EFT_930S/AES.o
 .rodata        0x000b8cb4      0x180 Obj/DEBUG_EFT_930S/keyinject.o
 .rodata        0x000b8e34      0x800 Obj/DEBUG_EFT_930S/prepaid.o
 .rodata        0x000b9634       0x94 Obj/DEBUG_EFT_930S/logon.o
 .rodata        0x000b96c8        0x8 Obj/DEBUG_EFT_930S/prsa.o
 .rodata        0x000b96d0      0x2b4 Obj/DEBUG_EFT_930S/bignum.o
 .rodata.str1.4
                0x000b9984        0xc C:/Program Files/SDK30/SDK 7.5.1/SDK/lib_gnu/eft30.lib(extens119.o)
 .rodata.str1.4
                0x000b9990        0x9 C:/Program Files/SDK30/SDK 7.5.1/SDK/lib_gnu/eft30.lib(extens53.o)
                                  0xc (size before relaxing)
 *fill*         0x000b9999        0x3 00
 .rodata.str1.4
                0x000b999c       0x20 C:/Program Files/SDK30/SDK 7.5.1/SDK/lib_gnu/eft30.lib(extens87.o)
 .rodata.str1.4
                0x000b99bc       0x11 C:/Program Files/SDK30/SDK 7.5.1/SDK/lib_gnu/eft30.lib(extens89.o)
                                 0x14 (size before relaxing)
 *fill*         0x000b99cd        0x3 00
 .rodata.str1.4
                0x000b99d0       0x12 C:/Program Files/SDK30/SDK 7.5.1/SDK/lib_gnu/eft30.lib(extens90.o)
                                 0x14 (size before relaxing)
 *fill*         0x000b99e2        0x2 00
 .rodata.str1.4
                0x000b99e4        0xd C:/Program Files/SDK30/SDK 7.5.1/SDK/lib_gnu/eft30.lib(extens93.o)
                                 0x10 (size before relaxing)
 *fill*         0x000b99f1        0x3 00
 .rodata.str1.4
                0x000b99f4        0xe C:/Program Files/SDK30/SDK 7.5.1/SDK/lib_gnu/eft30.lib(extens94.o)
                                 0x10 (size before relaxing)
 *fill*         0x000b9a02        0x2 00
 .rodata.str1.4
                0x000b9a04       0x13 C:/Program Files/SDK30/SDK 7.5.1/SDK/lib_gnu/eft30.lib(param17.o)
                                 0x14 (size before relaxing)
 *fill*         0x000b9a17        0x1 00
 .rodata.str1.4
                0x000b9a18       0x17 C:/Program Files/SDK30/SDK 7.5.1/SDK/lib_gnu/eft30.lib(param72.o)
                                 0x18 (size before relaxing)
 *fill*         0x000b9a2f        0x1 00
 .rodata.str1.4
                0x000b9a30        0xe C:/Program Files/SDK30/SDK 7.5.1/SDK/lib_gnu/eft30.lib(pinpad10.o)
                                 0x10 (size before relaxing)
 *fill*         0x000b9a3e        0x2 00
 .rodata.str1.4
                0x000b9a40       0x14 C:/Program Files/SDK30/SDK 7.5.1/SDK/lib_gnu/eft30.lib(pinpad12.o)
 .rodata.str1.4
                0x000b9a54       0x12 C:/Program Files/SDK30/SDK 7.5.1/SDK/lib_gnu/eft30.lib(pinpad15.o)
                                 0x14 (size before relaxing)
 *fill*         0x000b9a66        0x2 00
 .rodata.str1.4
                0x000b9a68        0xc C:/Program Files/SDK30/SDK 7.5.1/SDK/lib_gnu/eft30.lib(pinpad8.o)
 .rodata.str1.4
                0x000b9a74        0xe C:/Program Files/SDK30/SDK 7.5.1/SDK/lib_gnu/eft30.lib(pinpad9.o)
                                 0x10 (size before relaxing)
 *fill*         0x000b9a82        0x2 00
 .rodata.str1.4
                0x000b9a84       0x11 C:/Program Files/SDK30/SDK 7.5.1/SDK/lib_gnu/eft30.lib(sv21.o)
                                 0x14 (size before relaxing)
 *fill*         0x000b9a95        0x3 00
 .rodata.str1.4
                0x000b9a98       0x12 C:/Program Files/SDK30/SDK 7.5.1/SDK/lib_gnu/eft30.lib(sv22.o)
                                 0x14 (size before relaxing)
 *fill*         0x000b9aaa        0x2 00
 .rodata.str1.4
                0x000b9aac        0xc C:/Program Files/SDK30/SDK 7.5.1/SDK/lib_gnu/eft30.lib(sv23.o)
 .rodata.str1.4
                0x000b9ab8        0xd C:/Program Files/SDK30/SDK 7.5.1/SDK/lib_gnu/eft30.lib(sv24.o)
                                 0x10 (size before relaxing)
 *fill*         0x000b9ac5        0x3 00
 .rodata.str1.4
                0x000b9ac8        0xe C:/Program Files/SDK30/SDK 7.5.1/SDK/lib_gnu/eft30.lib(sv25.o)
                                 0x10 (size before relaxing)
 *fill*         0x000b9ad6        0x2 00
 .rodata.str1.4
                0x000b9ad8       0x1f C:/Program Files/SDK30/SDK 7.5.1/SDK/lib_gnu/eft30.lib(libgr1.o)
                                 0x20 (size before relaxing)
 *fill*         0x000b9af7        0x1 00