Archive member included because of file (symbol)

C:/Program Files/SDK30/SDK 9.20.0.01/SDK/lib_gnu/eft30.lib(iam1.o)
                              Obj/DEBUG_T2/sgm.o (Send_Message)
C:/Program Files/SDK30/SDK 9.20.0.01/SDK/lib_gnu/eft30.lib(iamtd1.o)
                              C:/Program Files/SDK30/SDK 9.20.0.01/SDK/lib_gnu/eft30.lib(iam1.o) (iamlib_open)
C:/Program Files/SDK30/SDK 9.20.0.01/SDK/lib_gnu/eft30.lib(extens280.o)
                              Obj/DEBUG_T2/tlmemv.o (USR_ServiceCall)
C:/Program Files/SDK30/SDK 9.20.0.01/SDK/lib_gnu/eft30.lib(extens53.o)
                              Obj/DEBUG_T2/tlm.o (d_tolong)
C:/Program Files/SDK30/SDK 9.20.0.01/SDK/lib_gnu/eft30.lib(extens89.o)
                              Obj/DEBUG_T2/tlm.o (GetSemaphoreUser)
C:/Program Files/SDK30/SDK 9.20.0.01/SDK/lib_gnu/eft30.lib(extens90.o)
                              Obj/DEBUG_T2/tlm.o (FreeSemaphoreUser)
C:/Program Files/SDK30/SDK 9.20.0.01/SDK/lib_gnu/eft30.lib(extens93.o)
                              Obj/DEBUG_T2/tlm.o (GetDelayUser)
C:/Program Files/SDK30/SDK 9.20.0.01/SDK/lib_gnu/eft30.lib(extens94.o)
                              Obj/DEBUG_T2/tlm.o (FreeDelayUser)
C:/Program Files/SDK30/SDK 9.20.0.01/SDK/lib_gnu/eft30.lib(extenstd1.o)
                              C:/Program Files/SDK30/SDK 9.20.0.01/SDK/lib_gnu/eft30.lib(extens280.o) (extenslib_open)
C:/Program Files/SDK30/SDK 9.20.0.01/SDK/lib_gnu/eft30.lib(extenstdeux5.o)
                              Obj/DEBUG_T2/sgm.o (Get_TypeCode)
C:/Program Files/SDK30/SDK 9.20.0.01/SDK/lib_gnu/eft30.lib(extensostd119.o)
                              Obj/DEBUG_T2/tlmhmi.o (StateHeader)
C:/Program Files/SDK30/SDK 9.20.0.01/SDK/lib_gnu/eft30.lib(param17.o)
                              Obj/DEBUG_T2/tlm.o (PSQ_Donner_noserie)
C:/Program Files/SDK30/SDK 9.20.0.01/SDK/lib_gnu/eft30.lib(param46.o)
                              Obj/DEBUG_T2/sgm.o (PSQ_Update_Cash_Connection)
C:/Program Files/SDK30/SDK 9.20.0.01/SDK/lib_gnu/eft30.lib(param72.o)
                              Obj/DEBUG_T2/tlmcry.o (PSQ_donner_type_pinpad)
C:/Program Files/SDK30/SDK 9.20.0.01/SDK/lib_gnu/eft30.lib(paramtd1.o)
                              C:/Program Files/SDK30/SDK 9.20.0.01/SDK/lib_gnu/eft30.lib(param17.o) (paramlib_open)
C:/Program Files/SDK30/SDK 9.20.0.01/SDK/lib_gnu/eft30.lib(pinpad10.o)
                              Obj/DEBUG_T2/tlmcry.o (PPS_firstline)
C:/Program Files/SDK30/SDK 9.20.0.01/SDK/lib_gnu/eft30.lib(pinpad12.o)
                              Obj/DEBUG_T2/tlmcry.o (PPS_Display)
C:/Program Files/SDK30/SDK 9.20.0.01/SDK/lib_gnu/eft30.lib(pinpad15.o)
                              Obj/DEBUG_T2/tlmcry.o (PPS_clear_display)
C:/Program Files/SDK30/SDK 9.20.0.01/SDK/lib_gnu/eft30.lib(pinpad8.o)
                              Obj/DEBUG_T2/tlmcry.o (PPS_newline)
C:/Program Files/SDK30/SDK 9.20.0.01/SDK/lib_gnu/eft30.lib(pinpad9.o)
                              Obj/DEBUG_T2/tlmcry.o (PPS_clearline)
C:/Program Files/SDK30/SDK 9.20.0.01/SDK/lib_gnu/eft30.lib(pinpadtd1.o)
                              C:/Program Files/SDK30/SDK 9.20.0.01/SDK/lib_gnu/eft30.lib(pinpad10.o) (pinpadlib_open)
C:/Program Files/SDK30/SDK 9.20.0.01/SDK/lib_gnu/eft30.lib(sv24.o)
                              Obj/DEBUG_T2/tlm.o (SV_read_date)
C:/Program Files/SDK30/SDK 9.20.0.01/SDK/lib_gnu/eft30.lib(sv25.o)
                              Obj/DEBUG_T2/tlm.o (SV_write_date)
C:/Program Files/SDK30/SDK 9.20.0.01/SDK/lib_gnu/eft30.lib(svtd1.o)
                              C:/Program Files/SDK30/SDK 9.20.0.01/SDK/lib_gnu/eft30.lib(sv24.o) (svlib_open)
C:/Program Files/SDK30/SDK 9.20.0.01/SDK/lib_gnu/eft30.lib(svtd21.o)
                              Obj/DEBUG_T2/tlm.o (SV_input_command)
C:/Program Files/SDK30/SDK 9.20.0.01/SDK/lib_gnu/eft30.lib(svtd22.o)
                              Obj/DEBUG_T2/tlm.o (SV_output_command)
C:/Program Files/SDK30/SDK 9.20.0.01/SDK/lib_gnu/eft30.lib(svtd23.o)
                              Obj/DEBUG_T2/tlm.o (SV_power_on)
C:/Program Files/SDK30/SDK 9.20.0.01/SDK/lib_gnu/eft30.lib(libgr137.o)
                              Obj/DEBUG_T2/tlmhmi.o (PaintGraphics)
C:/Program Files/SDK30/SDK 9.20.0.01/SDK/lib_gnu/eft30.lib(libgr35.o)
                              Obj/DEBUG_T2/tlmhmi.o (_clrscr)
C:/Program Files/SDK30/SDK 9.20.0.01/SDK/lib_gnu/eft30.lib(libgr40.o)
                              Obj/DEBUG_T2/tlmhmi.o (InitContexteGraphique)
C:/Program Files/SDK30/SDK 9.20.0.01/SDK/lib_gnu/eft30.lib(libgr41.o)
                              Obj/DEBUG_T2/sgm.o (DisplayBitmap)
C:/Program Files/SDK30/SDK 9.20.0.01/SDK/lib_gnu/eft30.lib(libgr49.o)
                              Obj/DEBUG_T2/sgm.o (GetDefaultFont)
C:/Program Files/SDK30/SDK 9.20.0.01/SDK/lib_gnu/eft30.lib(libgr54.o)
                              Obj/DEBUG_T2/tlmhmi.o (DefCurrentFont)
C:/Program Files/SDK30/SDK 9.20.0.01/SDK/lib_gnu/eft30.lib(libgr55.o)
                              Obj/DEBUG_T2/tlmhmi.o (DrawExtendedString8859)
[...]
Memory Configuration

Name             Origin             Length             Attributes
*default*        0x00000000         0xffffffff

Linker script and memory map

                0x00000000                . = 0x0
                0x00000000                __text_start = .

.text           0x00000000    0xbd28c
 *(.first)
 .first         0x00000000       0xa0 Obj/DEBUG_T2/cstartup.o
                0x00000000                _start
 *(.text .text.*)
 .text          0x000000a0       0x18 Obj/DEBUG_T2/trc.o
                0x000000a0                errChk
 .text          0x000000b8     0x16dc Obj/DEBUG_T2/tbx.o
                0x00000a68                bufInit
                0x00000ad4                bufLen
                0x000000d8                wPtr
                0x00000ae8                bufReset
                0x00001380                queGetTag
                0x0000146c                bitOff
                0x00000ac0                bufPtr
                0x00000f68                queInit
                0x000010e8                queGet
                0x00000aac                bufDim
                0x00000fc4                quePut
                0x000000b8                bPtr
                0x00000830                hex2bin
                0x00000d0c                bufOwr
                0x00000efc                bufCpy
                0x000014d4                bitTest
                0x000004c0                num2hex
                0x000012b8                quePutTlv
                0x00000314                dec2num
                0x00000eb0                bufCat
                0x0000017c                num2dec
                0x00000f34                bufGet
                0x00000b14                bufSet
                0x00001220                queLen
                0x0000099c                num2bin
                0x00001674                tbxCheckParity
                0x00000f90                queReset
                0x000013b0                queGetTlv
                0x00000a30                tmrPause
                0x00001234                queRewind
                0x000011a4                queNxt
                0x000007a0                bin2hex
                0x000000f8                cPtr
                0x0000153c                tbxParity
                0x00000608                hex2num
                0x00000924                bin2num
                0x00000bb0                bufIns
                0x00000e78                bufApp
                0x00000dcc                bufDel
                0x00000114                dPtr
                0x00001254                quePutTag
                0x00001408                bitOn
 .text          0x00001794     0x1d5c Obj/DEBUG_T2/tlm.o
                0x00003198                tskStop
                0x00001d48                magGet
                0x0000194c                magStart
                0x000025ec                iccDetect
                0x000018d0                tmrSleep
                0x000030f8                tskStart
                0x00001940                Click
                0x00001794                tmrStart
                0x000024a4                sysRand
                0x0000188c                tmrStop
                0x00003090                semDec
                0x00003238                reboot
                0x00003248                getSapSer
                0x00001934                utaBeep
                0x00002b48                iccCommand
                0x0000217c                getCard
                0x00002df8                getTS
                0x00003024                semInc
                0x00003368                getCodeFileList
                0x00001818                tmrGet
                0x000024b4                iccStart
                0x00002be4                getDateTime
                0x000032f4                getAppName
                0x00002cdc                setDateTime
                0x00003014                tskSync
                0x00001f64                magStop
                0x00003430                getAppVer
                0x00002590                iccStop
 .text          0x000034f0      0xe9c Obj/DEBUG_T2/tlmhmi.o
                0x00004294                kbdStart
                0x0000415c                dspHgt
                0x00003c1c                prtImg
                0x00003cd0                dspStart
                0x0000431c                kbdStop
                0x00004138                dspWdt
                0x00004344                kbdKey
                0x00003694                prtS
                0x000035f8                prtStop
                0x00003dbc                dspClear
                0x00004198                dspImg
                0x00003ea4                dspLS
                0x000037c8                prtES
                0x00003634                prtCtrl
                0x00003d80                dspStop
                0x0000356c                prtStart
                0x00003e20                dspLight
                0x00004074                dspXYFS
 .text          0x0000438c      0xc84 Obj/DEBUG_T2/tlmmem.o
                0x00004884                nvmSet
                0x00004640                nvmHold
                0x00004bf4                nvmMove
                0x000046f0                nvmSave
                0x00004e7c                nvmSeqPos
                0x000043c0                nvmFileName
                0x00004dcc                nvmSeqClose
                0x00004b88                nvmSize
                0x000046b4                nvmRelease
                0x00004e10                nvmSeqRemove
                0x000045e0                nvmRemove
                0x00004f78                nvmSeqPut
                0x00004a64                nvmLoad
                0x00004cd4                nvmSeqOpen
                0x000043f0                nvmPathFileName
                0x00004ef8                nvmSeqGet
                0x00004428                nvmStart
 .text          0x00005010     0x1e4c Obj/DEBUG_T2/std.o
                0x0000567c                stdLuhnCheck
                0x00006808                BaseToDec
                0x00006178                stdDES
                0x00006224                stdDED
                0x00006bc8                ts2dt
                0x000054c8                stdPow
                0x0000656c                Radix64Decode
                0x00006908                stdOWF
                0x000058d8                stdArgMsgCrc16
                0x00005010                isSorted
                0x000061d0                stdEDE
                0x00005450                subStr
                0x00006cec                dt2ts
                0x00005950                xor
                0x000055e8                stdGetAcc
                0x000059cc                stdParity
                0x00006308                hashJerkinsBin
                0x00005564                trk2Lrc
                0x00006404                bmpDat
                0x00006418                Radix64Encode
                0x000061a4                stdSED
                0x000063dc                bmpHgt
                0x000053e0                addStr
                0x00005514                stdLrc
                0x000063b4                bmpWdt
                0x000057d0                stdCrc16
 .text          0x00006e5c      0xc68 Obj/DEBUG_T2/fmt.o
                0x00007a5c                fmtDelSpace
                0x0000790c                fmtDate
                0x00006ecc                fmtTok
                0x00007060                fmtCnt
                0x00006f7c                fmtPad
                0x00007638                fmtIns
                0x0000786c                fmtTcp
                0x0000775c                fmtDel
                0x000079b4                fmtTime
                0x000074b0                fmtMut
                0x0000724c                fmtAmt
                0x00006e5c                fmtSbs
 .text          0x00007ac4     0x4958 Obj/DEBUG_T2/dba.o
                0x0000a664                idxApp
                0x00009704                searchInit
                0x00008c38                tabGet
                0x0000913c                recDim
                0x000081f4                dbaImport
                0x0000964c                recMove
                0x00008be0                tabReset
                0x00008e10                tabExport
                0x000096b8                recPos
                0x0000a870                idxLoad
                0x000098b0                linFind
                0x000094dc                recExport
                0x00009150                recSize
                0x0000a370                idxIns
                0x0000c17c                hshScanBeg
                0x0000b5ec                hshFind
                0x0000a9d0                idxReset
                0x0000aaa4                idxSet
                0x0000c028                hshClean
                0x0000c208                hshScanEnd
                0x00008d2c                tabPut
                0x0000b7d4                hshDel
                0x0000c240                hshScan
                0x00009a30                binFind
                0x00009b7c                idxInit
                0x00008bb0                tabSize
                0x0000b1b0                hshIns
                0x000090b8                recCache
                0x00008b04                tabCache
                0x00008b88                tabDim
                0x00008f40                tabSave
                0x00009234                recGet
                0x000091dc                recReset
                0x00009170                recFldFmt
                0x00007ac4                dbaSetPtr
                0x0000961c                recSave
                0x00008ee0                tabFlush
                0x000091b0                recFldLen
                0x000095ec                recLoad
                0x000095bc                recFlush
                0x00008f10                tabLoad
                0x0000a564                idxDel
                0x00008b9c                tabWdt
                0x0000b098                hshReset
                0x0000af98                hshInit
                0x00008fb0                recInit
                0x00008a70                tabInit
                0x00009c64                idxDim
                0x0000a708                idxSave
                0x00009394                recPut
                0x0000a69c                idxSize
                0x00008bcc                tabRowFmt
                0x00009c78                idxFind
                0x0000a340                idxSort
                0x00007d98                dbaExport
 .text          0x0000c41c     0x26a8 Obj/DEBUG_T2/drv.o
                0x0000c568                cntGet
                0x0000c67c                cntPut
                0x0000d26c                cmbInit
                0x0000c7ec                cvtLen
                0x0000c4ac                cntLen
                0x0000c41c                cntInit
                0x0000d3c8                cmbLen
                0x0000d090                cvtPut
                0x0000e8ac                cmbGet
                0x0000c774                cvtInit
                0x0000d184                cvtGet
 .text          0x0000eac4     0x3398 Obj/DEBUG_T2/dlg.o
                0x00011d88                info
                0x0000f9d0                enterStr2
                0x000107d8                removeCard
                0x0000fb90                enterData
                0x00011208                enterTxt3
                0x0000fac0                enterAmt
                0x00010830                DetectCard
                0x0000fa48                enterPwd
                0x0000fb4c                enterTcp
                0x0000fa0c                enterPhr
                0x0000eafc                dlgClick
                0x000104bc                enterCard
                0x0001086c                enterTxt2
                0x00011e18                enterTime
                0x0000eac4                stub
                0x0000f724                enterFmtStrFarsi
                0x0000f994                enterStr
                0x00011dd4                enterDate
                0x0000fa84                enterPwd2
                0x0000fbd4                enterTxt
                0x0000ecd8                mnuSelect
 .text          0x00011e5c      0xe94 Obj/DEBUG_T2/Main.o
                0x00012c5c                entry
                0x00011e5c                Main
                0x00012320                my_custom_message
                0x00012c84                state
                0x00012354                give_interface
 .text          0x00012cf0     0x1304 Obj/DEBUG_T2/sgm.o
                0x00012e50                IAM_to_myself
                0x00013828                give_your_domain
                0x00013794                is_name
                0x00013d34                file_received
                0x00013898                is_change_init
                0x000135bc                more_function
                0x00012cf0                HexDump
                0x00012edc                Task_Protocol
                0x000135f0                idle_message
                0x00013fb8                debit_emv
                0x00013650                is_delete
                0x00013c64                keyboard_event
                0x0001371c                is_state
                0x00013f1c                give_aid
                0x000134c4                message_received
                0x00013a10                debit_non_emv
                0x00013d10                time_function
                0x00013a98                is_for_you_after
                0x00013f4c                is_card_emv_for_you
                0x00013674                after_reset
                0x00013438                sendBuff
 .text          0x00013ff4     0x4584 Obj/DEBUG_T2/map.o
                0x00018144                mapExport
                0x00017e30                mapLoad
                0x000164e8                mapGet
                0x0001443c                relKey
                0x000180ec                mapIns
                0x00017a08                mapMove
                0x00015b94                mapReset
                0x00017f08                mapSave
                0x00014c64                mapInit
                0x00014478                getContainer
                0x00017574                mapDatFmt
                0x00016b6c                mapPut
                0x00018118                mapDel
                0x000170d4                mapDatLen
                0x00017fe0                mapFlush
                0x00017c9c                mapCache
                0x000180b8                mapFind
 .text          0x00018578     0x66cc Obj/DEBUG_T2/dft.o
                0x0001e4a4                dftReset
                0x00018584                getCmpTim
                0x00018578                getCmpDat
 .text          0x0001ec44     0x11f4 Obj/DEBUG_T2/rpt.o
                0x0001ed90                rptReceipt
 .text          0x0001fe38      0xeec Obj/DEBUG_T2/scr.o
                0x00020a68                scrDlg
                0x00020304                usrInfo
 .text          0x00020d24      0xfc8 Obj/DEBUG_T2/str.o
                0x000211f0                isReversibleSend
                0x00021bc0                rloPrint
                0x00021324                isReversibleRecv
                0x00020d24                traReset
                0x000210e8                emvIsApproved
                0x0002144c                mapKeyTag
                0x00021c34                incCard
                0x00020de0                strFormatDatTim
                0x00020f68                strFormatTraDatTim
 .text          0x00021cec     0x1ed0 Obj/DEBUG_T2/hdl.o
                0x00023620                hex_dump_char
                0x00022df4                hdlBefore
                0x00023990                Fn100
                0x00023a8c                FnSales
                0x00022fc0                hdlMagStripe
                0x0002345c                hdlWakeUp
                0x00023ab8                FnPrepaid
                0x00022bdc                hdlPowerOn
                0x00023a68                FnSetPIN
                0x00023bac                viewLog
                0x000239c8                FnDisableMenu
                0x00022e24                hdlAskMagStripe
                0x00023b84                FnSetMin
                0x00023a5c                FnSetMQPSVEPS
                0x00023a74                FnSettingTID
                0x00023b98                FnTerminal
                0x00023b34                FnshowOption
                0x00023a80                cetakVersion
                0x00022e14                hdlAfter
                0x00023968                FnConnSetting
                0x00023b74                FnTMS
                0x00022abc                hdlMainMenu
                0x00023954                FnCommunication
                0x0002397c                Fn99
                0x00023b10                FnPrintRef
                0x00023b50                FnPrinthis
                0x000230f8                hdlSmartCard
                0x00023ae4                FnTopUp
                0x00023608                hdlTimer
 .text          0x00023bbc     0x1acc Obj/DEBUG_T2/val.o
                0x00024e34                valPwd
                0x000248e0                valLogIsNotFull
                0x00024d34                valTxnFound
                0x00024ffc                valChipAllowed
                0x000255fc                ValBfSett
                0x00024ae8                valAppliIsInit
                0x0002473c                valCard
                0x00024efc                valEMVFallbackAllowed
                0x00024cb8                valIsTrickleFeedEnabled
                0x00024d3c                valIsPrintRequired
                0x0002482c                valAmount
                0x00025004                valFloorLimit
                0x00024a70                valBaudRate
                0x00025298                valAskPwd
                0x00023d90                valBinLogoAssign
                0x00024960                valConnSett
                0x00024af8                valIsPinRequired
                0x000249e8                valDialOpt
                0x00023ea8                valBin
                0x00024f78                valIsDebitIssuer
                0x00024e3c                valManualEntryAllowed
                0x00024af0                valNoPendingSettlement
                0x00024ff4                valMagAllowed
                0x000253d4                valAskPin
                0x00023bbc                valOpr
                0x00024c44                valIsTipAllowed
                0x00025494                valRspCod
 .text          0x00025688     0x5ebc Obj/DEBUG_T2/adm.o
                0x00025688                admDlgClick
                0x00026f38                admViewTotals
                0x00026438                admTCResetWoKey
                0x0002ad08                admMasterKey
                0x0002a890                admCmmEDHSetup
                0x0002acac                admCmmGEncryption
                0x0002b4a8                admEDCFunction
                0x0002a8ec                admCmmDTMF
                0x0002a46c                admCmmLineSetup
                0x00027738                admViewBatchNum
                0x00029e8c                admTDT
                0x00028ca0                admViewTCPIPGprs
                0x00027ff8                admTMSLoadParam
                0x0002a1a0                admCmmPrintSetting
                0x000278c4                admViewBat
                0x0002644c                admRevReset
                0x0002a040                admCmmViewSetting
                0x000263c0                admTCReset
                0x00028c5c                admTMSPrintConfig
                0x0002a8d8                admCmmCountryCode
                0x00028acc                admTMSViewConfig
                0x000260cc                admChangePwd
                0x00027878                admSetStan
                0x0002b3bc                admBlowfish
                0x000276a8                admViewRoc
                0x000291a8                admViewRs232
                0x0002acf4                admCmmGAutoEnable
                0x000297d8                admTMSConfig
                0x00026268                admReset
                0x0002a900                admCmmGConfigure
                0x0002b23c                admConnSettings
                0x000277b0                admSetBatchNum
                0x0002577c                admEnterAPN
                0x0002a02c                admTermAppli
                0x000264bc                admRevResetWoKey
                0x000264d0                admInitRpt
                0x000290d8                admViewDialup
                0x000266a0                admSWver
                0x0002a6f4                admCmmIPSetup
                0x00027834                admViewStan
                0x000276ec                admSetRoc
                0x000266e4                admViewTxn
 .text          0x0002b544     0x43ac Obj/DEBUG_T2/emv.o
                0x0002f668                emvFullProcessSet
                0x0002f4e4                emvProcessing
                0x0002f374                emvReset
                0x0002b9b4                emvApplicationSelect
                0x0002f324                myMapPut
                0x0002b544                emvInitAid
                0x0002f7ac                emvFullProcessCheck
                0x0002b6e0                emvMapAidMove
 .text          0x0002f8f0     0x388c Obj/DEBUG_T2/function.o
                0x00030c28                CheckFallBack
                0x0002f990                enterUang
                0x0003139c                settingMenu
                0x00030e9c                PrintIsoMsg
                0x0002fa70                enterAngka
                0x0002fb20                pmtPrepare
                0x000303f8                isIct220
                0x0002fc70                pmtPinManual
                0x000309d0                CetakMasterKey
                0x0002f8f0                enterHuruf
                0x000301c4                udf_get_key_press
                0x0002fe90                debug_set
                0x00030250                PrintInit
                0x00030cc8                pmtEchoTest
                0x0002ff98                acceptable_key
                0x00031118                ICCDebug
                0x000304dc                PrintBinAndIssuerTable
                0x00031524                call_function
                0x00031088                debug_emv_set
                0x00031708                displayResponse
                0x00030a54                hexDumpTMS
                0x00033130                FmtExpDat
                0x000307bc                AcquirerInfo
                0x00030078                display_text
                0x00031130                functionMenu
 .text          0x0003317c       0x28 Obj/DEBUG_T2/iso.o
                0x0003317c                isoFmt
 .text          0x000331a4    0x11370 Obj/DEBUG_T2/log.o
                0x000398f0                briLogReset
                0x0003a2bc                logCalcTot
                0x0003e17c                logSettlementRpt
                0x0003912c                logPrintTxn
                0x0004422c                setLogIsUploaded
                0x00042730                logBatchTotals
                0x00040298                logPrintLog
                0x00039b64                copyUnmarkToBatch
                0x000442e4                printAllLog
                0x000331a4                logSaveCurContext
                0x0003a2a4                logGetPreviousAmount
                0x00039dc4                copyAllToBatch
                0x000399f8                markSettlementTrans
                0x00039440                logDuplicata
                0x00034258                logLoad
                0x0003c480                logConfirmTotals
                0x00039830                logReset
                0x00039824                logSetDup
                0x00041704                logHostTotals
                0x0003a29c                logIsInBlackList
                0x00039ff4                copyAllToTemporaryBatch
                0x0003d448                logSettlement
                0x0003492c                checkDebitIssuer
                0x00043afc                pmtPrepaidSettlement
                0x00033afc                logSave
                0x000332a4                logLoadCurContext
                0x00044428                printAllSetlleDuplicate
                0x0003a1e0                batchSync
 .text          0x00044514      0xd20 Obj/DEBUG_T2/onl.o
                0x00044dc4                DisconnectFromHost
                0x00045224                onlConnect2
                0x00044dec                onlSession
                0x0004518c                tleSecond
 .text          0x00045234     0xa958 Obj/DEBUG_T2/pmt.o
                0x0004aca4                pmtRefund
                0x0004a2d4                pmtSaleRedeem
                0x0004b118                pmtAdjust
                0x000466b8                pmtTipInput
                0x000460d8                pmtPinInput
                0x0004a458                pmtPreaut
                0x00046368                pmtAmountInput
                0x0004a150                pmtSale
                0x0004b26c                BlockPan
                0x0004a6f8                pmtAut
                0x0004af00                pmtVoid
                0x0004ae30                pmtOffline
                0x0004a5a8                pmtPreAut
                0x00048808                pmtPayment
                0x0004b41c                pmtBalance
                0x0004b368                pmtFallback
                0x0004d7cc                disableSubmenu
                0x0004a840                pmtPreAuth
                0x0004b1a4                pmtManual
                0x0004523c                pmtManInput
                0x00045484                pmtCardInput
                0x00045d00                pmtOldPinInput
                0x0004b644                pmtBRI
                0x0004b4f4                pmtVoidTarikTunai
                0x0004fb60                fmtAmtReceipt2
                0x0004aa0c                pmtPreCancel
                0x00048758                pmtIncrementInv
                0x00045eac                pmtNewPinInput
                0x0004ab54                pmtPreCom
                0x00047ccc                dmyPmtSmartCard
                0x00045234                pmtForceOnline
 .text          0x0004fb8c     0x4c04 Obj/DEBUG_T2/req.o
                0x00053ab0                reqBuild
 .text          0x00054790      0x334 Obj/DEBUG_T2/rev.o
                0x00054790                revSave
                0x000549c0                tcSave
                0x000548a8                reversalTransaction
 .text          0x00054ac4     0x8b30 Obj/DEBUG_T2/rsp.o
                0x0005d438                rspParse
 .text          0x0005d5f4     0x3afc Obj/DEBUG_T2/tle.o
                0x000609c0                checkMti
                0x000602bc                tleSession
                0x000603ec                doBRIReversal
                0x0006074c                checkMid
                0x00060ea4                dumpIsoMessage
                0x00060848                checkStan
                0x00060a44                procPrepaidUpload
                0x00060650                checkTid
 .text          0x000610f0     0x3aac Obj/DEBUG_T2/tlmchn.o
                0x00064594                comHangWait
                0x00064174                comRecvBuf
                0x0006286c                comSet
                0x0006348c                comSendBuf
                0x00061164                parseIp
                0x00063770                comRecv
                0x00062fbc                comDial
                0x00064a84                comGetIMEI
                0x00063214                comSend
                0x00064428                comHangStart
                0x000610f0                parseStr
                0x00064908                comStop
                0x00061378                comStart
                0x000649ac                comGetIMSI
                0x00064b6c                comGetLastError
                0x00064b84                comGetDialInfo
 .text          0x00064b9c     0x14bc Obj/DEBUG_T2/tlmcry.o
                0x00065a40                cryDiag
                0x00065f64                cryDukptGetPinTSA
                0x00065e68                cry3DESDukptGetPin
                0x00064d5c                cryStop
                0x00065008                cryLoadDKuDK
                0x000657a0                cryGetPin
                0x00065ac8                tlmGetSer
                0x00065bb8                cryDukptInit
                0x0006516c                crySetPpd
                0x00064c80                cryStart
                0x00065c7c                cryDukptGetPin
                0x00065d74                cry3DESDukptInit
                0x00065968                cryMac
                0x00064df8                cryLoadTestKey
                0x00065304                ppdLS
                0x00064d70                cryEraseKeysArray
                0x00064eec                cryVerify
                0x000652f0                ppdClear
                0x00065794                getPinLen
                0x000658a4                cryEmvPin
 .text          0x00066058     0x3ae8 Obj/DEBUG_T2/tlmemv.o
                0x000686d0                emvAuthenticate
                0x00068d04                emvCVMstart
                0x000693c0                emvAnalyse
                0x00068dfc                emvCVMnext
                0x00067874                emvInit
                0x0006848c                emvContext
                0x00068340                emvGetLang
                0x00069120                emvValidate
                0x000681ec                emvSetSelectResponse
                0x00066660                emvGetFallBack
                0x000696b8                emvComplete
                0x00066620                emvSetFallBack
                0x0006991c                emvGetAids
                0x000681e0                emvSetFSbuf
                0x00069a60                emvCheckCardBlocked
                0x00067e48                emvSelect
                0x00067d94                emvSelectStatus
                0x00068fcc                emvCVMoff
                0x00067af8                emvCheckFallback
                0x00068590                emvPrepare
                0x000682b4                emvFinalSelect
                0x00067ad0                emvStop
                0x00067994                emvStart
 .text          0x00069b40        0x4 Obj/DEBUG_T2/tcan0020.o
                0x00069b40                tcan0020
 .text          0x00069b44    0x317dc Obj/DEBUG_T2/BRI.o
                0x00074d74                KonfirmasiTCash
                0x0009b130                briModifyPinEntry
                0x00098440                viewMiniAtmLog
                0x0006c344                inputPembayaranKKBRI
                0x0007aacc                parseField63
                0x0007a700                getField61
                0x00098bac                parseField62
                0x000745d4                inputInternetBankingPin
                0x00097490                mLogReset
                0x00098480                setDumpIsoMessage
                0x0006edbc                KonfirmasiInfoSaldo8
                0x00075770                KonfirmasiInstallment
                0x000751bc                KonfirmasiKartuOtorisasi
                0x0006e42c                inputPrepaidDeposit
                0x0006afc0                inputTransferSesamaBRI
                0x0007e84c                briLogLoadByRoc
                0x00098028                selectTerminalId
                0x00073a78                smartCardInput
                0x0006dfe4                inputInstallment
                0x0006f950                KonfirmasiPembayaranSPP
                0x0006a528                pmtBRIKonfirmasiSesudahInquiry
                0x00098dec                setFirstPowerOnFlag
                0x0006a87c                inputTCash
                0x0007de88                briLogSave
                0x00070ac0                KonfirmasiPembayaranSSB
                0x0006a3b4                infoKodeBank
                0x0009b20c                adaTransPembelian
                0x0006cf04                inputPembayaranPLN
                0x0009b248                POSPrintReferenceNum
                0x00098d90                resetLogonDateTime
                0x0006b4dc                inputPembayaranTV
                0x0006aee4                inputInfoSaldoBankLain
                0x0006c194                inputTrxTransfer
                0x0006b5b4                inputTiketPesawat
                0x00098470                viewTCashLog
                0x00071d88                KonfirmasiPembayaranKKCITI
                0x0009961c                modifyMnuLayout
                0x00069c54                trimLeft
                0x000714d8                KonfirmasiPembayaranBriva2
                0x00073150                KonfirmasiSetPIN
                0x0006bb28                inputPembayaranDPLKR
                0x00096fd0                briPrintTotal
                0x0007ddcc                displayLongText
                0x00096fa8                briPrintDetailToday
                0x0006fe34                KonfirmasiPembayaranTiketPesawat
                0x00097810                getJenisLog
                0x00096eac                briPrintDetail
                0x00072a74                KonfirmasiTrxPulsa
                0x00074f00                KonfirmasiRegistrasiInternetBanking
                0x000750d0                KonfirmasiRegistrasiPhoneBanking
                0x0006be14                inputPembayaranBriva
                0x000758ec                getField48
                0x0006b90c                inputPembayaranSSB
                0x00072338                KonfirmasiPembayaranKKRBS
                0x0006aa9c                inputPreAuth
                0x00082c28                getBriTransTypeName
                0x0006d708                inputPembayaranPulsa
                0x00097a74                getAllAcq
                0x000798fc                getIso57
                0x00072060                KonfirmasiPembayaranKKHSBC
                0x0007dd54                downloadKey
                0x00074948                inputReissuePIN
                0x00097e24                selectAcquirer1
                0x0007ed44                briLogLoadByIndex
                0x00098234                ShowData
                0x000981b4                checkPendingSettlement
                0x0006da18                inputSetoran
                0x00098460                viewTunaiLog
                0x000995a8                OptionEnabled
                0x0006b178                inputTransferAntarBank
                0x000970cc                briPrintTotalToday
                0x00073c14                KonfirmasiPembayaranPLNPra
                0x000998b4                checkSubMnuLayout
                0x00072610                KonfirmasiPembayaranKKStanChar
                0x00074744                inputGantiPasswordSPV
                0x00097574                tLogReset
                0x00079a18                getField63
                0x0006f1a8                KonfirmasiSetoran
                0x00081aa8                briLogPrintTotal
                0x0006bf04                inputSmsBanking
                0x0006dd20                inputPembayaranZakat
                0x0007d740                scrollDisplay
                0x0007528c                KonfirmasiPembayaranPascaBayar
                0x0006f674                KonfirmasiPembayaranZakat
                0x00098a7c                parseField57
                0x00073ff0                KonfirmasiPembayaranPLN
                0x000977a4                getBriReversalIdx
                0x0007fb58                viewBatch1
                0x0006e2e4                inputPembayaranPascaBayar
                0x0006cb8c                inputPembayaranKKStanChar
                0x000985d8                setDiscount
                0x00071ac8                KonfirmasiPembayaranKKBRIBayar
                0x00070840                KonfirmasiPembayaranTelkom
                0x00069dd0                convertBulan
                0x0007f084                briLogLoadByDate
                0x0007553c                KonfirmasiPembayaranPascaBayar8
                0x0006f4d8                KonfirmasiVoidTarikTunai
                0x000978a8                getAllTid
                0x0006d540                inputPembayaranCicilan
                0x000715e0                KonfirmasiPembayaranKKBRI
                0x0006c41c                inputPembayaranKKANZ
                0x000825d4                briLogPrintDetail
                0x00069b44                hapusAwalan
                0x00098450                viewCardServiceLog
                0x0006ef54                KonfirmasiInfoSaldoLain8
                0x000970f4                briGetAcq
                0x00095f98                briLogPrintTxn
                0x0006cfdc                inputPembayaranPLNToken
                0x0006c990                inputPembayaranKKRBS
                0x0006a00c                isPembelianTransaction
                0x00069bfc                trimRight
                0x0006d168                inputPembayaranPLNPra
                0x00081f48                printDetail
                0x00098ec8                setECRFlag
                0x0007aa18                parseField61
                0x0007cbf0                scrollDisplay8
                0x00073964                prepaidInput
                0x00070df4                KonfirmasiPembayaranDPLKR
                0x0009765c                tCashLogReset
                0x00097bf4                selectAcquirer
                0x0006ea7c                KonfirmasiPembayaranCicilan8
                0x0007f474                briViewBat
                0x0006f878                KonfirmasiSetorPasti
                0x00071bb0                KonfirmasiPembayaranKKANZ
                0x0009a520                modifySubMnuLayout
                0x0006dec4                inputSetorPasti
                0x00069f94                isBRITransaction
                0x00073018                KonfirmasiShowOption
                0x00097744                setBriReversalIdx
                0x0006c598                inputPembayaranKKCITI
                0x0006fc08                KonfirmasiPembayaranTV
                0x00098924                setDebugData
                0x0006c26c                inputTrxPulsa
                0x0007fee0                viewBatch2
                0x0006e82c                KonfirmasiPembayaranPulsa
                0x000818f8                strFormatDatTimBRI2
                0x0008178c                strFormatDatTimBRI
                0x0007e360                briLogUpdate
                0x0006e610                KonfirmasiTransferAntarBank
                0x00072e68                KonfirmasiPembayaranECR
                0x00070fa0                KonfirmasiPembayaranBriva
                0x0006b75c                inputPembayaranTelkom
                0x0006b684                inputPembayaranPdam
                0x0006d44c                KonfirmasiMinInput
                0x0006f3ac                KonfirmasiTarikTunai
                0x00073614                magStripeInput
                0x0006a7fc                isBRIInquiryTransaction
                0x000802a0                briLogCalcTotal
                0x00098e58                setFirstPowerOnTempFlag
                0x00073398                KonfirmasiSetMQPSVEPS
                0x0006a410                pmtBRIKonfirmasiTanpaInquiry
                0x000958ec                briLogDuplicata
                0x000973a8                cLogReset
                0x0007ac14                parseField48
                0x0008352c                briPrintData
                0x0006a084                whichBRITransaction
                0x0006dc00                inputTarikTunai
                0x0006a10c                pmtBRICustomInput
                0x00072b8c                konfirmasiSettingTIDMID
                0x00069e7c                isBRISaveToBatch
                0x0006a358                infoKodeUniv
                0x0006e508                KonfirmasiTransferSesamaBRI
                0x00074a4c                KonfirmasiAktivasiKartu
                0x0007a9a4                parseField60
                0x000703a0                KonfirmasiPembayaranPdam
                0x000728e8                KonfirmasiTrxTransfer
                0x00098f34                getInfoEcr
                0x00069d0c                isBRIPrint
                0x0006cd88                inputPembayaranSPP
                0x0009658c                briLogSaveCurContext
                0x0006bd18                inputRedeem
                0x00072e34                printVersion
                0x00074fe4                KonfirmasiRegistrasiSmsBanking
                0x0009695c                briLogLoadCurContext
                0x0006c794                inputPembayaranKKHSBC
 .text          0x0009b320     0x1b08 Obj/DEBUG_T2/AES.o
                0x0009b7c0                InvShiftRows
                0x0009cc94                AESLoadKey
                0x0009b85c                ShiftRows
                0x0009b8f8                InvMixColumns
                0x0009cb78                AESCipher
                0x0009cd40                AESEncrypt
                0x0009ca5c                AESInvCipher
                0x0009c828                MixColumns
                0x0009cdb4                AESDecrypt
                0x0009b750                SubBytes
                0x0009b3b8                AESKeyExpansion
                0x0009b320                getSBoxInvert
                0x0009b6e0                InvSubBytes
                0x0009b36c                getSBoxValue
                0x0009b654                AddRoundKey
 .text          0x0009ce28     0x14e4 Obj/DEBUG_T2/keyinject.o
                0x0009dc00                store_acqTMKRefNo
                0x0009dd74                strdec2bin
                0x0009dcd8                store_acqTAKnTLE
                0x0009d29c                injectOpenCom
                0x0009da04                storeWorkingKey
                0x0009d874                storeMasterKey
                0x0009d684                loadTransportTest
                0x0009d61c                gen_random_data
                0x0009e11c                req4Key
                0x0009de2c                storeKeyFromTMS
                0x0009db94                store_acqTMK
                0x0009d320                injectCloseCom
                0x0009dc6c                store_acqTAKLogon
 .text          0x0009e30c     0x9284 Obj/DEBUG_T2/prepaid.o
                0x000a19b4                pmtPrepaidInit
                0x0009e858                checkResponseMessage
                0x000a60fc                printPrepaidSummary
                0x0009ecd0                sendReceiveMessage
                0x000a6d34                getPrepaidNii
                0x000a0714                reaktivasiInquiry
                0x0009fa90                topUp
                0x000a5454                prepaidReprint
                0x0009e804                closeCom
                0x000a5478                prepaidDateSummary
                0x000a4298                pmtPrepaidReaktivasi
                0x000a6fa8                getPrepaidCardInfo
                0x0009e9d0                buildMessage
                0x000a5358                isPrepaidTransaction
                0x000a11ac                getPrepaidBatchNumber
                0x000a23bc                pmtPrepaidPaymentDisc
                0x000a007c                redeem
                0x000a3970                pmtPrepaidPrintLog
                0x000a0060                redeemInquiry
                0x000a0184                infoKartu
                0x000a74cc                debugData
                0x000a68c0                prepaidSettlementReceipt
                0x000a1158                getPrepaidRefNumber
                0x0009f51c                displayAmount
                0x000a132c                pmtBrizzi
                0x000a17cc                autoSamInit
                0x000a1a74                pmtPrepaidInfoSaldo
                0x0009f2d0                infoInquiry
                0x000a1280                decString2Hex
                0x0009fd78                prepaidAktivasi
                0x000a3474                pmtPrepaidRedeem
                0x000a3360                pmtPrepaidRedeemInquiry
                0x0009f100                infoSaldo
                0x0009eed4                processToReader
                0x000a5bf4                printPrepaidRecDetail
                0x000a2dfc                pmtPrepaidTopUp
                0x000a56fc                prepaidPrintDetail
                0x000a6750                prepaidBatchIncrement
                0x000a10c8                updatePrepaidRefNumber
                0x000a73e8                ubahTanggalKartuPrepaid
                0x000a0394                transLog
                0x000a4498                pmtPrepaidVoidInquiry
                0x000a34b8                pmtPrepaidInfoKartu
                0x000a707c                getPrepaidVoidTrans
                0x000a40f0                pmtPrepaidReaktivasiInquiry
                0x000a4ca8                KonfirmasiPrepaidRedeem
                0x000a2c6c                pmtPrepaidInquiry
                0x000a6cc4                clearPrepaidReversalFlag
                0x0009f630                prepaidSale
                0x000a4664                pmtPrepaidVoid
                0x000a5308                KonfirmasiPrepaidVoid
                0x000a1204                xx_hex_dump
                0x000a0ccc                voidBrizzi
                0x000a55a8                prepaidDateDetail
                0x000a27b4                pmtPrepaidPayment
                0x000a4f28                KonfirmasiPrepaidReaktivasi
                0x000a6c04                doPrepaidReversal
                0x000a1e10                pmtPrepaidInfoDeposit
                0x000a56dc                prepaidAllDetail
                0x000a48b4                getPrepaidTidMid
                0x0009e780                openCom
                0x000a0fb4                ubahTanggal
                0x000a18f0                pmtPrepaidInitSaldo
                0x0009ef84                samInit
                0x000a3110                pmtPrepaidAktivasiDeposit
                0x000a4ab0                selectPrepaidInit
                0x000a559c                prepaidAllSummary
                0x000a0960                reaktivasi
 .text          0x000a7590      0xcc8 Obj/DEBUG_T2/logon.o
                0x000a7590                DateToInt
                0x000a7710                debitLogon
                0x000a76b8                TimeToInt
 .text          0x000a8258       0x68 Obj/DEBUG_T2/rsagen.o
                0x000a8258                RSAKeyPair
 .text          0x000a82c0      0x794 Obj/DEBUG_T2/prsa.o
                0x000a8818                ConvertHexStringToData
                0x000a8608                rsa_free
                0x000a82c0                rsa_initialization
                0x000a88c0                genRSAKeyPair
                0x000a8758                ha_to_i
                0x000a869c                a_to_hc
                0x000a8300                rsa_gen_key
 .text          0x000a8a54     0x6574 Obj/DEBUG_T2/bignum.o
                0x000aa56c                mpi_sub_mpi
                0x000a8bac                mpi_copy
                0x000acf60                mpi_div_mpi
                0x000a8d48                mpi_get_bit
                0x000aa6c0                mpi_sub_int
                0x000ad734                mpi_div_int
                0x000acf18                mpi_mul_int
                0x000acd6c                mpi_mul_mpi
                0x000aa068                mpi_add_abs
                0x000a8a54                mpi_init
                0x000a8efc                mpi_msb
                0x000aa494                mpi_add_mpi
                0x000a9ff4                mpi_cmp_int
                0x000aa644                mpi_add_int
                0x000adc4c                mpi_exp_mod
                0x000a8e74                mpi_lsb
                0x000a8ae4                mpi_grow
                0x000ad888                mpi_mod_int
                0x000aeda0                mpi_gen_prime
                0x000a96f0                mpi_write_file
                0x000ad7c0                mpi_mod_mpi
                0x000a988c                mpi_read_binary
                0x000a8c74                mpi_swap
                0x000a9588                mpi_read_file
                0x000a8cb8                mpi_lset
                0x000a9a44                mpi_shift_l
                0x000a8f8c                mpi_size
                0x000aa38c                mpi_sub_abs
                0x000a8d94                mpi_set_bit
                0x000ae520                mpi_inv_mod
                0x000a9d3c                mpi_cmp_abs
                0x000ae47c                mpi_fill_random
                0x000a9394                mpi_write_string
                0x000a9be4                mpi_shift_r
                0x000a9054                mpi_read_string
                0x000a8a84                mpi_free
                0x000ae9b0                mpi_is_prime
                0x000ae280                mpi_gcd
                0x000a998c                mpi_write_binary
                0x000a9e78                mpi_cmp_mpi
 .text          0x000aefc8     0x2f8c Obj/DEBUG_T2/havege.o
                0x000b1ea4                havege_init
                0x000b1ed0                havege_rand
 .text          0x000b1f54       0x10 Obj/DEBUG_T2/timing.o
                0x000b1f54                hardclock
 .text          0x000b1f64       0x4c C:/Program Files/SDK30/SDK 9.20.0.01/SDK/lib_gnu/eft30.lib(iam1.o)
                0x000b1f64                Send_Message
 .text          0x000b1fb0       0x54 C:/Program Files/SDK30/SDK 9.20.0.01/SDK/lib_gnu/eft30.lib(iamtd1.o)
                0x000b1fb0                iamlib_open
                0x000b1ff4                iamlib_close
 .text          0x000b2004       0x64 C:/Program Files/SDK30/SDK 9.20.0.01/SDK/lib_gnu/eft30.lib(extens280.o)
                0x000b2004                USR_ServiceCall
 .text          0x000b2068       0x4c C:/Program Files/SDK30/SDK 9.20.0.01/SDK/lib_gnu/eft30.lib(extens53.o)
                0x000b2068                d_tolong
 .text          0x000b20b4       0x4c C:/Program Files/SDK30/SDK 9.20.0.01/SDK/lib_gnu/eft30.lib(extens89.o)
                0x000b20b4                GetSemaphoreUser
 .text          0x000b2100       0x4c C:/Program Files/SDK30/SDK 9.20.0.01/SDK/lib_gnu/eft30.lib(extens90.o)
                0x000b2100                FreeSemaphoreUser
 .text          0x000b214c       0x4c C:/Program Files/SDK30/SDK 9.20.0.01/SDK/lib_gnu/eft30.lib(extens93.o)
                0x000b214c                GetDelayUser
 .text          0x000b2198       0x4c C:/Program Files/SDK30/SDK 9.20.0.01/SDK/lib_gnu/eft30.lib(extens94.o)
                0x000b2198                FreeDelayUser
 .text          0x000b21e4       0x54 C:/Program Files/SDK30/SDK 9.20.0.01/SDK/lib_gnu/eft30.lib(extenstd1.o)
                0x000b2228                extenslib_close
                0x000b21e4                extenslib_open
 .text          0x000b2238       0x50 C:/Program Files/SDK30/SDK 9.20.0.01/SDK/lib_gnu/eft30.lib(extenstdeux5.o)
                0x000b2238                Get_TypeCode
 .text          0x000b2288       0x44 C:/Program Files/SDK30/SDK 9.20.0.01/SDK/lib_gnu/eft30.lib(extensostd119.o)
                0x000b2288                StateHeader
 .text          0x000b22cc       0x48 C:/Program Files/SDK30/SDK 9.20.0.01/SDK/lib_gnu/eft30.lib(param17.o)
                0x000b22cc                PSQ_Donner_noserie
 .text          0x000b2314       0x50 C:/Program Files/SDK30/SDK 9.20.0.01/SDK/lib_gnu/eft30.lib(param46.o)
                0x000b2314                PSQ_Update_Cash_Connection
 .text          0x000b2364       0x48 C:/Program Files/SDK30/SDK 9.20.0.01/SDK/lib_gnu/eft30.lib(param72.o)
                0x000b2364                PSQ_donner_type_pinpad
 .text          0x000b23ac       0x54 C:/Program Files/SDK30/SDK 9.20.0.01/SDK/lib_gnu/eft30.lib(paramtd1.o)
                0x000b23ac                paramlib_open
                0x000b23f0                paramlib_close
 .text          0x000b2400       0x48 C:/Program Files/SDK30/SDK 9.20.0.01/SDK/lib_gnu/eft30.lib(pinpad10.o)
                0x000b2400                PPS_firstline
 .text          0x000b2448       0x4c C:/Program Files/SDK30/SDK 9.20.0.01/SDK/lib_gnu/eft30.lib(pinpad12.o)
                0x000b2448                PPS_Display
 .text          0x000b2494       0x4c C:/Program Files/SDK30/SDK 9.20.0.01/SDK/lib_gnu/eft30.lib(pinpad15.o)
                0x000b2494                PPS_clear_display
 .text          0x000b24e0       0x48 C:/Program Files/SDK30/SDK 9.20.0.01/SDK/lib_gnu/eft30.lib(pinpad8.o)
                0x000b24e0                PPS_newline
 .text          0x000b2528       0x48 C:/Program Files/SDK30/SDK 9.20.0.01/SDK/lib_gnu/eft30.lib(pinpad9.o)
                0x000b2528                PPS_clearline
 .text          0x000b2570       0x54 C:/Program Files/SDK30/SDK 9.20.0.01/SDK/lib_gnu/eft30.lib(pinpadtd1.o)
                0x000b2570                pinpadlib_open
                0x000b25b4                pinpadlib_close
 .text          0x000b25c4       0x48 C:/Program Files/SDK30/SDK 9.20.0.01/SDK/lib_gnu/eft30.lib(sv24.o)
                0x000b25c4                SV_read_date
 .text          0x000b260c       0x48 C:/Program Files/SDK30/SDK 9.20.0.01/SDK/lib_gnu/eft30.lib(sv25.o)
                0x000b260c                SV_write_date
 .text          0x000b2654       0x54 C:/Program Files/SDK30/SDK 9.20.0.01/SDK/lib_gnu/eft30.lib(svtd1.o)
                0x000b2654                svlib_open
                0x000b2698                svlib_close
 .text          0x000b26a8       0x4c C:/Program Files/SDK30/SDK 9.20.0.01/SDK/lib_gnu/eft30.lib(svtd21.o)
                0x000b26a8                SV_input_command
 .text          0x000b26f4       0x4c C:/Program Files/SDK30/SDK 9.20.0.01/SDK/lib_gnu/eft30.lib(svtd22.o)
                0x000b26f4                SV_output_command
 .text          0x000b2740       0x4c C:/Program Files/SDK30/SDK 9.20.0.01/SDK/lib_gnu/eft30.lib(svtd23.o)
                0x000b2740                SV_power_on
 .text          0x000b278c       0x3c C:/Program Files/SDK30/SDK 9.20.0.01/SDK/lib_gnu/eft30.lib(libgr137.o)
                0x000b278c                PaintGraphics
 .text          0x000b27c8       0x48 C:/Program Files/SDK30/SDK 9.20.0.01/SDK/lib_gnu/eft30.lib(libgr35.o)
                0x000b27c8                _clrscr
 .text          0x000b2810       0x48 C:/Program Files/SDK30/SDK 9.20.0.01/SDK/lib_gnu/eft30.lib(libgr40.o)
                0x000b2810                InitContexteGraphique
 .text          0x000b2858       0x60 C:/Program Files/SDK30/SDK 9.20.0.01/SDK/lib_gnu/eft30.lib(libgr41.o)
                0x000b2858                DisplayBitmap
 .text          0x000b28b8       0x48 C:/Program Files/SDK30/SDK 9.20.0.01/SDK/lib_gnu/eft30.lib(libgr49.o)
                0x000b28b8                GetDefaultFont
 .text          0x000b2900       0x4c C:/Program Files/SDK30/SDK 9.20.0.01/SDK/lib_gnu/eft30.lib(libgr54.o)
                0x000b2900                DefCurrentFont
 .text          0x000b294c       0x64 C:/Program Files/SDK30/SDK 9.20.0.01/SDK/lib_gnu/eft30.lib(libgr55.o)
                0x000b294c                DrawExtendedString8859
 .text          0x000b29b0       0x5c C:/Program Files/SDK30/SDK 9.20.0.01/SDK/lib_gnu/eft30.lib(libgr58.o)
                0x000b29b0                pprintf8859
 .text          0x000b2a0c       0x4c C:/Program Files/SDK30/SDK 9.20.0.01/SDK/lib_gnu/eft30.lib(libgr66.o)
                0x000b2a0c                GetExtendedPoliceSize
 .text          0x000b2a58       0x44 C:/Program Files/SDK30/SDK 9.20.0.01/SDK/lib_gnu/eft30.lib(libgr68.o)
                0x000b2a58                LoadFont
 .text          0x000b2a9c       0x4c C:/Program Files/SDK30/SDK 9.20.0.01/SDK/lib_gnu/eft30.lib(libgr7.o)
                0x000b2a9c                CreateGraphics
 .text          0x000b2ae8       0x54 C:/Program Files/SDK30/SDK 9.20.0.01/SDK/lib_gnu/eft30.lib(libgr8.o)
                0x000b2ae8                _SetPixel
 .text          0x000b2b3c       0x48 C:/Program Files/SDK30/SDK 9.20.0.01/SDK/lib_gnu/eft30.lib(libgr82.o)
                0x000b2b3c                PaintPrinterGraphics
 .text          0x000b2b84       0x4c C:/Program Files/SDK30/SDK 9.20.0.01/SDK/lib_gnu/eft30.lib(libgr83.o)
                0x000b2b84                InitPrinterBitmap
 .text          0x000b2bd0       0x64 C:/Program Files/SDK30/SDK 9.20.0.01/SDK/lib_gnu/eft30.lib(libgr86.o)
                0x000b2bd0                _pprintf8859XY
 .text          0x000b2c34       0x54 C:/Program Files/SDK30/SDK 9.20.0.01/SDK/lib_gnu/eft30.lib(libgrtd1.o)
                0x000b2c34                libgrlib_open
                0x000b2c78                libgrlib_close
 .text          0x000b2c88       0x44 C:/Program Files/SDK30/SDK 9.20.0.01/SDK/lib_gnu/eft30.lib(Tools35.o)
                0x000b2c88                TM_read_date
 .text          0x000b2ccc       0x44 C:/Program Files/SDK30/SDK 9.20.0.01/SDK/lib_gnu/eft30.lib(Tools36.o)
                0x000b2ccc                TM_write_date
 .text          0x000b2d10       0x58 C:/Program Files/SDK30/SDK 9.20.0.01/SDK/lib_gnu/eft30.lib(Toolstd1.o)
                0x000b2d58                toolslib_close
                0x000b2d10                toolslib_open
 .text          0x000b2d68       0x60 C:/Program Files/SDK30/SDK 9.20.0.01/SDK/lib_gnu/eft30.lib(gprstd1.o)
                0x000b2db8                gprslib_close
                0x000b2d68                gprslib_open
 .text          0x000b2dc8      0x1d8 C:/Program Files/SDK30/SDK 9.20.0.01/SDK/lib_gnu/eft30.lib(LibAppliT2.o)
                0x000b2eb8                putchar
                0x000b2e1c                printf
                0x000b2e40                format
                0x000b2ed0                puts
                0x000b2dc8                fprintf
                0x000b2de4                vprintf
                0x000b2ee4                InitGK
                0x000b2e00                sprintf
                0x000b2f10                PAY_GetLastReturnCode
                0x000b2f50                WaitOnError
                0x000b2e5c                OEM_exit_asm
                0x000b2e68                __stdprt
                0x000b2f00                TrapResetDiv0
                0x000b2e80                pprintf
 .text          0x000b2fa0        0xe C:/Program Files/SDK30/SDK 9.20.0.01/SDK/lib_gnu/eft30.lib(Telium_Exit.o)
                0x000b2fa0                Telium_Exit
 *fill*         0x000b2fae        0x2 00
 .text          0x000b2fb0       0x4c C:/Program Files/SDK30/SDK 9.20.0.01/SDK/lib_gnu/eft30.lib(extens252.o)
                0x000b2fb0                TM_InitContexteGraphique
 .text          0x000b2ffc       0x10 C:/Program Files/SDK30/SDK 9.20.0.01/SDK/lib_gnu/trap.lib(trap_1302___STDOUT.o)
                0x000b2ffc                __STDOUT
 .text          0x000b300c       0x10 C:/Program Files/SDK30/SDK 9.20.0.01/SDK/lib_gnu/trap.lib(trap_1303_OS_rtc_CurrentTask.o)
                0x000b300c                OS_rtc_CurrentTask
 .text          0x000b301c       0x10 C:/Program Files/SDK30/SDK 9.20.0.01/SDK/lib_gnu/trap.lib(trap_1305_OS_rtc_SignalEvent.o)
                0x000b301c                OS_rtc_SignalEvent
 .text          0x000b302c       0x10 C:/Program Files/SDK30/SDK 9.20.0.01/SDK/lib_gnu/trap.lib(trap_1307_OS_rtc_V.o)
                0x000b302c                OS_rtc_V
 .text          0x000b303c       0x10 C:/Program Files/SDK30/SDK 9.20.0.01/SDK/lib_gnu/trap.lib(trap_1308_OS_rtc_P.o)
                0x000b303c                OS_rtc_P
 .text          0x000b304c       0x10 C:/Program Files/SDK30/SDK 9.20.0.01/SDK/lib_gnu/trap.lib(trap_1309_OS_rtc_StartLDelay.o)
                0x000b304c                OS_rtc_StartLDelay
 .text          0x000b305c       0x10 C:/Program Files/SDK30/SDK 9.20.0.01/SDK/lib_gnu/trap.lib(trap_130A_OS_rtc_StopDelay.o)
                0x000b305c                OS_rtc_StopDelay
 .text          0x000b306c       0x10 C:/Program Files/SDK30/SDK 9.20.0.01/SDK/lib_gnu/trap.lib(trap_130D_OS_rtc_InitSemaphore.o)
                0x000b306c                OS_rtc_InitSemaphore
 .text          0x000b307c       0x10 C:/Program Files/SDK30/SDK 9.20.0.01/SDK/lib_gnu/trap.lib(trap_1313_fclose.o)
                0x000b307c                fclose
 .text          0x000b308c       0x10 C:/Program Files/SDK30/SDK 9.20.0.01/SDK/lib_gnu/trap.lib(trap_1314_fopen.o)
                0x000b308c                fopen
 .text          0x000b309c       0x10 C:/Program Files/SDK30/SDK 9.20.0.01/SDK/lib_gnu/trap.lib(trap_1315_fread.o)
                0x000b309c                fread
 .text          0x000b30ac       0x10 C:/Program Files/SDK30/SDK 9.20.0.01/SDK/lib_gnu/trap.lib(trap_1316_fwrite.o)
                0x000b30ac                fwrite
 .text          0x000b30bc       0x10 C:/Program Files/SDK30/SDK 9.20.0.01/SDK/lib_gnu/trap.lib(trap_1319_getc.o)
                0x000b30bc                getc
 .text          0x000b30cc       0x10 C:/Program Files/SDK30/SDK 9.20.0.01/SDK/lib_gnu/trap.lib(trap_131A_reset_buf.o)
                0x000b30cc                reset_buf
 .text          0x000b30dc       0x10 C:/Program Files/SDK30/SDK 9.20.0.01/SDK/lib_gnu/trap.lib(trap_131B___STDIN.o)
                0x000b30dc                __STDIN
 .text          0x000b30ec       0x10 C:/Program Files/SDK30/SDK 9.20.0.01/SDK/lib_gnu/trap.lib(trap_131E_status.o)
                0x000b30ec                status
 .text          0x000b30fc       0x10 C:/Program Files/SDK30/SDK 9.20.0.01/SDK/lib_gnu/trap.lib(trap_1320_gotoxy.o)
                0x000b30fc                gotoxy
 .text          0x000b310c       0x10 C:/Program Files/SDK30/SDK 9.20.0.01/SDK/lib_gnu/trap.lib(trap_1323__vfprintf.o)
                0x000b310c                _vfprintf
 .text          0x000b311c       0x10 C:/Program Files/SDK30/SDK 9.20.0.01/SDK/lib_gnu/trap.lib(trap_1324_vsprintf.o)
                0x000b311c                vsprintf
 .text          0x000b312c       0x10 C:/Program Files/SDK30/SDK 9.20.0.01/SDK/lib_gnu/trap.lib(trap_1325_fgets.o)
                0x000b312c                fgets
 .text          0x000b313c       0x10 C:/Program Files/SDK30/SDK 9.20.0.01/SDK/lib_gnu/trap.lib(trap_1328_putc.o)
                0x000b313c                putc
 .text          0x000b314c       0x10 C:/Program Files/SDK30/SDK 9.20.0.01/SDK/lib_gnu/trap.lib(trap_1329_ttestall.o)
                0x000b314c                ttestall
 .text          0x000b315c       0x10 C:/Program Files/SDK30/SDK 9.20.0.01/SDK/lib_gnu/trap.lib(trap_132A_fork.o)
                0x000b315c                fork
 .text          0x000b316c       0x10 C:/Program Files/SDK30/SDK 9.20.0.01/SDK/lib_gnu/trap.lib(trap_132B_kill.o)
                0x000b316c                kill
 .text          0x000b317c       0x10 C:/Program Files/SDK30/SDK 9.20.0.01/SDK/lib_gnu/trap.lib(trap_132C_FormatOem.o)
                0x000b317c                FormatOem
 .text          0x000b318c       0x10 C:/Program Files/SDK30/SDK 9.20.0.01/SDK/lib_gnu/trap.lib(trap_1332_EMV_apdu.o)
                0x000b318c                EMV_apdu
 .text          0x000b319c       0x10 C:/Program Files/SDK30/SDK 9.20.0.01/SDK/lib_gnu/trap.lib(trap_1335_EMV_power_on.o)
                0x000b319c                EMV_power_on
 .text          0x000b31ac       0x10 C:/Program Files/SDK30/SDK 9.20.0.01/SDK/lib_gnu/trap.lib(trap_1336_power_on.o)
                0x000b31ac                power_on
 .text          0x000b31bc       0x10 C:/Program Files/SDK30/SDK 9.20.0.01/SDK/lib_gnu/trap.lib(trap_1338_input_command.o)
                0x000b31bc                input_command
 .text          0x000b31cc       0x10 C:/Program Files/SDK30/SDK 9.20.0.01/SDK/lib_gnu/trap.lib(trap_1339_output_command.o)
                0x000b31cc                output_command
 .text          0x000b31dc       0x10 C:/Program Files/SDK30/SDK 9.20.0.01/SDK/lib_gnu/trap.lib(trap_1348_ObjectGetInfo.o)
                0x000b31dc                ObjectGetInfo
 .text          0x000b31ec       0x10 C:/Program Files/SDK30/SDK 9.20.0.01/SDK/lib_gnu/trap.lib(trap_1349_ObjectLoad.o)
                0x000b31ec                ObjectLoad
 .text          0x000b31fc       0x10 C:/Program Files/SDK30/SDK 9.20.0.01/SDK/lib_gnu/trap.lib(trap_134D_ServiceRegister.o)
                0x000b31fc                ServiceRegister
 .text          0x000b320c       0x10 C:/Program Files/SDK30/SDK 9.20.0.01/SDK/lib_gnu/trap.lib(trap_134E_ServiceGet.o)
                0x000b320c                ServiceGet
 .text          0x000b321c       0x10 C:/Program Files/SDK30/SDK 9.20.0.01/SDK/lib_gnu/trap.lib(trap_1350_DllLink.o)
                0x000b321c                DllLink
 .text          0x000b322c       0x10 C:/Program Files/SDK30/SDK 9.20.0.01/SDK/lib_gnu/trap.lib(trap_1352_DllUnlink.o)
                0x000b322c                DllUnlink
 .text          0x000b323c       0x10 C:/Program Files/SDK30/SDK 9.20.0.01/SDK/lib_gnu/trap.lib(trap_1356_stdperif.o)
                0x000b323c                stdperif
 .text          0x000b324c       0x10 C:/Program Files/SDK30/SDK 9.20.0.01/SDK/lib_gnu/trap.lib(trap_135B_StartRetroEclairage.o)
                0x000b324c                StartRetroEclairage
 .text          0x000b325c       0x10 C:/Program Files/SDK30/SDK 9.20.0.01/SDK/lib_gnu/trap.lib(trap_135C_StopRetroEclairage.o)
                0x000b325c                StopRetroEclairage
 .text          0x000b326c       0x10 C:/Program Files/SDK30/SDK 9.20.0.01/SDK/lib_gnu/trap.lib(trap_1369_startupcv20.o)
                0x000b326c                startupcv20
 .text          0x000b327c       0x10 C:/Program Files/SDK30/SDK 9.20.0.01/SDK/lib_gnu/trap.lib(trap_1373_ctrl_date.o)
                0x000b327c                ctrl_date
 .text          0x000b328c       0x10 C:/Program Files/SDK30/SDK 9.20.0.01/SDK/lib_gnu/trap.lib(trap_1374_defprinterpattern.o)
                0x000b328c                defprinterpattern
 .text          0x000b329c       0x10 C:/Program Files/SDK30/SDK 9.20.0.01/SDK/lib_gnu/trap.lib(trap_1375_download.o)
                0x000b329c                download
 .text          0x000b32ac       0x10 C:/Program Files/SDK30/SDK 9.20.0.01/SDK/lib_gnu/trap.lib(trap_1378_OEM_exit.o)
                0x000b32ac                OEM_exit
 .text          0x000b32bc       0x10 C:/Program Files/SDK30/SDK 9.20.0.01/SDK/lib_gnu/trap.lib(trap_137B_is_iso2.o)
                0x000b32bc                is_iso2
 .text          0x000b32cc       0x10 C:/Program Files/SDK30/SDK 9.20.0.01/SDK/lib_gnu/trap.lib(trap_137C_is_iso3.o)
                0x000b32cc                is_iso3
 .text          0x000b32dc       0x10 C:/Program Files/SDK30/SDK 9.20.0.01/SDK/lib_gnu/trap.lib(trap_137D_is_iso1.o)
                0x000b32dc                is_iso1
 .text          0x000b32ec       0x10 C:/Program Files/SDK30/SDK 9.20.0.01/SDK/lib_gnu/trap.lib(trap_138B_FS_dskcreate.o)
                0x000b32ec                FS_dskcreate
 .text          0x000b32fc       0x10 C:/Program Files/SDK30/SDK 9.20.0.01/SDK/lib_gnu/trap.lib(trap_138D_FS_mount.o)
                0x000b32fc                FS_mount
 .text          0x000b330c       0x10 C:/Program Files/SDK30/SDK 9.20.0.01/SDK/lib_gnu/trap.lib(trap_138E_FS_unmount.o)
                0x000b330c                FS_unmount
 .text          0x000b331c       0x10 C:/Program Files/SDK30/SDK 9.20.0.01/SDK/lib_gnu/trap.lib(trap_1395_FS_opendir.o)
                0x000b331c                FS_opendir
 .text          0x000b332c       0x10 C:/Program Files/SDK30/SDK 9.20.0.01/SDK/lib_gnu/trap.lib(trap_1396_FS_readdir.o)
                0x000b332c                FS_readdir
 .text          0x000b333c       0x10 C:/Program Files/SDK30/SDK 9.20.0.01/SDK/lib_gnu/trap.lib(trap_1397_FS_closedir.o)
                0x000b333c                FS_closedir
 .text          0x000b334c       0x10 C:/Program Files/SDK30/SDK 9.20.0.01/SDK/lib_gnu/trap.lib(trap_1398_FS_rename.o)
                0x000b334c                FS_rename
 .text          0x000b335c       0x10 C:/Program Files/SDK30/SDK 9.20.0.01/SDK/lib_gnu/trap.lib(trap_1399_FS_unlink.o)
                0x000b335c                FS_unlink
 .text          0x000b336c       0x10 C:/Program Files/SDK30/SDK 9.20.0.01/SDK/lib_gnu/trap.lib(trap_139B_FS_open.o)
                0x000b336c                FS_open
 .text          0x000b337c       0x10 C:/Program Files/SDK30/SDK 9.20.0.01/SDK/lib_gnu/trap.lib(trap_139C_FS_close.o)
                0x000b337c                FS_close
 .text          0x000b338c       0x10 C:/Program Files/SDK30/SDK 9.20.0.01/SDK/lib_gnu/trap.lib(trap_139D_FS_read.o)
                0x000b338c                FS_read
 .text          0x000b339c       0x10 C:/Program Files/SDK30/SDK 9.20.0.01/SDK/lib_gnu/trap.lib(trap_139E_FS_write.o)
                0x000b339c                FS_write
 .text          0x000b33ac       0x10 C:/Program Files/SDK30/SDK 9.20.0.01/SDK/lib_gnu/trap.lib(trap_139F_FS_flush.o)
                0x000b33ac                FS_flush
 .text          0x000b33bc       0x10 C:/Program Files/SDK30/SDK 9.20.0.01/SDK/lib_gnu/trap.lib(trap_13A1_FS_length.o)
                0x000b33bc                FS_length
 .text          0x000b33cc       0x10 C:/Program Files/SDK30/SDK 9.20.0.01/SDK/lib_gnu/trap.lib(trap_13A2_FS_seek.o)
                0x000b33cc                FS_seek
 .text          0x000b33dc       0x10 C:/Program Files/SDK30/SDK 9.20.0.01/SDK/lib_gnu/trap.lib(trap_13A8_info_seg.o)
                0x000b33dc                info_seg
 .text          0x000b33ec       0x10 C:/Program Files/SDK30/SDK 9.20.0.01/SDK/lib_gnu/trap.lib(trap_13AA_num_seg.o)
                0x000b33ec                num_seg
 .text          0x000b33fc       0x10 C:/Program Files/SDK30/SDK 9.20.0.01/SDK/lib_gnu/trap.lib(trap_13AB_first_init.o)
                0x000b33fc                first_init
 .text          0x000b340c       0x10 C:/Program Files/SDK30/SDK 9.20.0.01/SDK/lib_gnu/trap.lib(trap_13B2_ApplicationGetCurrent.o)
                0x000b340c                ApplicationGetCurrent
 .text          0x000b341c       0x10 C:/Program Files/SDK30/SDK 9.20.0.01/SDK/lib_gnu/trap.lib(trap_13B9_buzzer.o)
                0x000b341c                buzzer
 .text          0x000b342c       0x10 C:/Program Files/SDK30/SDK 9.20.0.01/SDK/lib_gnu/trap.lib(trap_13BE_GiveNoTask.o)
                0x000b342c                GiveNoTask
 .text          0x000b343c       0x10 C:/Program Files/SDK30/SDK 9.20.0.01/SDK/lib_gnu/trap.lib(trap_13C2_InitGkDrv.o)
                0x000b343c                InitGkDrv
 .text          0x000b344c       0x10 C:/Program Files/SDK30/SDK 9.20.0.01/SDK/lib_gnu/trap.lib(trap_13CE_closesocket.o)
                0x000b344c                closesocket
 .text          0x000b345c       0x10 C:/Program Files/SDK30/SDK 9.20.0.01/SDK/lib_gnu/trap.lib(trap_13CF_connect.o)
                0x000b345c                connect
 .text          0x000b346c       0x10 C:/Program Files/SDK30/SDK 9.20.0.01/SDK/lib_gnu/trap.lib(trap_13D6_shutdownsocket.o)
                0x000b346c                shutdownsocket
 .text          0x000b347c       0x10 C:/Program Files/SDK30/SDK 9.20.0.01/SDK/lib_gnu/trap.lib(trap_13D7_socket.o)
                0x000b347c                socket
 .text          0x000b348c       0x10 C:/Program Files/SDK30/SDK 9.20.0.01/SDK/lib_gnu/trap.lib(trap_1406_umalloc.o)
                0x000b348c                umalloc
 .text          0x000b349c       0x10 C:/Program Files/SDK30/SDK 9.20.0.01/SDK/lib_gnu/trap.lib(trap_1407_ufree.o)
                0x000b349c                ufree
 .text          0x000b34ac       0x10 C:/Program Files/SDK30/SDK 9.20.0.01/SDK/lib_gnu/trap.lib(trap_1414_fioctl.o)
                0x000b34ac                fioctl
 .text          0x000b34bc       0x10 C:/Program Files/SDK30/SDK 9.20.0.01/SDK/lib_gnu/trap.lib(trap_1426_get_tick_counter.o)
                0x000b34bc                get_tick_counter
 .text          0x000b34cc       0x10 C:/Program Files/SDK30/SDK 9.20.0.01/SDK/lib_gnu/trap.lib(trap_1432_SystemFioctl.o)
                0x000b34cc                SystemFioctl
 .text          0x000b34dc      0x15c C:/Program Files/SDK30/SDK 9.20.0.01/SDK/lib_gnu/AVL.lib(Proxy.o)
                0x000b3620                TlvTree_SetTag
                0x000b362c                TlvTree_Copy
                0x000b3548                TlvTree_Serialize
                0x000b35b4                TlvTree_GetTag
                0x000b35c0                TlvTree_GetLength
                0x000b35a8                TlvTree_GetNext
                0x000b3578                TlvTree_Iterate
                0x000b359c                TlvTree_GetParent
                0x000b34e8                TlvTree_AddChild
                0x000b34f4                TlvTree_AddChildInteger
                0x000b3600                TlvTree_SetDataInteger
                0x000b356c                TlvTree_Find
                0x000b3510                TlvTree_AddChildString
                0x000b3560                TlvTree_Unserialize
                0x000b35cc                TlvTree_GetData
                0x000b35d8                TlvTree_SetData
                0x000b3590                TlvTree_GetFirstChild
                0x000b35e4                TlvTree_SetDataString
                0x000b3554                TlvTree_GetSerializationSize
                0x000b353c                TlvTree_Release
                0x000b3530                TlvTree_Graft
                0x000b34dc                TlvTree_New
 .text          0x000b3638       0xa0 C:/Program Files/SDK30/SDK 9.20.0.01/SDK/lib_gnu/AVL.lib(Serializer.o)
                0x000b36b4                __TlvTree_GetSerializationSize
                0x000b3664                __TlvTree_Unserialize
                0x000b3638                __TlvTree_Serialize
 .text          0x000b36d8      0x2c8 C:/Program Files/SDK30/SDK 9.20.0.01/SDK/lib_gnu/AVL.lib(Serializer_Default.o)
                0x000b3748                __TlvTree_Serialize_Default
                0x000b389c                __TlvTree_Unserialize_Default
                0x000b3858                __TlvTree_GetSerializationSize_Default
 .text          0x000b39a0      0x7a4 C:/Program Files/SDK30/SDK 9.20.0.01/SDK/lib_gnu/AVL.lib(Serializer_Xml.o)
                0x000b4054                __TlvTree_Unserialize_Xml
                0x000b3c88                __TlvTree_GetSerializationSize_Xml
                0x000b3a74                __TlvTree_Serialize_Xml
 .text          0x000b4144      0x1a4 C:/Program Files/SDK30/SDK 9.20.0.01/SDK/lib_gnu/AVL.lib(XMLs.o)
                0x000b417c                XMLs_Create
                0x000b41b4                XMLs_Destroy
                0x000b4298                XMLs_ParseBuffer
                0x000b4204                XMLs_ParseStream
 .text          0x000b42e8      0x7fc C:/Program Files/SDK30/SDK 9.20.0.01/SDK/lib_gnu/AVL.lib(XMLs_Parser.o)
                0x000b4398                XMLs_Attributes_Close
                0x000b436c                XMLs_Attributes_Open
                0x000b4564                XMLgr_Document
 .text          0x000b4ae4      0x254 C:/Program Files/SDK30/SDK 9.20.0.01/SDK/lib_gnu/AVL.lib(XMLs_ProcessData.o)
                0x000b4ae4                XMLs_ProcessData
 .text          0x000b4d38       0xf0 C:/Program Files/SDK30/SDK 9.20.0.01/SDK/lib_gnu/AVL.lib(XMLs_Attributes.o)
                0x000b4d38                XMLs_Attributes_GetCount
                0x000b4d4c                XMLs_Attributes_GetByIndex
                0x000b4dd0                XMLs_Attributes_GetByName
 .text          0x000b4e28       0xbc C:/Program Files/SDK30/SDK 9.20.0.01/SDK/lib_gnu/AVL.lib(XMLs_Common.o)
                0x000b4e28                XMLs_CheckHandle
                0x000b4ed8                XMLstr_Set
                0x000b4e74                XMLs_SetUserData
                0x000b4e40                XMLs_Abort
                0x000b4ea8                XMLs_GetUserData
 .text          0x000b4ee4       0x90 C:/Program Files/SDK30/SDK 9.20.0.01/SDK/lib_gnu/AVL.lib(XMLs_Options.o)
                0x000b4f30                XMLs_GetOption
                0x000b4ee4                XMLs_SetOption
 .text          0x000b4f74      0x144 C:/Program Files/SDK30/SDK 9.20.0.01/SDK/lib_gnu/AVL.lib(XMLs_Buffer.o)
                0x000b4f74                XMLs_Buffer_New
                0x000b4f9c                XMLs_Buffer_Release
                0x000b50a0                XMLs_Buffer_Tell
                0x000b507c                XMLs_Buffer_GetC
                0x000b5024                XMLs_Buffer_Fill
                0x000b4fb8                XMLs_Buffer_Clear
                0x000b50a4                XMLs_Buffer_Seek
 .text          0x000b50b8       0xe0 C:/Program Files/SDK30/SDK 9.20.0.01/SDK/lib_gnu/AVL.lib(XMLs_Stream.o)
                0x000b5174                XMLs_STREAM_Destroy
                0x000b512c                XMLs_STREAM_SetOption
                0x000b50d8                XMLs_STREAM_Create
                0x000b510c                XMLs_STREAM_SetUserData
 .text          0x000b5198      0x314 C:/Program Files/SDK30/SDK 9.20.0.01/SDK/lib_gnu/AVL.lib(Internal.o)
                0x000b5328                __TlvTree_Find
                0x000b5378                __TlvTree_GetNext
                0x000b51d0                __TlvTree_SetData
                0x000b5478                __TlvTree_Release
                0x000b5370                __TlvTree_GetFirstChild
                0x000b5394                __TlvTree_GetData
                0x000b53fc                __TlvTree_RemoveChild
                0x000b5398                __TlvTree_Copy
                0x000b537c                __TlvTree_GetTag
                0x000b51c0                __TlvTree_New
                0x000b5198                __TlvTree_NewNode
                0x000b522c                __TlvTree_AddChild
                0x000b5228                __TlvTree_SetTag
                0x000b5260                __TlvTree_Graft
                0x000b5380                __TlvTree_GetLength
                0x000b5374                __TlvTree_GetParent
                0x000b544c                __TlvTree_DeleteNode
                0x000b52ac                __TlvTree_GetNextNode
 .text          0x000b54ac       0xc4 C:/Program Files/SDK30/SDK 9.20.0.01/SDK/lib_gnu/SEC.lib(SECLibOpenClose.o)
                0x000b54b4                SEClib_Open
                0x000b54ac                SEClib_Version
                0x000b5554                SEClib_Close
 .text          0x000b5570       0x48 C:/Program Files/SDK30/SDK 9.20.0.01/SDK/lib_gnu/SEC.lib(SEC1.o)
                0x000b5570                SEC_Version
 .text          0x000b55b8       0x48 C:/Program Files/SDK30/SDK 9.20.0.01/SDK/lib_gnu/SEC.lib(SEC7.o)
                0x000b55b8                SEC_InitVar
 .text          0x000b5600       0x54 C:/Program Files/SDK30/SDK 9.20.0.01/SDK/lib_gnu/SEC.lib(SEC8.o)
                0x000b5600                SEC_SetConfig
 .text          0x000b5654       0x54 C:/Program Files/SDK30/SDK 9.20.0.01/SDK/lib_gnu/SEC.lib(SEC9.o)
                0x000b5654                SEC_GetConfig
 .text          0x000b56a8       0x54 C:/Program Files/SDK30/SDK 9.20.0.01/SDK/lib_gnu/SEC.lib(SEC10.o)
                0x000b56a8                SEC_listSecureId
 .text          0x000b56fc       0x58 C:/Program Files/SDK30/SDK 9.20.0.01/SDK/lib_gnu/SEC.lib(SEC11.o)
                0x000b56fc                SEC_isSecretArea
 .text          0x000b5754       0x5c C:/Program Files/SDK30/SDK 9.20.0.01/SDK/lib_gnu/SEC.lib(SEC19.o)
                0x000b5754                SEC_CreateSecretArea
 .text          0x000b57b0       0x58 C:/Program Files/SDK30/SDK 9.20.0.01/SDK/lib_gnu/SEC.lib(SEC20.o)
                0x000b57b0                SEC_FreeSecret
 .text          0x000b5808       0x60 C:/Program Files/SDK30/SDK 9.20.0.01/SDK/lib_gnu/SEC.lib(SEC21.o)
                0x000b5808                SEC_LoadKey
 .text          0x000b5868       0x58 C:/Program Files/SDK30/SDK 9.20.0.01/SDK/lib_gnu/SEC.lib(SEC22.o)
                0x000b5868                SEC_PinEntryInit
 .text          0x000b58c0       0x50 C:/Program Files/SDK30/SDK 9.20.0.01/SDK/lib_gnu/SEC.lib(SEC23.o)
                0x000b58c0                SEC_PinEntry
 .text          0x000b5910       0x64 C:/Program Files/SDK30/SDK 9.20.0.01/SDK/lib_gnu/SEC.lib(SEC24.o)
                0x000b5910                SEC_Iso9564
 .text          0x000b5974       0x54 C:/Program Files/SDK30/SDK 9.20.0.01/SDK/lib_gnu/SEC.lib(SEC25.o)
                0x000b5974                SEC_DukptLoadKSN
 .text          0x000b59c8       0x5c C:/Program Files/SDK30/SDK 9.20.0.01/SDK/lib_gnu/SEC.lib(SEC26.o)
                0x000b59c8                SEC_DukptLoadDerivationKey
 .text          0x000b5a24       0x58 C:/Program Files/SDK30/SDK 9.20.0.01/SDK/lib_gnu/SEC.lib(SEC28.o)
                0x000b5a24                SEC_DukptGenerateInitialKey
 .text          0x000b5a7c       0x64 C:/Program Files/SDK30/SDK 9.20.0.01/SDK/lib_gnu/SEC.lib(SEC31.o)
                0x000b5a7c                SEC_DukptEncryptPin
 .text          0x000b5ae0       0x64 C:/Program Files/SDK30/SDK 9.20.0.01/SDK/lib_gnu/SEC.lib(SEC32.o)
                0x000b5ae0                SEC_ECBCipher
 .text          0x000b5b44       0x5c C:/Program Files/SDK30/SDK 9.20.0.01/SDK/lib_gnu/SEC.lib(SEC34.o)
                0x000b5b44                SEC_ComputeMAC
 .text          0x000b5ba0       0x48 C:/Program Files/SDK30/SDK 9.20.0.01/SDK/lib_gnu/SEC.lib(SEC37.o)
                0x000b5ba0                SEC_InitInstance
 .text          0x000b5be8     0x1570 C:/Program Files/SDK30/SDK 9.20.0.01/SDK/lib_gnu/IP_.lib(EthernetConfig.o)
                0x000b7144                EthernetSetOption
                0x000b670c                EthernetGetBluetoothBaseStatus
                0x000b5e5c                ethernet_conf_init
                0x000b6794                ethernet_conf_load
                0x000b6880                __CheckBT_IsBaseAvailable
                0x000b66a0                _CheckBT_KnownBases
                0x000b7130                EthernetGetOption
                0x000b6648                ethernet_conf_free
                0x000b69e8                ethernet_conf_save
 .text          0x000b7158       0x50 C:/Program Files/SDK30/SDK 9.20.0.01/SDK/lib_gnu/IP_.lib(Telium_IP_Host.o)
                0x000b7190                ResolverGetOption
                0x000b7158                gethostbyname_r
                0x000b7170                gethostbyaddr_r
                0x000b719c                ResolverSetOption
 .text          0x000b71a8      0x13c C:/Program Files/SDK30/SDK 9.20.0.01/SDK/lib_gnu/IP_.lib(Telium_IP_Inet.o)
                0x000b71a8                __inet_addr
                0x000b71b4                __inet_aton
                0x000b72a0                __inet_ntoa
 .text          0x000b72e4       0x74 C:/Program Files/SDK30/SDK 9.20.0.01/SDK/lib_gnu/IP_.lib(Telium_IP_Socket.o)
                0x000b7330                recvfrom
                0x000b72fc                setsockopt
                0x000b7314                sendto
                0x000b734c                fcntlsocket
                0x000b72e4                getsockopt
 .text          0x000b7358       0x50 C:/Program Files/SDK30/SDK 9.20.0.01/SDK/lib_gnu/IP_.lib(PackIP_Internal.o)
                0x000b739e                __SoftwareActivateSWI
                0x000b7362                __fopenSWI
                0x000b7380                __fcloseSWI
                0x000b7358                __SystemFioctlSWI
                0x000b736c                __stdperifSWI
                0x000b7394                __OEM_exitSWI
                0x000b738a                __ttestallSWI
                0x000b7376                __fioctlSWI
 .text          0x000b73a8      0x5b8 C:/Program Files/SDK30/SDK 9.20.0.01/SDK/lib_gnu/LinkLayerExeInterface.lib(LinkLayerServices.o)
                0x000b7464                LL_GetInfo
                0x000b7708                LL_WaitEvent
                0x000b76b0                LL_GetLastError
                0x000b7658                LL_ClearSendBuffer
                0x000b7884                LL_GSM_Start
                0x000b7904                LL_GetHandle
                0x000b75d0                LL_Receive
                0x000b754c                LL_Send
                0x000b7738                LL_Network_GetStatus
                0x000b74f4                LL_Connect
                0x000b7520                LL_Disconnect
                0x000b77e4                LL_GPRS_Connect
                0x000b7770                LL_GPRS_Start
                0x000b7684                LL_ClearReceiveBuffer
                0x000b78dc                LL_GSM_Stop
                0x000b73a8                LL_Configure
                0x000b785c                LL_GPRS_Stop
                0x000b76dc                LL_GetStatus
 .text          0x000b7960       0x10 C:/Program Files/SDK30/SDK 9.20.0.01/SDK/lib_gnu/trap.lib(trap_1386_upload_diagnostic_txt.o)
                0x000b7960                upload_diagnostic_txt
 .text          0x000b7970       0x10 C:/Program Files/SDK30/SDK 9.20.0.01/SDK/lib_gnu/trap.lib(trap_138C_FS_dskkill.o)
                0x000b7970                FS_dskkill
 .text          0x000b7980       0x10 C:/Program Files/SDK30/SDK 9.20.0.01/SDK/lib_gnu/trap.lib(trap_13D8_inet_addr.o)
                0x000b7980                inet_addr
 .text          0x000b7990       0x10 C:/Program Files/SDK30/SDK 9.20.0.01/SDK/lib_gnu/trap.lib(trap_13E2_getsockoptSWI.o)
                0x000b7990                getsockoptSWI
 .text          0x000b79a0       0x10 C:/Program Files/SDK30/SDK 9.20.0.01/SDK/lib_gnu/trap.lib(trap_13E3_recvfromSWI.o)
                0x000b79a0                recvfromSWI
 .text          0x000b79b0       0x10 C:/Program Files/SDK30/SDK 9.20.0.01/SDK/lib_gnu/trap.lib(trap_13E5_sendtoSWI.o)
                0x000b79b0                sendtoSWI
 .text          0x000b79c0       0x10 C:/Program Files/SDK30/SDK 9.20.0.01/SDK/lib_gnu/trap.lib(trap_13E6_setsockoptSWI.o)
                0x000b79c0                setsockoptSWI
 .text          0x000b79d0       0x10 C:/Program Files/SDK30/SDK 9.20.0.01/SDK/lib_gnu/trap.lib(trap_13E9_ngResolvSetOption.o)
                0x000b79d0                ngResolvSetOption
 .text          0x000b79e0       0x10 C:/Program Files/SDK30/SDK 9.20.0.01/SDK/lib_gnu/trap.lib(trap_13EA_ngResolvGetOption.o)
                0x000b79e0                ngResolvGetOption
 .text          0x000b79f0       0x10 C:/Program Files/SDK30/SDK 9.20.0.01/SDK/lib_gnu/trap.lib(trap_13ED_gethostbyaddr_rSWI.o)
                0x000b79f0                gethostbyaddr_rSWI
 .text          0x000b7a00       0x10 C:/Program Files/SDK30/SDK 9.20.0.01/SDK/lib_gnu/trap.lib(trap_13EE_gethostbyname_rSWI.o)
                0x000b7a00                gethostbyname_rSWI
 .text          0x000b7a10       0x10 C:/Program Files/SDK30/SDK 9.20.0.01/SDK/lib_gnu/trap.lib(trap_142A_urealloc.o)
                0x000b7a10                urealloc
 .text          0x000b7a20       0x10 C:/Program Files/SDK30/SDK 9.20.0.01/SDK/lib_gnu/trap.lib(trap_142B_EthIfControl.o)
                0x000b7a20                EthIfControl
 .text          0x000b7a30       0x20 C:/Program Files/Ingenico/IngeDev_722/plugins/com.ingenico.ingedev.telium.bin.win32.gnuarm.v343_7.20.0.1/os/win32/GNUARM/3.4.3/arm-elf/lib/thumb/soft/interwork/libc.a(atoi.o)
                0x000b7a40                _atoi_r
                0x000b7a30                atoi
 .text          0x000b7a50       0x20 C:/Program Files/Ingenico/IngeDev_722/plugins/com.ingenico.ingedev.telium.bin.win32.gnuarm.v343_7.20.0.1/os/win32/GNUARM/3.4.3/arm-elf/lib/thumb/soft/interwork/libc.a(atol.o)
                0x000b7a60                _atol_r
                0x000b7a50                atol
 .text          0x000b7a70       0x24 C:/Program Files/Ingenico/IngeDev_722/plugins/com.ingenico.ingedev.telium.bin.win32.gnuarm.v343_7.20.0.1/os/win32/GNUARM/3.4.3/arm-elf/lib/thumb/soft/interwork/libc.a(memcmp.o)
                0x000b7a70                memcmp
 .text          0x000b7a94       0x1c C:/Program Files/Ingenico/IngeDev_722/plugins/com.ingenico.ingedev.telium.bin.win32.gnuarm.v343_7.20.0.1/os/win32/GNUARM/3.4.3/arm-elf/lib/thumb/soft/interwork/libc.a(memcpy.o)
                0x000b7a94                memcpy
 .text          0x000b7ab0       0x3c C:/Program Files/Ingenico/IngeDev_722/plugins/com.ingenico.ingedev.telium.bin.win32.gnuarm.v343_7.20.0.1/os/win32/GNUARM/3.4.3/arm-elf/lib/thumb/soft/interwork/libc.a(memmove.o)
                0x000b7ab0                memmove
 .text          0x000b7aec       0x14 C:/Program Files/Ingenico/IngeDev_722/plugins/com.ingenico.ingedev.telium.bin.win32.gnuarm.v343_7.20.0.1/os/win32/GNUARM/3.4.3/arm-elf/lib/thumb/soft/interwork/libc.a(memset.o)
                0x000b7aec                memset
 .text          0x000b7b00       0x50 C:/Program Files/Ingenico/IngeDev_722/plugins/com.ingenico.ingedev.telium.bin.win32.gnuarm.v343_7.20.0.1/os/win32/GNUARM/3.4.3/arm-elf/lib/thumb/soft/interwork/libc.a(rand.o)
                0x000b7b14                rand
                0x000b7b00                srand
 .text          0x000b7b50       0x90 C:/Program Files/Ingenico/IngeDev_722/plugins/com.ingenico.ingedev.telium.bin.win32.gnuarm.v343_7.20.0.1/os/win32/GNUARM/3.4.3/arm-elf/lib/thumb/soft/interwork/libc.a(snprintf.o)
                0x000b7b94                snprintf
                0x000b7b50                _snprintf_r
 .text          0x000b7be0       0x54 C:/Program Files/Ingenico/IngeDev_722/plugins/com.ingenico.ingedev.telium.bin.win32.gnuarm.v343_7.20.0.1/os/win32/GNUARM/3.4.3/arm-elf/lib/thumb/soft/interwork/libc.a(strcasecmp.o)
                0x000b7be0                strcasecmp
 .text          0x000b7c34       0x24 C:/Program Files/Ingenico/IngeDev_722/plugins/com.ingenico.ingedev.telium.bin.win32.gnuarm.v343_7.20.0.1/os/win32/GNUARM/3.4.3/arm-elf/lib/thumb/soft/interwork/libc.a(strcat.o)
                0x000b7c34                strcat
 .text          0x000b7c58       0x20 C:/Program Files/Ingenico/IngeDev_722/plugins/com.ingenico.ingedev.telium.bin.win32.gnuarm.v343_7.20.0.1/os/win32/GNUARM/3.4.3/arm-elf/lib/thumb/soft/interwork/libc.a(strchr.o)
                0x000b7c58                strchr
 .text          0x000b7c78       0x20 C:/Program Files/Ingenico/IngeDev_722/plugins/com.ingenico.ingedev.telium.bin.win32.gnuarm.v343_7.20.0.1/os/win32/GNUARM/3.4.3/arm-elf/lib/thumb/soft/interwork/libc.a(strcmp.o)
                0x000b7c78                strcmp
 .text          0x000b7c98       0x18 C:/Program Files/Ingenico/IngeDev_722/plugins/com.ingenico.ingedev.telium.bin.win32.gnuarm.v343_7.20.0.1/os/win32/GNUARM/3.4.3/arm-elf/lib/thumb/soft/interwork/libc.a(strcpy.o)
                0x000b7c98                strcpy
 .text          0x000b7cb0       0x14 C:/Program Files/Ingenico/IngeDev_722/plugins/com.ingenico.ingedev.telium.bin.win32.gnuarm.v343_7.20.0.1/os/win32/GNUARM/3.4.3/arm-elf/lib/thumb/soft/interwork/libc.a(strlen.o)
                0x000b7cb0                strlen
 .text          0x000b7cc4       0x34 C:/Program Files/Ingenico/IngeDev_722/plugins/com.ingenico.ingedev.telium.bin.win32.gnuarm.v343_7.20.0.1/os/win32/GNUARM/3.4.3/arm-elf/lib/thumb/soft/interwork/libc.a(strncpy.o)
                0x000b7cc4                strncpy
 .text          0x000b7cf8       0x34 C:/Program Files/Ingenico/IngeDev_722/plugins/com.ingenico.ingedev.telium.bin.win32.gnuarm.v343_7.20.0.1/os/win32/GNUARM/3.4.3/arm-elf/lib/thumb/soft/interwork/libc.a(strstr.o)
                0x000b7cf8                strstr
 .text          0x000b7d2c      0x138 C:/Program Files/Ingenico/IngeDev_722/plugins/com.ingenico.ingedev.telium.bin.win32.gnuarm.v343_7.20.0.1/os/win32/GNUARM/3.4.3/arm-elf/lib/thumb/soft/interwork/libc.a(strtol.o)
                0x000b7e44                strtol
                0x000b7d2c                _strtol_r
 .text          0x000b7e64      0x120 C:/Program Files/Ingenico/IngeDev_722/plugins/com.ingenico.ingedev.telium.bin.win32.gnuarm.v343_7.20.0.1/os/win32/GNUARM/3.4.3/arm-elf/lib/thumb/soft/interwork/libc.a(strtoul.o)
                0x000b7f64                strtoul
                0x000b7e64                _strtoul_r