Archive member included because of file (symbol)

libs/GNU_ARM_RELEASE/RSA.lib(RSA_dec.o)
                              Obj/RELEASE_T2/LineEncryption.o (RSA_Decrypt)
libs/GNU_ARM_RELEASE/RSA.lib(RSA_init.o)
                              Obj/RELEASE_T2/LineEncryption.o (RSA_init)
libs/GNU_ARM_RELEASE/RSA.lib(m_add.o)
                              libs/GNU_ARM_RELEASE/RSA.lib(RSA_dec.o) (math_add)
libs/GNU_ARM_RELEASE/RSA.lib(m_b2w.o)
                              libs/GNU_ARM_RELEASE/RSA.lib(RSA_dec.o) (math_byteToWord)
libs/GNU_ARM_RELEASE/RSA.lib(m_clr.o)
                              libs/GNU_ARM_RELEASE/RSA.lib(RSA_dec.o) (math_clr)
libs/GNU_ARM_RELEASE/RSA.lib(m_cmp.o)
                              libs/GNU_ARM_RELEASE/RSA.lib(RSA_dec.o) (math_cmp)
libs/GNU_ARM_RELEASE/RSA.lib(m_cpy.o)
                              libs/GNU_ARM_RELEASE/RSA.lib(RSA_dec.o) (math_cpy)
libs/GNU_ARM_RELEASE/RSA.lib(m_div.o)
                              libs/GNU_ARM_RELEASE/RSA.lib(RSA_dec.o) (math_div)
libs/GNU_ARM_RELEASE/RSA.lib(m_mem.o)
                              libs/GNU_ARM_RELEASE/RSA.lib(RSA_init.o) (math_memInit)
libs/GNU_ARM_RELEASE/RSA.lib(m_modmul.o)
                              libs/GNU_ARM_RELEASE/RSA.lib(RSA_dec.o) (math_modmul)
libs/GNU_ARM_RELEASE/RSA.lib(m_monexp.o)
                              libs/GNU_ARM_RELEASE/RSA.lib(RSA_dec.o) (math_monexp)
libs/GNU_ARM_RELEASE/RSA.lib(m_moninv.o)
                              libs/GNU_ARM_RELEASE/RSA.lib(m_monexp.o) (math_moninv)
libs/GNU_ARM_RELEASE/RSA.lib(m_monmul.o)
                              libs/GNU_ARM_RELEASE/RSA.lib(m_monexp.o) (math_monmul)
libs/GNU_ARM_RELEASE/RSA.lib(m_msb.o)
                              libs/GNU_ARM_RELEASE/RSA.lib(m_div.o) (math_msb)
libs/GNU_ARM_RELEASE/RSA.lib(m_mul.o)
                              libs/GNU_ARM_RELEASE/RSA.lib(RSA_dec.o) (math_mul)
libs/GNU_ARM_RELEASE/RSA.lib(m_mulsub.o)
                              libs/GNU_ARM_RELEASE/RSA.lib(m_div.o) (math_mulsub)
libs/GNU_ARM_RELEASE/RSA.lib(m_rand.o)
                              libs/GNU_ARM_RELEASE/RSA.lib(RSA_init.o) (math_random_init)
libs/GNU_ARM_RELEASE/RSA.lib(m_red.o)
                              libs/GNU_ARM_RELEASE/RSA.lib(m_monmul.o) (math_monred)
libs/GNU_ARM_RELEASE/RSA.lib(m_shlx.o)
                              libs/GNU_ARM_RELEASE/RSA.lib(m_div.o) (math_shlx)
libs/GNU_ARM_RELEASE/RSA.lib(m_shrx.o)
                              libs/GNU_ARM_RELEASE/RSA.lib(m_div.o) (math_shrx)
libs/GNU_ARM_RELEASE/RSA.lib(m_sub.o)
                              libs/GNU_ARM_RELEASE/RSA.lib(RSA_dec.o) (math_sub)
libs/GNU_ARM_RELEASE/RSA.lib(m_w2b.o)
                              libs/GNU_ARM_RELEASE/RSA.lib(RSA_dec.o) (math_wordToByte)
C:/Program Files/SDK30/SDK 9.20.0.01/SDK/lib_gnu/eft30.lib(iam1.o)
                              Obj/RELEASE_T2/sgm.o (Send_Message)
C:/Program Files/SDK30/SDK 9.20.0.01/SDK/lib_gnu/eft30.lib(iamtd1.o)
                              C:/Program Files/SDK30/SDK 9.20.0.01/SDK/lib_gnu/eft30.lib(iam1.o) (iamlib_open)
C:/Program Files/SDK30/SDK 9.20.0.01/SDK/lib_gnu/eft30.lib(extens280.o)
                              Obj/RELEASE_T2/tlmemv.o (USR_ServiceCall)
C:/Program Files/SDK30/SDK 9.20.0.01/SDK/lib_gnu/eft30.lib(extens53.o)
                              Obj/RELEASE_T2/tlm.o (d_tolong)
C:/Program Files/SDK30/SDK 9.20.0.01/SDK/lib_gnu/eft30.lib(extens89.o)
                              Obj/RELEASE_T2/tlm.o (GetSemaphoreUser)
C:/Program Files/SDK30/SDK 9.20.0.01/SDK/lib_gnu/eft30.lib(extens90.o)
                              Obj/RELEASE_T2/tlm.o (FreeSemaphoreUser)
C:/Program Files/SDK30/SDK 9.20.0.01/SDK/lib_gnu/eft30.lib(extens93.o)
                              Obj/RELEASE_T2/tlm.o (GetDelayUser)
C:/Program Files/SDK30/SDK 9.20.0.01/SDK/lib_gnu/eft30.lib(extens94.o)
                              Obj/RELEASE_T2/tlm.o (FreeDelayUser)
C:/Program Files/SDK30/SDK 9.20.0.01/SDK/lib_gnu/eft30.lib(extenstd1.o)
                              C:/Program Files/SDK30/SDK 9.20.0.01/SDK/lib_gnu/eft30.lib(extens280.o) (extenslib_open)
C:/Program Files/SDK30/SDK 9.20.0.01/SDK/lib_gnu/eft30.lib(extenstdeux5.o)
                              Obj/RELEASE_T2/sgm.o (Get_TypeCode)
C:/Program Files/SDK30/SDK 9.20.0.01/SDK/lib_gnu/eft30.lib(extensostd119.o)
                              Obj/RELEASE_T2/tlmhmi.o (StateHeader)
C:/Program Files/SDK30/SDK 9.20.0.01/SDK/lib_gnu/eft30.lib(param17.o)
                              Obj/RELEASE_T2/tlm.o (PSQ_Donner_noserie)
C:/Program Files/SDK30/SDK 9.20.0.01/SDK/lib_gnu/eft30.lib(param46.o)
                              Obj/RELEASE_T2/sgm.o (PSQ_Update_Cash_Connection)
C:/Program Files/SDK30/SDK 9.20.0.01/SDK/lib_gnu/eft30.lib(param72.o)
                              Obj/RELEASE_T2/tlmcry.o (PSQ_donner_type_pinpad)
C:/Program Files/SDK30/SDK 9.20.0.01/SDK/lib_gnu/eft30.lib(paramtd1.o)
                              C:/Program Files/SDK30/SDK 9.20.0.01/SDK/lib_gnu/eft30.lib(param17.o) (paramlib_open)
[...]
Memory Configuration

Name             Origin             Length             Attributes
*default*        0x00000000         0xffffffff

Linker script and memory map

                0x00000000                . = 0x0
                0x00000000                __text_start = .

.text           0x00000000    0xc0cf0
 *(.first)
 .first         0x00000000       0xa0 Obj/RELEASE_T2/cstartup.o
                0x00000000                _start
 *(.text .text.*)
 .text          0x000000a0       0x18 Obj/RELEASE_T2/trc.o
                0x000000a0                errChk
 .text          0x000000b8     0x16dc Obj/RELEASE_T2/tbx.o
                0x00000a68                bufInit
                0x00000ad4                bufLen
                0x000000d8                wPtr
                0x00000ae8                bufReset
                0x00001380                queGetTag
                0x0000146c                bitOff
                0x00000ac0                bufPtr
                0x00000f68                queInit
                0x000010e8                queGet
                0x00000aac                bufDim
                0x00000fc4                quePut
                0x000000b8                bPtr
                0x00000830                hex2bin
                0x00000d0c                bufOwr
                0x00000efc                bufCpy
                0x000014d4                bitTest
                0x000004c0                num2hex
                0x000012b8                quePutTlv
                0x00000314                dec2num
                0x00000eb0                bufCat
                0x0000017c                num2dec
                0x00000f34                bufGet
                0x00000b14                bufSet
                0x00001220                queLen
                0x0000099c                num2bin
                0x00001674                tbxCheckParity
                0x00000f90                queReset
                0x000013b0                queGetTlv
                0x00000a30                tmrPause
                0x00001234                queRewind
                0x000011a4                queNxt
                0x000007a0                bin2hex
                0x000000f8                cPtr
                0x0000153c                tbxParity
                0x00000608                hex2num
                0x00000924                bin2num
                0x00000bb0                bufIns
                0x00000e78                bufApp
                0x00000dcc                bufDel
                0x00000114                dPtr
                0x00001254                quePutTag
                0x00001408                bitOn
 .text          0x00001794     0x1d5c Obj/RELEASE_T2/tlm.o
                0x00003198                tskStop
                0x00001d48                magGet
                0x0000194c                magStart
                0x000025ec                iccDetect
                0x000018d0                tmrSleep
                0x000030f8                tskStart
                0x00001940                Click
                0x00001794                tmrStart
                0x000024a4                sysRand
                0x0000188c                tmrStop
                0x00003090                semDec
                0x00003238                reboot
                0x00003248                getSapSer
                0x00001934                utaBeep
                0x00002b48                iccCommand
                0x0000217c                getCard
                0x00002df8                getTS
                0x00003024                semInc
                0x00003368                getCodeFileList
                0x00001818                tmrGet
                0x000024b4                iccStart
                0x00002be4                getDateTime
                0x000032f4                getAppName
                0x00002cdc                setDateTime
                0x00003014                tskSync
                0x00001f64                magStop
                0x00003430                getAppVer
                0x00002590                iccStop
 .text          0x000034f0      0xe9c Obj/RELEASE_T2/tlmhmi.o
                0x00004294                kbdStart
                0x0000415c                dspHgt
                0x00003c1c                prtImg
                0x00003cd0                dspStart
                0x0000431c                kbdStop
                0x00004138                dspWdt
                0x00004344                kbdKey
                0x00003694                prtS
                0x000035f8                prtStop
                0x00003dbc                dspClear
                0x00004198                dspImg
                0x00003ea4                dspLS
                0x000037c8                prtES
                0x00003634                prtCtrl
                0x00003d80                dspStop
                0x0000356c                prtStart
                0x00003e20                dspLight
                0x00004074                dspXYFS
 .text          0x0000438c      0xc84 Obj/RELEASE_T2/tlmmem.o
                0x00004884                nvmSet
                0x00004640                nvmHold
                0x00004bf4                nvmMove
                0x000046f0                nvmSave
                0x00004e7c                nvmSeqPos
                0x000043c0                nvmFileName
                0x00004dcc                nvmSeqClose
                0x00004b88                nvmSize
                0x000046b4                nvmRelease
                0x00004e10                nvmSeqRemove
                0x000045e0                nvmRemove
                0x00004f78                nvmSeqPut
                0x00004a64                nvmLoad
                0x00004cd4                nvmSeqOpen
                0x000043f0                nvmPathFileName
                0x00004ef8                nvmSeqGet
                0x00004428                nvmStart
 .text          0x00005010     0x1e4c Obj/RELEASE_T2/std.o
                0x0000567c                stdLuhnCheck
                0x00006808                BaseToDec
                0x00006178                stdDES
                0x00006224                stdDED
                0x00006bc8                ts2dt
                0x000054c8                stdPow
                0x0000656c                Radix64Decode
                0x00006908                stdOWF
                0x000058d8                stdArgMsgCrc16
                0x00005010                isSorted
                0x000061d0                stdEDE
                0x00005450                subStr
                0x00006cec                dt2ts
                0x00005950                xor
                0x000055e8                stdGetAcc
                0x000059cc                stdParity
                0x00006308                hashJerkinsBin
                0x00005564                trk2Lrc
                0x00006404                bmpDat
                0x00006418                Radix64Encode
                0x000061a4                stdSED
                0x000063dc                bmpHgt
                0x000053e0                addStr
                0x00005514                stdLrc
                0x000063b4                bmpWdt
                0x000057d0                stdCrc16
 .text          0x00006e5c      0xc68 Obj/RELEASE_T2/fmt.o
                0x00007a5c                fmtDelSpace
                0x0000790c                fmtDate
                0x00006ecc                fmtTok
                0x00007060                fmtCnt
                0x00006f7c                fmtPad
                0x00007638                fmtIns
                0x0000786c                fmtTcp
                0x0000775c                fmtDel
                0x000079b4                fmtTime
                0x000074b0                fmtMut
                0x0000724c                fmtAmt
                0x00006e5c                fmtSbs
 .text          0x00007ac4     0x4958 Obj/RELEASE_T2/dba.o
                0x0000a664                idxApp
                0x00009704                searchInit
                0x00008c38                tabGet
                0x0000913c                recDim
                0x000081f4                dbaImport
                0x0000964c                recMove
                0x00008be0                tabReset
                0x00008e10                tabExport
                0x000096b8                recPos
                0x0000a870                idxLoad
                0x000098b0                linFind
                0x000094dc                recExport
                0x00009150                recSize
                0x0000a370                idxIns
                0x0000c17c                hshScanBeg
                0x0000b5ec                hshFind
                0x0000a9d0                idxReset
                0x0000aaa4                idxSet
                0x0000c028                hshClean
                0x0000c208                hshScanEnd
                0x00008d2c                tabPut
                0x0000b7d4                hshDel
                0x0000c240                hshScan
                0x00009a30                binFind
                0x00009b7c                idxInit
                0x00008bb0                tabSize
                0x0000b1b0                hshIns
                0x000090b8                recCache
                0x00008b04                tabCache
                0x00008b88                tabDim
                0x00008f40                tabSave
                0x00009234                recGet
                0x000091dc                recReset
                0x00009170                recFldFmt
                0x00007ac4                dbaSetPtr
                0x0000961c                recSave
                0x00008ee0                tabFlush
                0x000091b0                recFldLen
                0x000095ec                recLoad
                0x000095bc                recFlush
                0x00008f10                tabLoad
                0x0000a564                idxDel
                0x00008b9c                tabWdt
                0x0000b098                hshReset
                0x0000af98                hshInit
                0x00008fb0                recInit
                0x00008a70                tabInit
                0x00009c64                idxDim
                0x0000a708                idxSave
                0x00009394                recPut
                0x0000a69c                idxSize
                0x00008bcc                tabRowFmt
                0x00009c78                idxFind
                0x0000a340                idxSort
                0x00007d98                dbaExport
 .text          0x0000c41c     0x26a8 Obj/RELEASE_T2/drv.o
                0x0000c568                cntGet
                0x0000c67c                cntPut
                0x0000d26c                cmbInit
                0x0000c7ec                cvtLen
                0x0000c4ac                cntLen
                0x0000c41c                cntInit
                0x0000d3c8                cmbLen
                0x0000d090                cvtPut
                0x0000e8ac                cmbGet
                0x0000c774                cvtInit
                0x0000d184                cvtGet
 .text          0x0000eac4     0x3398 Obj/RELEASE_T2/dlg.o
                0x00011d88                info
                0x0000f9d0                enterStr2
                0x000107d8                removeCard
                0x0000fb90                enterData
                0x00011208                enterTxt3
                0x0000fac0                enterAmt
                0x00010830                DetectCard
                0x0000fa48                enterPwd
                0x0000fb4c                enterTcp
                0x0000fa0c                enterPhr
                0x0000eafc                dlgClick
                0x000104bc                enterCard
                0x0001086c                enterTxt2
                0x00011e18                enterTime
                0x0000eac4                stub
                0x0000f724                enterFmtStrFarsi
                0x0000f994                enterStr
                0x00011dd4                enterDate
                0x0000fa84                enterPwd2
                0x0000fbd4                enterTxt
                0x0000ecd8                mnuSelect
 .text          0x00011e5c      0xe94 Obj/RELEASE_T2/Main.o
                0x00012c5c                entry
                0x00011e5c                Main
                0x00012320                my_custom_message
                0x00012c84                state
                0x00012354                give_interface
 .text          0x00012cf0     0x1304 Obj/RELEASE_T2/sgm.o
                0x00012e50                IAM_to_myself
                0x00013828                give_your_domain
                0x00013794                is_name
                0x00013d34                file_received
                0x00013898                is_change_init
                0x000135bc                more_function
                0x00012cf0                HexDump
                0x00012edc                Task_Protocol
                0x000135f0                idle_message
                0x00013fb8                debit_emv
                0x00013650                is_delete
                0x00013c64                keyboard_event
                0x0001371c                is_state
                0x00013f1c                give_aid
                0x000134c4                message_received
                0x00013a10                debit_non_emv
                0x00013d10                time_function
                0x00013a98                is_for_you_after
                0x00013f4c                is_card_emv_for_you
                0x00013674                after_reset
                0x00013438                sendBuff
 .text          0x00013ff4     0x4584 Obj/RELEASE_T2/map.o
                0x00018144                mapExport
                0x00017e30                mapLoad
                0x000164e8                mapGet
                0x0001443c                relKey
                0x000180ec                mapIns
                0x00017a08                mapMove
                0x00015b94                mapReset
                0x00017f08                mapSave
                0x00014c64                mapInit
                0x00014478                getContainer
                0x00017574                mapDatFmt
                0x00016b6c                mapPut
                0x00018118                mapDel
                0x000170d4                mapDatLen
                0x00017fe0                mapFlush
                0x00017c9c                mapCache
                0x000180b8                mapFind
 .text          0x00018578     0x66cc Obj/RELEASE_T2/dft.o
                0x0001e4a4                dftReset
                0x00018584                getCmpTim
                0x00018578                getCmpDat
 .text          0x0001ec44     0x11f4 Obj/RELEASE_T2/rpt.o
                0x0001ed90                rptReceipt
 .text          0x0001fe38      0xeec Obj/RELEASE_T2/scr.o
                0x00020a68                scrDlg
                0x00020304                usrInfo
 .text          0x00020d24      0xfc8 Obj/RELEASE_T2/str.o
                0x000211f0                isReversibleSend
                0x00021bc0                rloPrint
                0x00021324                isReversibleRecv
                0x00020d24                traReset
                0x000210e8                emvIsApproved
                0x0002144c                mapKeyTag
                0x00021c34                incCard
                0x00020de0                strFormatDatTim
                0x00020f68                strFormatTraDatTim
 .text          0x00021cec     0x1ed0 Obj/RELEASE_T2/hdl.o
                0x00023620                hex_dump_char
                0x00022df4                hdlBefore
                0x00023990                Fn100
                0x00023a8c                FnSales
                0x00022fc0                hdlMagStripe
                0x0002345c                hdlWakeUp
                0x00023ab8                FnPrepaid
                0x00022bdc                hdlPowerOn
                0x00023a68                FnSetPIN
                0x00023bac                viewLog
                0x000239c8                FnDisableMenu
                0x00022e24                hdlAskMagStripe
                0x00023b84                FnSetMin
                0x00023a5c                FnSetMQPSVEPS
                0x00023a74                FnSettingTID
                0x00023b98                FnTerminal
                0x00023b34                FnshowOption
                0x00023a80                cetakVersion
                0x00022e14                hdlAfter
                0x00023968                FnConnSetting
                0x00023b74                FnTMS
                0x00022abc                hdlMainMenu
                0x00023954                FnCommunication
                0x0002397c                Fn99
                0x00023b10                FnPrintRef
                0x00023b50                FnPrinthis
                0x000230f8                hdlSmartCard
                0x00023ae4                FnTopUp
                0x00023608                hdlTimer
 .text          0x00023bbc     0x1acc Obj/RELEASE_T2/val.o
                0x00024e34                valPwd
                0x000248e0                valLogIsNotFull
                0x00024d34                valTxnFound
                0x00024ffc                valChipAllowed
                0x000255fc                ValBfSett
                0x00024ae8                valAppliIsInit
                0x0002473c                valCard
                0x00024efc                valEMVFallbackAllowed
                0x00024cb8                valIsTrickleFeedEnabled
                0x00024d3c                valIsPrintRequired
                0x0002482c                valAmount
                0x00025004                valFloorLimit
                0x00024a70                valBaudRate
                0x00025298                valAskPwd
                0x00023d90                valBinLogoAssign
                0x00024960                valConnSett
                0x00024af8                valIsPinRequired
                0x000249e8                valDialOpt
                0x00023ea8                valBin
                0x00024f78                valIsDebitIssuer
                0x00024e3c                valManualEntryAllowed
                0x00024af0                valNoPendingSettlement
                0x00024ff4                valMagAllowed
                0x000253d4                valAskPin
                0x00023bbc                valOpr
                0x00024c44                valIsTipAllowed
                0x00025494                valRspCod
 .text          0x00025688     0x5ebc Obj/RELEASE_T2/adm.o
                0x00025688                admDlgClick
                0x00026f38                admViewTotals
                0x00026438                admTCResetWoKey
                0x0002ad08                admMasterKey
                0x0002a890                admCmmEDHSetup
                0x0002acac                admCmmGEncryption
                0x0002b4a8                admEDCFunction
                0x0002a8ec                admCmmDTMF
                0x0002a46c                admCmmLineSetup
                0x00027738                admViewBatchNum
                0x00029e8c                admTDT
                0x00028ca0                admViewTCPIPGprs
                0x00027ff8                admTMSLoadParam
                0x0002a1a0                admCmmPrintSetting
                0x000278c4                admViewBat
                0x0002644c                admRevReset
                0x0002a040                admCmmViewSetting
                0x000263c0                admTCReset
                0x00028c5c                admTMSPrintConfig
                0x0002a8d8                admCmmCountryCode
                0x00028acc                admTMSViewConfig
                0x000260cc                admChangePwd
                0x00027878                admSetStan
                0x0002b3bc                admBlowfish
                0x000276a8                admViewRoc
                0x000291a8                admViewRs232
                0x0002acf4                admCmmGAutoEnable
                0x000297d8                admTMSConfig
                0x00026268                admReset
                0x0002a900                admCmmGConfigure
                0x0002b23c                admConnSettings
                0x000277b0                admSetBatchNum
                0x0002577c                admEnterAPN
                0x0002a02c                admTermAppli
                0x000264bc                admRevResetWoKey
                0x000264d0                admInitRpt
                0x000290d8                admViewDialup
                0x000266a0                admSWver
                0x0002a6f4                admCmmIPSetup
                0x00027834                admViewStan
                0x000276ec                admSetRoc
                0x000266e4                admViewTxn
 .text          0x0002b544     0x43ac Obj/RELEASE_T2/emv.o
                0x0002f668                emvFullProcessSet
                0x0002f4e4                emvProcessing
                0x0002f374                emvReset
                0x0002b9b4                emvApplicationSelect
                0x0002f324                myMapPut
                0x0002b544                emvInitAid
                0x0002f7ac                emvFullProcessCheck
                0x0002b6e0                emvMapAidMove
 .text          0x0002f8f0     0x38c0 Obj/RELEASE_T2/function.o
                0x00030c54                CheckFallBack
                0x0002f9bc                enterUang
                0x000313cc                settingMenu
                0x00030ec8                PrintIsoMsg
                0x0002fa9c                enterAngka
                0x0002fb4c                pmtPrepare
                0x00030424                isIct220
                0x0002fc9c                pmtPinManual
                0x000309fc                CetakMasterKey
                0x0002f91c                enterHuruf
                0x000301f0                udf_get_key_press
                0x0002f8f0                hex_dump
                0x0002febc                debug_set
                0x0003027c                PrintInit
                0x00030cf4                pmtEchoTest
                0x0002ffc4                acceptable_key
                0x00031144                ICCDebug
                0x00030508                PrintBinAndIssuerTable
                0x0003155c                call_function
                0x000310b4                debug_emv_set
                0x0003173c                displayResponse
                0x00030a80                hexDumpTMS
                0x00033164                FmtExpDat
                0x000307e8                AcquirerInfo
                0x000300a4                display_text
                0x0003115c                functionMenu
 .text          0x000331b0       0x28 Obj/RELEASE_T2/iso.o
                0x000331b0                isoFmt
 .text          0x000331d8    0x11370 Obj/RELEASE_T2/log.o
                0x00039924                briLogReset
                0x0003a2f0                logCalcTot
                0x0003e1b0                logSettlementRpt
                0x00039160                logPrintTxn
                0x00044260                setLogIsUploaded
                0x00042764                logBatchTotals
                0x000402cc                logPrintLog
                0x00039b98                copyUnmarkToBatch
                0x00044318                printAllLog
                0x000331d8                logSaveCurContext
                0x0003a2d8                logGetPreviousAmount
                0x00039df8                copyAllToBatch
                0x00039a2c                markSettlementTrans
                0x00039474                logDuplicata
                0x0003428c                logLoad
                0x0003c4b4                logConfirmTotals
                0x00039864                logReset
                0x00039858                logSetDup
                0x00041738                logHostTotals
                0x0003a2d0                logIsInBlackList
                0x0003a028                copyAllToTemporaryBatch
                0x0003d47c                logSettlement
                0x00034960                checkDebitIssuer
                0x00043b30                pmtPrepaidSettlement
                0x00033b30                logSave
                0x000332d8                logLoadCurContext
                0x0004445c                printAllSetlleDuplicate
                0x0003a214                batchSync
 .text          0x00044548      0xd20 Obj/RELEASE_T2/onl.o
                0x00044df8                DisconnectFromHost
                0x00045258                onlConnect2
                0x00044e20                onlSession
                0x000451c0                tleSecond
 .text          0x00045268     0xa800 Obj/RELEASE_T2/pmt.o
                0x0004ab70                pmtRefund
                0x0004a198                pmtSaleRedeem
                0x0004afec                pmtAdjust
                0x00046554                pmtTipInput
                0x0004610c                pmtPinInput
                0x0004a31c                pmtPreaut
                0x000463a8                pmtAmountInput
                0x0004a014                pmtSale
                0x0004b140                BlockPan
                0x0004a5bc                pmtAut
                0x0004add4                pmtVoid
                0x0004acfc                pmtOffline
                0x0004a46c                pmtPreAut
                0x0004869c                pmtPayment
                0x0004b2f0                pmtBalance
                0x0004b23c                pmtFallback
                0x0004d6a8                disableSubmenu
                0x0004a70c                pmtPreAuth
                0x0004b078                pmtManual
                0x00045270                pmtManInput
                0x000454b8                pmtCardInput
                0x00045d34                pmtOldPinInput
                0x0004b514                pmtBRI
                0x0004b3c8                pmtVoidTarikTunai
                0x0004fa3c                fmtAmtReceipt2
                0x0004a8d8                pmtPreCancel
                0x000485ec                pmtIncrementInv
                0x00045ee0                pmtNewPinInput
                0x0004aa20                pmtPreCom
                0x00047b70                dmyPmtSmartCard
                0x00045268                pmtForceOnline
 .text          0x0004fa68     0x5564 Obj/RELEASE_T2/req.o
                0x00053ba4                reqBuild
 .text          0x00054fcc      0x334 Obj/RELEASE_T2/rev.o
                0x00054fcc                revSave
                0x000551fc                tcSave
                0x000550e4                reversalTransaction
 .text          0x00055300     0x8b30 Obj/RELEASE_T2/rsp.o
                0x0005dc74                rspParse
 .text          0x0005de30     0x3afc Obj/RELEASE_T2/tle.o
                0x000611fc                checkMti
                0x00060af8                tleSession
                0x00060c28                doBRIReversal
                0x00060f88                checkMid
                0x000616e0                dumpIsoMessage
                0x00061084                checkStan
                0x00061280                procPrepaidUpload
                0x00060e8c                checkTid
 .text          0x0006192c     0x3aac Obj/RELEASE_T2/tlmchn.o
                0x00064dd0                comHangWait
                0x000649b0                comRecvBuf
                0x000630a8                comSet
                0x00063cc8                comSendBuf
                0x000619a0                parseIp
                0x00063fac                comRecv
                0x000637f8                comDial
                0x000652c0                comGetIMEI
                0x00063a50                comSend
                0x00064c64                comHangStart
                0x0006192c                parseStr
                0x00065144                comStop
                0x00061bb4                comStart
                0x000651e8                comGetIMSI
                0x000653a8                comGetLastError
                0x000653c0                comGetDialInfo
 .text          0x000653d8     0x1498 Obj/RELEASE_T2/tlmcry.o
                0x00066258                cryDiag
                0x0006677c                cryDukptGetPinTSA
                0x00066680                cry3DESDukptGetPin
                0x000655a0                cryStop
                0x00065820                cryLoadDKuDK
                0x00065fb8                cryGetPin
                0x000662e0                tlmGetSer
                0x000663d0                cryDukptInit
                0x00065984                crySetPpd
                0x000654bc                cryStart
                0x00066494                cryDukptGetPin
                0x0006658c                cry3DESDukptInit
                0x00066180                cryMac
                0x0006563c                cryLoadTestKey
                0x00065b1c                ppdLS
                0x000655b4                cryEraseKeysArray
                0x00065704                cryVerify
                0x00065b08                ppdClear
                0x00065fac                getPinLen
                0x000660bc                cryEmvPin
 .text          0x00066870     0x3ae8 Obj/RELEASE_T2/tlmemv.o
                0x00068ee8                emvAuthenticate
                0x0006951c                emvCVMstart
                0x00069bd8                emvAnalyse
                0x00069614                emvCVMnext
                0x0006808c                emvInit
                0x00068ca4                emvContext
                0x00068b58                emvGetLang
                0x00069938                emvValidate
                0x00068a04                emvSetSelectResponse
                0x00066e78                emvGetFallBack
                0x00069ed0                emvComplete
                0x00066e38                emvSetFallBack
                0x0006a134                emvGetAids
                0x000689f8                emvSetFSbuf
                0x0006a278                emvCheckCardBlocked
                0x00068660                emvSelect
                0x000685ac                emvSelectStatus
                0x000697e4                emvCVMoff
                0x00068310                emvCheckFallback
                0x00068da8                emvPrepare
                0x00068acc                emvFinalSelect
                0x000682e8                emvStop
                0x000681ac                emvStart
 .text          0x0006a358        0x4 Obj/RELEASE_T2/tcan0020.o
                0x0006a358                tcan0020
 .text          0x0006a35c    0x315d4 Obj/RELEASE_T2/BRI.o
                0x0007558c                KonfirmasiTCash
                0x0009b740                briModifyPinEntry
                0x00098d9c                viewMiniAtmLog
                0x0006cb5c                inputPembayaranKKBRI
                0x0007b414                parseField63
                0x0007b000                getField61
                0x000991bc                parseField62
                0x00074dec                inputInternetBankingPin
                0x00097dec                mLogReset
                0x00098ddc                setDumpIsoMessage
                0x0006f5d4                KonfirmasiInfoSaldo8
                0x00075f88                KonfirmasiInstallment
                0x000759d4                KonfirmasiKartuOtorisasi
                0x0006ec44                inputPrepaidDeposit
                0x0006b7d8                inputTransferSesamaBRI
                0x0007f1ac                briLogLoadByRoc
                0x00098984                selectTerminalId
                0x00074290                smartCardInput
                0x0006e7fc                inputInstallment
                0x00070168                KonfirmasiPembayaranSPP
                0x0006ad40                pmtBRIKonfirmasiSesudahInquiry
                0x000993fc                setFirstPowerOnFlag
                0x0006b094                inputTCash
                0x0007e7e8                briLogSave
                0x000712d8                KonfirmasiPembayaranSSB
                0x0006abcc                infoKodeBank
                0x0009b81c                adaTransPembelian
                0x0006d71c                inputPembayaranPLN
                0x0009b858                POSPrintReferenceNum
                0x000993a0                resetLogonDateTime
                0x0006bcf4                inputPembayaranTV
                0x0006b6fc                inputInfoSaldoBankLain
                0x0006c9ac                inputTrxTransfer
                0x0006bdcc                inputTiketPesawat
                0x00098dcc                viewTCashLog
                0x000725a0                KonfirmasiPembayaranKKCITI
                0x00099c2c                modifyMnuLayout
                0x0006a46c                trimLeft
                0x00071cf0                KonfirmasiPembayaranBriva2
                0x00073968                KonfirmasiSetPIN
                0x0006c340                inputPembayaranDPLKR
                0x0009792c                briPrintTotal
                0x0007e72c                displayLongText
                0x00097904                briPrintDetailToday
                0x0007064c                KonfirmasiPembayaranTiketPesawat
                0x0009816c                getJenisLog
                0x00097808                briPrintDetail
                0x0007328c                KonfirmasiTrxPulsa
                0x00075718                KonfirmasiRegistrasiInternetBanking
                0x000758e8                KonfirmasiRegistrasiPhoneBanking
                0x0006c62c                inputPembayaranBriva
                0x00076104                getField48
                0x0006c124                inputPembayaranSSB
                0x00072b50                KonfirmasiPembayaranKKRBS
                0x0006b2b4                inputPreAuth
                0x00083588                getBriTransTypeName
                0x0006df20                inputPembayaranPulsa
                0x000983d0                getAllAcq
                0x0007a1fc                getIso57
                0x00072878                KonfirmasiPembayaranKKHSBC
                0x0007e6b4                downloadKey
                0x00075160                inputReissuePIN
                0x00098780                selectAcquirer1
                0x0007f6a4                briLogLoadByIndex
                0x00098b90                ShowData
                0x00098b10                checkPendingSettlement
                0x0006e230                inputSetoran
                0x00098dbc                viewTunaiLog
                0x00099bb8                OptionEnabled
                0x0006b990                inputTransferAntarBank
                0x00097a28                briPrintTotalToday
                0x0007442c                KonfirmasiPembayaranPLNPra
                0x00099ec4                checkSubMnuLayout
                0x00072e28                KonfirmasiPembayaranKKStanChar
                0x00074f5c                inputGantiPasswordSPV
                0x00097ed0                tLogReset
                0x0007a318                getField63
                0x0006f9c0                KonfirmasiSetoran
                0x00082408                briLogPrintTotal
                0x0006c71c                inputSmsBanking
                0x0006e538                inputPembayaranZakat
                0x0007e0a0                scrollDisplay
                0x00075aa4                KonfirmasiPembayaranPascaBayar
                0x0006fe8c                KonfirmasiPembayaranZakat
                0x0009908c                parseField57
                0x00074808                KonfirmasiPembayaranPLN
                0x00098100                getBriReversalIdx
                0x000804b8                viewBatch1
                0x0006eafc                inputPembayaranPascaBayar
                0x0006d3a4                inputPembayaranKKStanChar
                0x000722e0                KonfirmasiPembayaranKKBRIBayar
                0x00071058                KonfirmasiPembayaranTelkom
                0x0006a5e8                convertBulan
                0x0007f9e4                briLogLoadByDate
                0x00075d54                KonfirmasiPembayaranPascaBayar8
                0x0006fcf0                KonfirmasiVoidTarikTunai
                0x00098204                getAllTid
                0x0006dd58                inputPembayaranCicilan
                0x00071df8                KonfirmasiPembayaranKKBRI
                0x0006cc34                inputPembayaranKKANZ
                0x00082f34                briLogPrintDetail
                0x0006a35c                hapusAwalan
                0x00098dac                viewCardServiceLog
                0x0006f76c                KonfirmasiInfoSaldoLain8
                0x00097a50                briGetAcq
                0x000968f4                briLogPrintTxn
                0x0006d7f4                inputPembayaranPLNToken
                0x0006d1a8                inputPembayaranKKRBS
                0x0006a824                isPembelianTransaction
                0x0006a414                trimRight
                0x0006d980                inputPembayaranPLNPra
                0x000828a8                printDetail
                0x000994d8                setECRFlag
                0x0007b360                parseField61
                0x0007d550                scrollDisplay8
                0x0007417c                prepaidInput
                0x0007160c                KonfirmasiPembayaranDPLKR
                0x00097fb8                tCashLogReset
                0x00098550                selectAcquirer
                0x0006f294                KonfirmasiPembayaranCicilan8
                0x0007fdd4                briViewBat
                0x00070090                KonfirmasiSetorPasti
                0x000723c8                KonfirmasiPembayaranKKANZ
                0x0009ab30                modifySubMnuLayout
                0x0006e6dc                inputSetorPasti
                0x0006a7ac                isBRITransaction
                0x00073830                KonfirmasiShowOption
                0x000980a0                setBriReversalIdx
                0x0006cdb0                inputPembayaranKKCITI
                0x00070420                KonfirmasiPembayaranTV
                0x00098f34                setDebugData
                0x0006ca84                inputTrxPulsa
                0x00080840                viewBatch2
                0x0006f044                KonfirmasiPembayaranPulsa
                0x00082258                strFormatDatTimBRI2
                0x000820ec                strFormatDatTimBRI
                0x0007ecc0                briLogUpdate
                0x0006ee28                KonfirmasiTransferAntarBank
                0x00073680                KonfirmasiPembayaranECR
                0x000717b8                KonfirmasiPembayaranBriva
                0x0006bf74                inputPembayaranTelkom
                0x0006be9c                inputPembayaranPdam
                0x0006dc64                KonfirmasiMinInput
                0x0006fbc4                KonfirmasiTarikTunai
                0x00073e2c                magStripeInput
                0x0006b014                isBRIInquiryTransaction
                0x00080c00                briLogCalcTotal
                0x00099468                setFirstPowerOnTempFlag
                0x00073bb0                KonfirmasiSetMQPSVEPS
                0x0006ac28                pmtBRIKonfirmasiTanpaInquiry
                0x00096248                briLogDuplicata
                0x00097d04                cLogReset
                0x0007b55c                parseField48
                0x00083e8c                briPrintData
                0x0006a89c                whichBRITransaction
                0x0006e418                inputTarikTunai
                0x0006a924                pmtBRICustomInput
                0x000733a4                konfirmasiSettingTIDMID
                0x0006a694                isBRISaveToBatch
                0x0006ab70                infoKodeUniv
                0x0006ed20                KonfirmasiTransferSesamaBRI
                0x00075264                KonfirmasiAktivasiKartu
                0x0007b2a4                parseField60
                0x00070bb8                KonfirmasiPembayaranPdam
                0x00073100                KonfirmasiTrxTransfer
                0x00099544                getInfoEcr
                0x0006a524                isBRIPrint
                0x0006d5a0                inputPembayaranSPP
                0x00096ee8                briLogSaveCurContext
                0x0006c530                inputRedeem
                0x0007364c                printVersion
                0x000757fc                KonfirmasiRegistrasiSmsBanking
                0x000972b8                briLogLoadCurContext
                0x0006cfac                inputPembayaranKKHSBC
 .text          0x0009b930     0x1ee4 Obj/RELEASE_T2/LineEncryption.o
                0x0009ccf8                keyDownload
                0x0009cd08                isEncryptedField
                0x0009ca08                decryptRSA
                0x0009c5fc                tleGetKey
                0x0009bd64                MACX9_19
                0x0009c864                tleKeyDownload
                0x0009c6c0                tleInputUserPass
                0x0009d668                GetEncryptedPinBlock
                0x0009bf0c                shaData
                0x0009d294                xsec_encrypt_data
                0x0009ceb4                xsec_generate_derivation_data
                0x0009c108                generate_random_data
                0x0009ba28                getField60
                0x0009c4d4                insertChip
                0x0009beb8                calcMAC
                0x0009c338                tleProcess
                0x0009d1a4                DecryptCBC
                0x0009d0b4                EncryptCBC
                0x0009c254                tleMenu
                0x0009b930                RSA_padding_check_PKCS1_type_2
                0x0009c174                checkKey
                0x0009cf0c                xsec_generate_USK
                0x0009cd74                xsec_add_tlv
                0x0009d3dc                Make_Pin_Block
                0x0009d020                xsec_encrypt_derivation_data
                0x0009cb14                tleDecryptAndStoreUMK
 .text          0x0009d814     0x1b08 Obj/RELEASE_T2/AES.o
                0x0009dcb4                InvShiftRows
                0x0009f188                AESLoadKey
                0x0009dd50                ShiftRows
                0x0009ddec                InvMixColumns
                0x0009f06c                AESCipher
                0x0009f234                AESEncrypt
                0x0009ef50                AESInvCipher
                0x0009ed1c                MixColumns
                0x0009f2a8                AESDecrypt
                0x0009dc44                SubBytes
                0x0009d8ac                AESKeyExpansion
                0x0009d814                getSBoxInvert
                0x0009dbd4                InvSubBytes
                0x0009d860                getSBoxValue
                0x0009db48                AddRoundKey
 .text          0x0009f31c     0x149c Obj/RELEASE_T2/keyinject.o
                0x0009ffd8                store_acqTMKRefNo
                0x000a014c                strdec2bin
                0x000a00b0                store_acqTAKnTLE
                0x0009f790                injectOpenCom
                0x0009fef8                storeWorkingKey
                0x0009fd68                storeMasterKey
                0x0009fb78                loadTransportTest
                0x0009fb10                gen_random_data
                0x000a0460                req4Key
                0x000a0204                storeKeyFromTMS
                0x0009ff6c                store_acqTMK
                0x0009f814                injectCloseCom
                0x000a0044                store_acqTAKLogon
 .text          0x000a07b8     0x8b00 Obj/RELEASE_T2/prepaid.o
                0x000a37a0                pmtPrepaidInit
                0x000a0d04                checkResponseMessage
                0x000a7ee8                printPrepaidSummary
                0x000a1124                sendReceiveMessage
                0x000a8b20                getPrepaidNii
                0x000a268c                reaktivasiInquiry
                0x000a1ca8                topUp
                0x000a7240                prepaidReprint
                0x000a0cb0                closeCom
                0x000a7264                prepaidDateSummary
                0x000a6084                pmtPrepaidReaktivasi
                0x000a8d94                getPrepaidCardInfo
                0x000a0e40                buildMessage
                0x000a7144                isPrepaidTransaction
                0x000a2f98                getPrepaidBatchNumber
                0x000a41a8                pmtPrepaidPaymentDisc
                0x000a2184                redeem
                0x000a575c                pmtPrepaidPrintLog
                0x000a2168                redeemInquiry
                0x000a2254                infoKartu
                0x000a86ac                prepaidSettlementReceipt
                0x000a2f44                getPrepaidRefNumber
                0x000a1818                displayAmount
                0x000a3118                pmtBrizzi
                0x000a35b8                autoSamInit
                0x000a3860                pmtPrepaidInfoSaldo
                0x000a1654                infoInquiry
                0x000a306c                decString2Hex
                0x000a1f08                prepaidAktivasi
                0x000a5260                pmtPrepaidRedeem
                0x000a514c                pmtPrepaidRedeemInquiry
                0x000a1510                infoSaldo
                0x000a1314                processToReader
                0x000a79e0                printPrepaidRecDetail
                0x000a4be8                pmtPrepaidTopUp
                0x000a74e8                prepaidPrintDetail
                0x000a853c                prepaidBatchIncrement
                0x000a2eb4                updatePrepaidRefNumber
                0x000a91d4                ubahTanggalKartuPrepaid
                0x000a23bc                transLog
                0x000a6284                pmtPrepaidVoidInquiry
                0x000a52a4                pmtPrepaidInfoKartu
                0x000a8e68                getPrepaidVoidTrans
                0x000a5edc                pmtPrepaidReaktivasiInquiry
                0x000a6a94                KonfirmasiPrepaidRedeem
                0x000a4a58                pmtPrepaidInquiry
                0x000a8ab0                clearPrepaidReversalFlag
                0x000a18f0                prepaidSale
                0x000a6450                pmtPrepaidVoid
                0x000a70f4                KonfirmasiPrepaidVoid
                0x000a2ff0                xx_hex_dump
                0x000a2b70                voidBrizzi
                0x000a7394                prepaidDateDetail
                0x000a45a0                pmtPrepaidPayment
                0x000a6d14                KonfirmasiPrepaidReaktivasi
                0x000a89f0                doPrepaidReversal
                0x000a3bfc                pmtPrepaidInfoDeposit
                0x000a74c8                prepaidAllDetail
                0x000a66a0                getPrepaidTidMid
                0x000a0c2c                openCom
                0x000a2dd0                ubahTanggal
                0x000a36dc                pmtPrepaidInitSaldo
                0x000a13c4                samInit
                0x000a4efc                pmtPrepaidAktivasiDeposit
                0x000a689c                selectPrepaidInit
                0x000a7388                prepaidAllSummary
                0x000a2838                reaktivasi
 .text          0x000a92b8      0xcc8 Obj/RELEASE_T2/logon.o
                0x000a92b8                DateToInt
                0x000a9438                debitLogon
                0x000a93e0                TimeToInt
 .text          0x000a9f80       0x68 Obj/RELEASE_T2/rsagen.o
                0x000a9f80                RSAKeyPair
 .text          0x000a9fe8      0x794 Obj/RELEASE_T2/prsa.o
                0x000aa540                ConvertHexStringToData
                0x000aa330                rsa_free
                0x000a9fe8                rsa_initialization
                0x000aa5e8                genRSAKeyPair
                0x000aa480                ha_to_i
                0x000aa3c4                a_to_hc
                0x000aa028                rsa_gen_key
 .text          0x000aa77c     0x6574 Obj/RELEASE_T2/bignum.o
                0x000ac294                mpi_sub_mpi
                0x000aa8d4                mpi_copy
                0x000aec88                mpi_div_mpi
                0x000aaa70                mpi_get_bit
                0x000ac3e8                mpi_sub_int
                0x000af45c                mpi_div_int
                0x000aec40                mpi_mul_int
                0x000aea94                mpi_mul_mpi
                0x000abd90                mpi_add_abs
                0x000aa77c                mpi_init
                0x000aac24                mpi_msb
                0x000ac1bc                mpi_add_mpi
                0x000abd1c                mpi_cmp_int
                0x000ac36c                mpi_add_int
                0x000af974                mpi_exp_mod
                0x000aab9c                mpi_lsb
                0x000aa80c                mpi_grow
                0x000af5b0                mpi_mod_int
                0x000b0ac8                mpi_gen_prime
                0x000ab418                mpi_write_file
                0x000af4e8                mpi_mod_mpi
                0x000ab5b4                mpi_read_binary
                0x000aa99c                mpi_swap
                0x000ab2b0                mpi_read_file
                0x000aa9e0                mpi_lset
                0x000ab76c                mpi_shift_l
                0x000aacb4                mpi_size
                0x000ac0b4                mpi_sub_abs
                0x000aaabc                mpi_set_bit
                0x000b0248                mpi_inv_mod
                0x000aba64                mpi_cmp_abs
                0x000b01a4                mpi_fill_random
                0x000ab0bc                mpi_write_string
                0x000ab90c                mpi_shift_r
                0x000aad7c                mpi_read_string
                0x000aa7ac                mpi_free
                0x000b06d8                mpi_is_prime
                0x000affa8                mpi_gcd
                0x000ab6b4                mpi_write_binary
                0x000abba0                mpi_cmp_mpi
 .text          0x000b0cf0     0x2f8c Obj/RELEASE_T2/havege.o
                0x000b3bcc                havege_init
                0x000b3bf8                havege_rand
 .text          0x000b3c7c       0x10 Obj/RELEASE_T2/timing.o
                0x000b3c7c                hardclock
 .text          0x000b3c8c      0x1c4 libs/GNU_ARM_RELEASE/RSA.lib(RSA_dec.o)
                0x000b3d1c                RSA_Decrypt
                0x000b3c8c                math_modexpmod
 .text          0x000b3e50       0x1c libs/GNU_ARM_RELEASE/RSA.lib(RSA_init.o)
                0x000b3e50                RSA_init
 .text          0x000b3e6c       0x48 libs/GNU_ARM_RELEASE/RSA.lib(m_add.o)
                0x000b3e6c                math_add
 .text          0x000b3eb4       0x5c libs/GNU_ARM_RELEASE/RSA.lib(m_b2w.o)
                0x000b3eb4                math_byteToWord
 .text          0x000b3f10       0x28 libs/GNU_ARM_RELEASE/RSA.lib(m_clr.o)
                0x000b3f10                math_clr
 .text          0x000b3f38       0x44 libs/GNU_ARM_RELEASE/RSA.lib(m_cmp.o)
                0x000b3f38                math_cmp
 .text          0x000b3f7c       0x4c libs/GNU_ARM_RELEASE/RSA.lib(m_cpy.o)
                0x000b3f7c                math_cpy
 .text          0x000b3fc8      0x14c libs/GNU_ARM_RELEASE/RSA.lib(m_div.o)
                0x000b4000                math_div
                0x000b3fc8                math_predict
 .text          0x000b4114       0xac libs/GNU_ARM_RELEASE/RSA.lib(m_mem.o)
                0x000b4130                math_memAlloc
                0x000b4114                math_memInit
                0x000b41a0                math_memFree
 .text          0x000b41c0       0x24 libs/GNU_ARM_RELEASE/RSA.lib(m_modmul.o)
                0x000b41c0                math_modmul
 .text          0x000b41e4       0xe4 libs/GNU_ARM_RELEASE/RSA.lib(m_monexp.o)
                0x000b41e4                math_monexp
 .text          0x000b42c8       0x3c libs/GNU_ARM_RELEASE/RSA.lib(m_moninv.o)
                0x000b42c8                math_moninv
 .text          0x000b4304       0x28 libs/GNU_ARM_RELEASE/RSA.lib(m_monmul.o)
                0x000b4304                math_monmul
 .text          0x000b432c       0x48 libs/GNU_ARM_RELEASE/RSA.lib(m_msb.o)
                0x000b432c                math_msb
 .text          0x000b4374       0xc8 libs/GNU_ARM_RELEASE/RSA.lib(m_mul.o)
                0x000b4374                math_mul
 .text          0x000b443c       0x68 libs/GNU_ARM_RELEASE/RSA.lib(m_mulsub.o)
                0x000b443c                math_mulsub
 .text          0x000b44a4       0x64 libs/GNU_ARM_RELEASE/RSA.lib(m_rand.o)
                0x000b44a4                math_random_init
                0x000b44cc                math_random
                0x000b44b4                math_random_bit
 .text          0x000b4508      0x110 libs/GNU_ARM_RELEASE/RSA.lib(m_red.o)
                0x000b4508                math_monred
 .text          0x000b4618       0x84 libs/GNU_ARM_RELEASE/RSA.lib(m_shlx.o)
                0x000b4618                math_shlx
 .text          0x000b469c       0x8c libs/GNU_ARM_RELEASE/RSA.lib(m_shrx.o)
                0x000b469c                math_shrx
 .text          0x000b4728       0x48 libs/GNU_ARM_RELEASE/RSA.lib(m_sub.o)
                0x000b4728                math_sub
 .text          0x000b4770       0x3c libs/GNU_ARM_RELEASE/RSA.lib(m_w2b.o)
                0x000b4770                math_wordToByte
 .text          0x000b47ac       0x4c C:/Program Files/SDK30/SDK 9.20.0.01/SDK/lib_gnu/eft30.lib(iam1.o)
                0x000b47ac                Send_Message
 .text          0x000b47f8       0x54 C:/Program Files/SDK30/SDK 9.20.0.01/SDK/lib_gnu/eft30.lib(iamtd1.o)
                0x000b47f8                iamlib_open
                0x000b483c                iamlib_close
 .text          0x000b484c       0x64 C:/Program Files/SDK30/SDK 9.20.0.01/SDK/lib_gnu/eft30.lib(extens280.o)
                0x000b484c                USR_ServiceCall
 .text          0x000b48b0       0x4c C:/Program Files/SDK30/SDK 9.20.0.01/SDK/lib_gnu/eft30.lib(extens53.o)
                0x000b48b0                d_tolong
 .text          0x000b48fc       0x4c C:/Program Files/SDK30/SDK 9.20.0.01/SDK/lib_gnu/eft30.lib(extens89.o)
                0x000b48fc                GetSemaphoreUser
 .text          0x000b4948       0x4c C:/Program Files/SDK30/SDK 9.20.0.01/SDK/lib_gnu/eft30.lib(extens90.o)
                0x000b4948                FreeSemaphoreUser
 .text          0x000b4994       0x4c C:/Program Files/SDK30/SDK 9.20.0.01/SDK/lib_gnu/eft30.lib(extens93.o)
                0x000b4994                GetDelayUser
 .text          0x000b49e0       0x4c C:/Program Files/SDK30/SDK 9.20.0.01/SDK/lib_gnu/eft30.lib(extens94.o)
                0x000b49e0                FreeDelayUser
 .text          0x000b4a2c       0x54 C:/Program Files/SDK30/SDK 9.20.0.01/SDK/lib_gnu/eft30.lib(extenstd1.o)
                0x000b4a70                extenslib_close
                0x000b4a2c                extenslib_open
 .text          0x000b4a80       0x50 C:/Program Files/SDK30/SDK 9.20.0.01/SDK/lib_gnu/eft30.lib(extenstdeux5.o)
                0x000b4a80                Get_TypeCode
 .text          0x000b4ad0       0x44 C:/Program Files/SDK30/SDK 9.20.0.01/SDK/lib_gnu/eft30.lib(extensostd119.o)
                0x000b4ad0                StateHeader
 .text          0x000b4b14       0x48 C:/Program Files/SDK30/SDK 9.20.0.01/SDK/lib_gnu/eft30.lib(param17.o)
                0x000b4b14                PSQ_Donner_noserie
 .text          0x000b4b5c       0x50 C:/Program Files/SDK30/SDK 9.20.0.01/SDK/lib_gnu/eft30.lib(param46.o)
                0x000b4b5c                PSQ_Update_Cash_Connection
 .text          0x000b4bac       0x48 C:/Program Files/SDK30/SDK 9.20.0.01/SDK/lib_gnu/eft30.lib(param72.o)
                0x000b4bac                PSQ_donner_type_pinpad
 .text          0x000b4bf4       0x54 C:/Program Files/SDK30/SDK 9.20.0.01/SDK/lib_gnu/eft30.lib(paramtd1.o)
                0x000b4bf4                paramlib_open
                0x000b4c38                paramlib_close
 .text          0x000b4c48      0xc48 C:/Program Files/SDK30/SDK 9.20.0.01/SDK/lib_gnu/eft30.lib(crypto2.o)
                0x000b5070                Des112Cipher
                0x000b4ec4                NotB
                0x000b4c48                Crypto_Dll_Version
                0x000b576c                sha256_init
                0x000b5150                Des56DecipherIcv
                0x000b4cdc                AesCipherInit
                0x000b53c4                FormatPinBloc
                0x000b52d8                DukptLoadKey
                0x000b4c88                AesMakeKey
                0x000b5240                MacIcv
                0x000b51f0                Des112DecipherIcv
                0x000b5728                MD5Final
                0x000b4d28                AesBlockEncrypt
                0x000b51a0                Des112CipherIcv
                0x000b5100                Des56CipherIcv
                0x000b55bc                RSAPublicKey
                0x000b54ac                ShaInit
                0x000b4d7c                AesBlockDecrypt
                0x000b5534                ShaFinal
                0x000b5320                DukptCurrentKeyDerivation
                0x000b4fe0                Des56Cipher
                0x000b5290                DukptInitialKeyCreation
                0x000b5654                RSAGenerateKeys
                0x000b4f98                AndB
                0x000b5370                DukptEncryptPin
                0x000b56a0                MD5Init
                0x000b4e74                CalculateLrc
                0x000b5574                ShaCompute
                0x000b57b0                sha256_update
                0x000b4f50                OrB
                0x000b56e0                MD5Update
                0x000b5844                sha256
                0x000b5608                RSAPrivateKey
                0x000b5464                Owf
                0x000b50b8                Des112Decipher
                0x000b4e24                CalculateCrc
                0x000b54ec                ShaUpdate
                0x000b541c                MkskEncryptPin
                0x000b5028                Des56Decipher
                0x000b57fc                sha256_finish
                0x000b4f08                XorB
                0x000b4dd0                AesCipherUpdateRounds
 .text          0x000b5890       0x64 C:/Program Files/SDK30/SDK 9.20.0.01/SDK/lib_gnu/eft30.lib(cryptotd1.o)
                0x000b5890                Crypto_Dll_Open
                0x000b58d8                Crypto_Dll_Close
 .text          0x000b58f4       0x48 C:/Program Files/SDK30/SDK 9.20.0.01/SDK/lib_gnu/eft30.lib(pinpad10.o)
                0x000b58f4                PPS_firstline
 .text          0x000b593c       0x4c C:/Program Files/SDK30/SDK 9.20.0.01/SDK/lib_gnu/eft30.lib(pinpad12.o)
                0x000b593c                PPS_Display
 .text          0x000b5988       0x4c C:/Program Files/SDK30/SDK 9.20.0.01/SDK/lib_gnu/eft30.lib(pinpad15.o)
                0x000b5988                PPS_clear_display
 .text          0x000b59d4       0x48 C:/Program Files/SDK30/SDK 9.20.0.01/SDK/lib_gnu/eft30.lib(pinpad8.o)
                0x000b59d4                PPS_newline
 .text          0x000b5a1c       0x48 C:/Program Files/SDK30/SDK 9.20.0.01/SDK/lib_gnu/eft30.lib(pinpad9.o)
                0x000b5a1c                PPS_clearline
 .text          0x000b5a64       0x54 C:/Program Files/SDK30/SDK 9.20.0.01/SDK/lib_gnu/eft30.lib(pinpadtd1.o)
                0x000b5a64                pinpadlib_open
                0x000b5aa8                pinpadlib_close
 .text          0x000b5ab8       0x48 C:/Program Files/SDK30/SDK 9.20.0.01/SDK/lib_gnu/eft30.lib(sv24.o)
                0x000b5ab8                SV_read_date
 .text          0x000b5b00       0x48 C:/Program Files/SDK30/SDK 9.20.0.01/SDK/lib_gnu/eft30.lib(sv25.o)
                0x000b5b00                SV_write_date
 .text          0x000b5b48       0x54 C:/Program Files/SDK30/SDK 9.20.0.01/SDK/lib_gnu/eft30.lib(svtd1.o)
                0x000b5b48                svlib_open
                0x000b5b8c                svlib_close
 .text          0x000b5b9c       0x4c C:/Program Files/SDK30/SDK 9.20.0.01/SDK/lib_gnu/eft30.lib(svtd21.o)
                0x000b5b9c                SV_input_command
 .text          0x000b5be8       0x4c C:/Program Files/SDK30/SDK 9.20.0.01/SDK/lib_gnu/eft30.lib(svtd22.o)
                0x000b5be8                SV_output_command
 .text          0x000b5c34       0x4c C:/Program Files/SDK30/SDK 9.20.0.01/SDK/lib_gnu/eft30.lib(svtd23.o)
                0x000b5c34                SV_power_on
 .text          0x000b5c80       0x3c C:/Program Files/SDK30/SDK 9.20.0.01/SDK/lib_gnu/eft30.lib(libgr137.o)
                0x000b5c80                PaintGraphics
 .text          0x000b5cbc       0x48 C:/Program Files/SDK30/SDK 9.20.0.01/SDK/lib_gnu/eft30.lib(libgr35.o)
                0x000b5cbc                _clrscr
 .text          0x000b5d04       0x48 C:/Program Files/SDK30/SDK 9.20.0.01/SDK/lib_gnu/eft30.lib(libgr40.o)
                0x000b5d04                InitContexteGraphique
 .text          0x000b5d4c       0x60 C:/Program Files/SDK30/SDK 9.20.0.01/SDK/lib_gnu/eft30.lib(libgr41.o)
                0x000b5d4c                DisplayBitmap
 .text          0x000b5dac       0x48 C:/Program Files/SDK30/SDK 9.20.0.01/SDK/lib_gnu/eft30.lib(libgr49.o)
                0x000b5dac                GetDefaultFont
 .text          0x000b5df4       0x4c C:/Program Files/SDK30/SDK 9.20.0.01/SDK/lib_gnu/eft30.lib(libgr54.o)
                0x000b5df4                DefCurrentFont
 .text          0x000b5e40       0x64 C:/Program Files/SDK30/SDK 9.20.0.01/SDK/lib_gnu/eft30.lib(libgr55.o)
                0x000b5e40                DrawExtendedString8859
 .text          0x000b5ea4       0x5c C:/Program Files/SDK30/SDK 9.20.0.01/SDK/lib_gnu/eft30.lib(libgr58.o)
                0x000b5ea4                pprintf8859
 .text          0x000b5f00       0x4c C:/Program Files/SDK30/SDK 9.20.0.01/SDK/lib_gnu/eft30.lib(libgr66.o)
                0x000b5f00                GetExtendedPoliceSize
 .text          0x000b5f4c       0x44 C:/Program Files/SDK30/SDK 9.20.0.01/SDK/lib_gnu/eft30.lib(libgr68.o)
                0x000b5f4c                LoadFont
 .text          0x000b5f90       0x4c C:/Program Files/SDK30/SDK 9.20.0.01/SDK/lib_gnu/eft30.lib(libgr7.o)
                0x000b5f90                CreateGraphics
 .text          0x000b5fdc       0x54 C:/Program Files/SDK30/SDK 9.20.0.01/SDK/lib_gnu/eft30.lib(libgr8.o)
                0x000b5fdc                _SetPixel
 .text          0x000b6030       0x48 C:/Program Files/SDK30/SDK 9.20.0.01/SDK/lib_gnu/eft30.lib(libgr82.o)
                0x000b6030                PaintPrinterGraphics
 .text          0x000b6078       0x4c C:/Program Files/SDK30/SDK 9.20.0.01/SDK/lib_gnu/eft30.lib(libgr83.o)
                0x000b6078                InitPrinterBitmap
 .text          0x000b60c4       0x64 C:/Program Files/SDK30/SDK 9.20.0.01/SDK/lib_gnu/eft30.lib(libgr86.o)
                0x000b60c4                _pprintf8859XY
 .text          0x000b6128       0x54 C:/Program Files/SDK30/SDK 9.20.0.01/SDK/lib_gnu/eft30.lib(libgrtd1.o)
                0x000b6128                libgrlib_open
                0x000b616c                libgrlib_close
 .text          0x000b617c       0x44 C:/Program Files/SDK30/SDK 9.20.0.01/SDK/lib_gnu/eft30.lib(Tools35.o)
                0x000b617c                TM_read_date
 .text          0x000b61c0       0x44 C:/Program Files/SDK30/SDK 9.20.0.01/SDK/lib_gnu/eft30.lib(Tools36.o)
                0x000b61c0                TM_write_date
 .text          0x000b6204       0x58 C:/Program Files/SDK30/SDK 9.20.0.01/SDK/lib_gnu/eft30.lib(Toolstd1.o)
                0x000b624c                toolslib_close
                0x000b6204                toolslib_open
 .text          0x000b625c       0x60 C:/Program Files/SDK30/SDK 9.20.0.01/SDK/lib_gnu/eft30.lib(gprstd1.o)
                0x000b62ac                gprslib_close
                0x000b625c                gprslib_open
 .text          0x000b62bc      0x1d8 C:/Program Files/SDK30/SDK 9.20.0.01/SDK/lib_gnu/eft30.lib(LibAppliT2.o)
                0x000b63ac                putchar
                0x000b6310                printf
                0x000b6334                format
                0x000b63c4                puts
                0x000b62bc                fprintf
                0x000b62d8                vprintf
                0x000b63d8                InitGK
                0x000b62f4                sprintf
                0x000b6404                PAY_GetLastReturnCode
                0x000b6444                WaitOnError
                0x000b6350                OEM_exit_asm
                0x000b635c                __stdprt
                0x000b63f4                TrapResetDiv0
                0x000b6374                pprintf
 .text          0x000b6494        0xe C:/Program Files/SDK30/SDK 9.20.0.01/SDK/lib_gnu/eft30.lib(Telium_Exit.o)
                0x000b6494                Telium_Exit
 *fill*         0x000b64a2        0x2 00
 .text          0x000b64a4       0x4c C:/Program Files/SDK30/SDK 9.20.0.01/SDK/lib_gnu/eft30.lib(extens252.o)
                0x000b64a4                TM_InitContexteGraphique
 .text          0x000b64f0       0x10 C:/Program Files/SDK30/SDK 9.20.0.01/SDK/lib_gnu/trap.lib(trap_1302___STDOUT.o)
                0x000b64f0                __STDOUT
 .text          0x000b6500       0x10 C:/Program Files/SDK30/SDK 9.20.0.01/SDK/lib_gnu/trap.lib(trap_1303_OS_rtc_CurrentTask.o)
                0x000b6500                OS_rtc_CurrentTask
 .text          0x000b6510       0x10 C:/Program Files/SDK30/SDK 9.20.0.01/SDK/lib_gnu/trap.lib(trap_1305_OS_rtc_SignalEvent.o)
                0x000b6510                OS_rtc_SignalEvent
 .text          0x000b6520       0x10 C:/Program Files/SDK30/SDK 9.20.0.01/SDK/lib_gnu/trap.lib(trap_1307_OS_rtc_V.o)
                0x000b6520                OS_rtc_V
 .text          0x000b6530       0x10 C:/Program Files/SDK30/SDK 9.20.0.01/SDK/lib_gnu/trap.lib(trap_1308_OS_rtc_P.o)
                0x000b6530                OS_rtc_P
 .text          0x000b6540       0x10 C:/Program Files/SDK30/SDK 9.20.0.01/SDK/lib_gnu/trap.lib(trap_1309_OS_rtc_StartLDelay.o)
                0x000b6540                OS_rtc_StartLDelay
 .text          0x000b6550       0x10 C:/Program Files/SDK30/SDK 9.20.0.01/SDK/lib_gnu/trap.lib(trap_130A_OS_rtc_StopDelay.o)
                0x000b6550                OS_rtc_StopDelay
 .text          0x000b6560       0x10 C:/Program Files/SDK30/SDK 9.20.0.01/SDK/lib_gnu/trap.lib(trap_130D_OS_rtc_InitSemaphore.o)
                0x000b6560                OS_rtc_InitSemaphore
 .text          0x000b6570       0x10 C:/Program Files/SDK30/SDK 9.20.0.01/SDK/lib_gnu/trap.lib(trap_1313_fclose.o)
                0x000b6570                fclose
 .text          0x000b6580       0x10 C:/Program Files/SDK30/SDK 9.20.0.01/SDK/lib_gnu/trap.lib(trap_1314_fopen.o)
                0x000b6580                fopen
 .text          0x000b6590       0x10 C:/Program Files/SDK30/SDK 9.20.0.01/SDK/lib_gnu/trap.lib(trap_1315_fread.o)
                0x000b6590                fread
 .text          0x000b65a0       0x10 C:/Program Files/SDK30/SDK 9.20.0.01/SDK/lib_gnu/trap.lib(trap_1316_fwrite.o)
                0x000b65a0                fwrite
 .text          0x000b65b0       0x10 C:/Program Files/SDK30/SDK 9.20.0.01/SDK/lib_gnu/trap.lib(trap_1319_getc.o)
                0x000b65b0                getc
 .text          0x000b65c0       0x10 C:/Program Files/SDK30/SDK 9.20.0.01/SDK/lib_gnu/trap.lib(trap_131A_reset_buf.o)
                0x000b65c0                reset_buf
 .text          0x000b65d0       0x10 C:/Program Files/SDK30/SDK 9.20.0.01/SDK/lib_gnu/trap.lib(trap_131B___STDIN.o)
                0x000b65d0                __STDIN
 .text          0x000b65e0       0x10 C:/Program Files/SDK30/SDK 9.20.0.01/SDK/lib_gnu/trap.lib(trap_131E_status.o)
                0x000b65e0                status
 .text          0x000b65f0       0x10 C:/Program Files/SDK30/SDK 9.20.0.01/SDK/lib_gnu/trap.lib(trap_1320_gotoxy.o)
                0x000b65f0                gotoxy
 .text          0x000b6600       0x10 C:/Program Files/SDK30/SDK 9.20.0.01/SDK/lib_gnu/trap.lib(trap_1323__vfprintf.o)
                0x000b6600                _vfprintf
 .text          0x000b6610       0x10 C:/Program Files/SDK30/SDK 9.20.0.01/SDK/lib_gnu/trap.lib(trap_1324_vsprintf.o)
                0x000b6610                vsprintf
 .text          0x000b6620       0x10 C:/Program Files/SDK30/SDK 9.20.0.01/SDK/lib_gnu/trap.lib(trap_1325_fgets.o)
                0x000b6620                fgets
 .text          0x000b6630       0x10 C:/Program Files/SDK30/SDK 9.20.0.01/SDK/lib_gnu/trap.lib(trap_1328_putc.o)
                0x000b6630                putc
 .text          0x000b6640       0x10 C:/Program Files/SDK30/SDK 9.20.0.01/SDK/lib_gnu/trap.lib(trap_1329_ttestall.o)
                0x000b6640                ttestall
 .text          0x000b6650       0x10 C:/Program Files/SDK30/SDK 9.20.0.01/SDK/lib_gnu/trap.lib(trap_132A_fork.o)
                0x000b6650                fork
 .text          0x000b6660       0x10 C:/Program Files/SDK30/SDK 9.20.0.01/SDK/lib_gnu/trap.lib(trap_132B_kill.o)
                0x000b6660                kill
 .text          0x000b6670       0x10 C:/Program Files/SDK30/SDK 9.20.0.01/SDK/lib_gnu/trap.lib(trap_132C_FormatOem.o)
                0x000b6670                FormatOem
 .text          0x000b6680       0x10 C:/Program Files/SDK30/SDK 9.20.0.01/SDK/lib_gnu/trap.lib(trap_1332_EMV_apdu.o)
                0x000b6680                EMV_apdu
 .text          0x000b6690       0x10 C:/Program Files/SDK30/SDK 9.20.0.01/SDK/lib_gnu/trap.lib(trap_1335_EMV_power_on.o)
                0x000b6690                EMV_power_on
 .text          0x000b66a0       0x10 C:/Program Files/SDK30/SDK 9.20.0.01/SDK/lib_gnu/trap.lib(trap_1336_power_on.o)
                0x000b66a0                power_on
 .text          0x000b66b0       0x10 C:/Program Files/SDK30/SDK 9.20.0.01/SDK/lib_gnu/trap.lib(trap_1338_input_command.o)
                0x000b66b0                input_command
 .text          0x000b66c0       0x10 C:/Program Files/SDK30/SDK 9.20.0.01/SDK/lib_gnu/trap.lib(trap_1339_output_command.o)
                0x000b66c0                output_command
 .text          0x000b66d0       0x10 C:/Program Files/SDK30/SDK 9.20.0.01/SDK/lib_gnu/trap.lib(trap_1348_ObjectGetInfo.o)
                0x000b66d0                ObjectGetInfo
 .text          0x000b66e0       0x10 C:/Program Files/SDK30/SDK 9.20.0.01/SDK/lib_gnu/trap.lib(trap_1349_ObjectLoad.o)
                0x000b66e0                ObjectLoad
 .text          0x000b66f0       0x10 C:/Program Files/SDK30/SDK 9.20.0.01/SDK/lib_gnu/trap.lib(trap_134D_ServiceRegister.o)
                0x000b66f0                ServiceRegister
 .text          0x000b6700       0x10 C:/Program Files/SDK30/SDK 9.20.0.01/SDK/lib_gnu/trap.lib(trap_134E_ServiceGet.o)
                0x000b6700                ServiceGet
 .text          0x000b6710       0x10 C:/Program Files/SDK30/SDK 9.20.0.01/SDK/lib_gnu/trap.lib(trap_1350_DllLink.o)
                0x000b6710                DllLink
 .text          0x000b6720       0x10 C:/Program Files/SDK30/SDK 9.20.0.01/SDK/lib_gnu/trap.lib(trap_1352_DllUnlink.o)
                0x000b6720                DllUnlink
 .text          0x000b6730       0x10 C:/Program Files/SDK30/SDK 9.20.0.01/SDK/lib_gnu/trap.lib(trap_1356_stdperif.o)
                0x000b6730                stdperif
 .text          0x000b6740       0x10 C:/Program Files/SDK30/SDK 9.20.0.01/SDK/lib_gnu/trap.lib(trap_135B_StartRetroEclairage.o)
                0x000b6740                StartRetroEclairage
 .text          0x000b6750       0x10 C:/Program Files/SDK30/SDK 9.20.0.01/SDK/lib_gnu/trap.lib(trap_135C_StopRetroEclairage.o)
                0x000b6750                StopRetroEclairage
 .text          0x000b6760       0x10 C:/Program Files/SDK30/SDK 9.20.0.01/SDK/lib_gnu/trap.lib(trap_1369_startupcv20.o)
                0x000b6760                startupcv20
 .text          0x000b6770       0x10 C:/Program Files/SDK30/SDK 9.20.0.01/SDK/lib_gnu/trap.lib(trap_1373_ctrl_date.o)
                0x000b6770                ctrl_date
 .text          0x000b6780       0x10 C:/Program Files/SDK30/SDK 9.20.0.01/SDK/lib_gnu/trap.lib(trap_1374_defprinterpattern.o)
                0x000b6780                defprinterpattern
 .text          0x000b6790       0x10 C:/Program Files/SDK30/SDK 9.20.0.01/SDK/lib_gnu/trap.lib(trap_1375_download.o)
                0x000b6790                download
 .text          0x000b67a0       0x10 C:/Program Files/SDK30/SDK 9.20.0.01/SDK/lib_gnu/trap.lib(trap_1378_OEM_exit.o)
                0x000b67a0                OEM_exit
 .text          0x000b67b0       0x10 C:/Program Files/SDK30/SDK 9.20.0.01/SDK/lib_gnu/trap.lib(trap_137B_is_iso2.o)
                0x000b67b0                is_iso2
 .text          0x000b67c0       0x10 C:/Program Files/SDK30/SDK 9.20.0.01/SDK/lib_gnu/trap.lib(trap_137C_is_iso3.o)
                0x000b67c0                is_iso3
 .text          0x000b67d0       0x10 C:/Program Files/SDK30/SDK 9.20.0.01/SDK/lib_gnu/trap.lib(trap_137D_is_iso1.o)
                0x000b67d0                is_iso1
 .text          0x000b67e0       0x10 C:/Program Files/SDK30/SDK 9.20.0.01/SDK/lib_gnu/trap.lib(trap_138B_FS_dskcreate.o)
                0x000b67e0                FS_dskcreate
 .text          0x000b67f0       0x10 C:/Program Files/SDK30/SDK 9.20.0.01/SDK/lib_gnu/trap.lib(trap_138D_FS_mount.o)
                0x000b67f0                FS_mount
 .text          0x000b6800       0x10 C:/Program Files/SDK30/SDK 9.20.0.01/SDK/lib_gnu/trap.lib(trap_138E_FS_unmount.o)
                0x000b6800                FS_unmount
 .text          0x000b6810       0x10 C:/Program Files/SDK30/SDK 9.20.0.01/SDK/lib_gnu/trap.lib(trap_1395_FS_opendir.o)
                0x000b6810                FS_opendir
 .text          0x000b6820       0x10 C:/Program Files/SDK30/SDK 9.20.0.01/SDK/lib_gnu/trap.lib(trap_1396_FS_readdir.o)
                0x000b6820                FS_readdir
 .text          0x000b6830       0x10 C:/Program Files/SDK30/SDK 9.20.0.01/SDK/lib_gnu/trap.lib(trap_1397_FS_closedir.o)
                0x000b6830                FS_closedir
 .text          0x000b6840       0x10 C:/Program Files/SDK30/SDK 9.20.0.01/SDK/lib_gnu/trap.lib(trap_1398_FS_rename.o)
                0x000b6840                FS_rename
 .text          0x000b6850       0x10 C:/Program Files/SDK30/SDK 9.20.0.01/SDK/lib_gnu/trap.lib(trap_1399_FS_unlink.o)
                0x000b6850                FS_unlink
 .text          0x000b6860       0x10 C:/Program Files/SDK30/SDK 9.20.0.01/SDK/lib_gnu/trap.lib(trap_139B_FS_open.o)
                0x000b6860                FS_open
 .text          0x000b6870       0x10 C:/Program Files/SDK30/SDK 9.20.0.01/SDK/lib_gnu/trap.lib(trap_139C_FS_close.o)
                0x000b6870                FS_close
 .text          0x000b6880       0x10 C:/Program Files/SDK30/SDK 9.20.0.01/SDK/lib_gnu/trap.lib(trap_139D_FS_read.o)
                0x000b6880                FS_read
 .text          0x000b6890       0x10 C:/Program Files/SDK30/SDK 9.20.0.01/SDK/lib_gnu/trap.lib(trap_139E_FS_write.o)
                0x000b6890                FS_write
 .text          0x000b68a0       0x10 C:/Program Files/SDK30/SDK 9.20.0.01/SDK/lib_gnu/trap.lib(trap_139F_FS_flush.o)
                0x000b68a0                FS_flush
 .text          0x000b68b0       0x10 C:/Program Files/SDK30/SDK 9.20.0.01/SDK/lib_gnu/trap.lib(trap_13A1_FS_length.o)
                0x000b68b0                FS_length
 .text          0x000b68c0       0x10 C:/Program Files/SDK30/SDK 9.20.0.01/SDK/lib_gnu/trap.lib(trap_13A2_FS_seek.o)
                0x000b68c0                FS_seek
 .text          0x000b68d0       0x10 C:/Program Files/SDK30/SDK 9.20.0.01/SDK/lib_gnu/trap.lib(trap_13A8_info_seg.o)
                0x000b68d0                info_seg
 .text          0x000b68e0       0x10 C:/Program Files/SDK30/SDK 9.20.0.01/SDK/lib_gnu/trap.lib(trap_13AA_num_seg.o)
                0x000b68e0                num_seg
 .text          0x000b68f0       0x10 C:/Program Files/SDK30/SDK 9.20.0.01/SDK/lib_gnu/trap.lib(trap_13AB_first_init.o)
                0x000b68f0                first_init
 .text          0x000b6900       0x10 C:/Program Files/SDK30/SDK 9.20.0.01/SDK/lib_gnu/trap.lib(trap_13B2_ApplicationGetCurrent.o)
                0x000b6900                ApplicationGetCurrent
 .text          0x000b6910       0x10 C:/Program Files/SDK30/SDK 9.20.0.01/SDK/lib_gnu/trap.lib(trap_13B9_buzzer.o)
                0x000b6910                buzzer
 .text          0x000b6920       0x10 C:/Program Files/SDK30/SDK 9.20.0.01/SDK/lib_gnu/trap.lib(trap_13BE_GiveNoTask.o)
                0x000b6920                GiveNoTask
 .text          0x000b6930       0x10 C:/Program Files/SDK30/SDK 9.20.0.01/SDK/lib_gnu/trap.lib(trap_13C2_InitGkDrv.o)
                0x000b6930                InitGkDrv
 .text          0x000b6940       0x10 C:/Program Files/SDK30/SDK 9.20.0.01/SDK/lib_gnu/trap.lib(trap_13CE_closesocket.o)
                0x000b6940                closesocket
 .text          0x000b6950       0x10 C:/Program Files/SDK30/SDK 9.20.0.01/SDK/lib_gnu/trap.lib(trap_13CF_connect.o)
                0x000b6950                connect
 .text          0x000b6960       0x10 C:/Program Files/SDK30/SDK 9.20.0.01/SDK/lib_gnu/trap.lib(trap_13D6_shutdownsocket.o)
                0x000b6960                shutdownsocket
 .text          0x000b6970       0x10 C:/Program Files/SDK30/SDK 9.20.0.01/SDK/lib_gnu/trap.lib(trap_13D7_socket.o)
                0x000b6970                socket
 .text          0x000b6980       0x10 C:/Program Files/SDK30/SDK 9.20.0.01/SDK/lib_gnu/trap.lib(trap_1406_umalloc.o)
                0x000b6980                umalloc
 .text          0x000b6990       0x10 C:/Program Files/SDK30/SDK 9.20.0.01/SDK/lib_gnu/trap.lib(trap_1407_ufree.o)
                0x000b6990                ufree
 .text          0x000b69a0       0x10 C:/Program Files/SDK30/SDK 9.20.0.01/SDK/lib_gnu/trap.lib(trap_1414_fioctl.o)
                0x000b69a0                fioctl
 .text          0x000b69b0       0x10 C:/Program Files/SDK30/SDK 9.20.0.01/SDK/lib_gnu/trap.lib(trap_1426_get_tick_counter.o)
                0x000b69b0                get_tick_counter
 .text          0x000b69c0       0x10 C:/Program Files/SDK30/SDK 9.20.0.01/SDK/lib_gnu/trap.lib(trap_1432_SystemFioctl.o)
                0x000b69c0                SystemFioctl
 .text          0x000b69d0      0x15c C:/Program Files/SDK30/SDK 9.20.0.01/SDK/lib_gnu/AVL.lib(Proxy.o)
                0x000b6b14                TlvTree_SetTag
                0x000b6b20                TlvTree_Copy
                0x000b6a3c                TlvTree_Serialize
                0x000b6aa8                TlvTree_GetTag
                0x000b6ab4                TlvTree_GetLength
                0x000b6a9c                TlvTree_GetNext
                0x000b6a6c                TlvTree_Iterate
                0x000b6a90                TlvTree_GetParent
                0x000b69dc                TlvTree_AddChild
                0x000b69e8                TlvTree_AddChildInteger
                0x000b6af4                TlvTree_SetDataInteger
                0x000b6a60                TlvTree_Find
                0x000b6a04                TlvTree_AddChildString
                0x000b6a54                TlvTree_Unserialize
                0x000b6ac0                TlvTree_GetData
                0x000b6acc                TlvTree_SetData
                0x000b6a84                TlvTree_GetFirstChild
                0x000b6ad8                TlvTree_SetDataString
                0x000b6a48                TlvTree_GetSerializationSize
                0x000b6a30                TlvTree_Release
                0x000b6a24                TlvTree_Graft
                0x000b69d0                TlvTree_New
 .text          0x000b6b2c       0xa0 C:/Program Files/SDK30/SDK 9.20.0.01/SDK/lib_gnu/AVL.lib(Serializer.o)
                0x000b6ba8                __TlvTree_GetSerializationSize
                0x000b6b58                __TlvTree_Unserialize
                0x000b6b2c                __TlvTree_Serialize
 .text          0x000b6bcc      0x2c8 C:/Program Files/SDK30/SDK 9.20.0.01/SDK/lib_gnu/AVL.lib(Serializer_Default.o)
                0x000b6c3c                __TlvTree_Serialize_Default
                0x000b6d90                __TlvTree_Unserialize_Default
                0x000b6d4c                __TlvTree_GetSerializationSize_Default
 .text          0x000b6e94      0x7a4 C:/Program Files/SDK30/SDK 9.20.0.01/SDK/lib_gnu/AVL.lib(Serializer_Xml.o)
                0x000b7548                __TlvTree_Unserialize_Xml
                0x000b717c                __TlvTree_GetSerializationSize_Xml
                0x000b6f68                __TlvTree_Serialize_Xml
 .text          0x000b7638      0x1a4 C:/Program Files/SDK30/SDK 9.20.0.01/SDK/lib_gnu/AVL.lib(XMLs.o)
                0x000b7670                XMLs_Create
                0x000b76a8                XMLs_Destroy
                0x000b778c                XMLs_ParseBuffer
                0x000b76f8                XMLs_ParseStream
 .text          0x000b77dc      0x7fc C:/Program Files/SDK30/SDK 9.20.0.01/SDK/lib_gnu/AVL.lib(XMLs_Parser.o)
                0x000b788c                XMLs_Attributes_Close
                0x000b7860                XMLs_Attributes_Open
                0x000b7a58                XMLgr_Document
 .text          0x000b7fd8      0x254 C:/Program Files/SDK30/SDK 9.20.0.01/SDK/lib_gnu/AVL.lib(XMLs_ProcessData.o)
                0x000b7fd8                XMLs_ProcessData
 .text          0x000b822c       0xf0 C:/Program Files/SDK30/SDK 9.20.0.01/SDK/lib_gnu/AVL.lib(XMLs_Attributes.o)
                0x000b822c                XMLs_Attributes_GetCount
                0x000b8240                XMLs_Attributes_GetByIndex
                0x000b82c4                XMLs_Attributes_GetByName
 .text          0x000b831c       0xbc C:/Program Files/SDK30/SDK 9.20.0.01/SDK/lib_gnu/AVL.lib(XMLs_Common.o)
                0x000b831c                XMLs_CheckHandle
                0x000b83cc                XMLstr_Set
                0x000b8368                XMLs_SetUserData
                0x000b8334                XMLs_Abort
                0x000b839c                XMLs_GetUserData
 .text          0x000b83d8       0x90 C:/Program Files/SDK30/SDK 9.20.0.01/SDK/lib_gnu/AVL.lib(XMLs_Options.o)
                0x000b8424                XMLs_GetOption
                0x000b83d8                XMLs_SetOption
 .text          0x000b8468      0x144 C:/Program Files/SDK30/SDK 9.20.0.01/SDK/lib_gnu/AVL.lib(XMLs_Buffer.o)
                0x000b8468                XMLs_Buffer_New
                0x000b8490                XMLs_Buffer_Release
                0x000b8594                XMLs_Buffer_Tell
                0x000b8570                XMLs_Buffer_GetC
                0x000b8518                XMLs_Buffer_Fill
                0x000b84ac                XMLs_Buffer_Clear
                0x000b8598                XMLs_Buffer_Seek
 .text          0x000b85ac       0xe0 C:/Program Files/SDK30/SDK 9.20.0.01/SDK/lib_gnu/AVL.lib(XMLs_Stream.o)
                0x000b8668                XMLs_STREAM_Destroy
                0x000b8620                XMLs_STREAM_SetOption
                0x000b85cc                XMLs_STREAM_Create
                0x000b8600                XMLs_STREAM_SetUserData
 .text          0x000b868c      0x314 C:/Program Files/SDK30/SDK 9.20.0.01/SDK/lib_gnu/AVL.lib(Internal.o)
                0x000b881c                __TlvTree_Find
                0x000b886c                __TlvTree_GetNext
                0x000b86c4                __TlvTree_SetData
                0x000b896c                __TlvTree_Release
                0x000b8864                __TlvTree_GetFirstChild
                0x000b8888                __TlvTree_GetData
                0x000b88f0                __TlvTree_RemoveChild
                0x000b888c                __TlvTree_Copy
                0x000b8870                __TlvTree_GetTag
                0x000b86b4                __TlvTree_New
                0x000b868c                __TlvTree_NewNode
                0x000b8720                __TlvTree_AddChild
                0x000b871c                __TlvTree_SetTag
                0x000b8754                __TlvTree_Graft
                0x000b8874                __TlvTree_GetLength
                0x000b8868                __TlvTree_GetParent
                0x000b8940                __TlvTree_DeleteNode
                0x000b87a0                __TlvTree_GetNextNode
 .text          0x000b89a0       0xc4 C:/Program Files/SDK30/SDK 9.20.0.01/SDK/lib_gnu/SEC.lib(SECLibOpenClose.o)
                0x000b89a8                SEClib_Open
                0x000b89a0                SEClib_Version
                0x000b8a48                SEClib_Close
 .text          0x000b8a64       0x48 C:/Program Files/SDK30/SDK 9.20.0.01/SDK/lib_gnu/SEC.lib(SEC1.o)
                0x000b8a64                SEC_Version
 .text          0x000b8aac       0x48 C:/Program Files/SDK30/SDK 9.20.0.01/SDK/lib_gnu/SEC.lib(SEC7.o)
                0x000b8aac                SEC_InitVar
 .text          0x000b8af4       0x54 C:/Program Files/SDK30/SDK 9.20.0.01/SDK/lib_gnu/SEC.lib(SEC8.o)
                0x000b8af4                SEC_SetConfig
 .text          0x000b8b48       0x54 C:/Program Files/SDK30/SDK 9.20.0.01/SDK/lib_gnu/SEC.lib(SEC9.o)
                0x000b8b48                SEC_GetConfig
 .text          0x000b8b9c       0x54 C:/Program Files/SDK30/SDK 9.20.0.01/SDK/lib_gnu/SEC.lib(SEC10.o)
                0x000b8b9c                SEC_listSecureId
 .text          0x000b8bf0       0x58 C:/Program Files/SDK30/SDK 9.20.0.01/SDK/lib_gnu/SEC.lib(SEC11.o)
                0x000b8bf0                SEC_isSecretArea
 .text          0x000b8c48       0x5c C:/Program Files/SDK30/SDK 9.20.0.01/SDK/lib_gnu/SEC.lib(SEC19.o)
                0x000b8c48                SEC_CreateSecretArea
 .text          0x000b8ca4       0x58 C:/Program Files/SDK30/SDK 9.20.0.01/SDK/lib_gnu/SEC.lib(SEC20.o)
                0x000b8ca4                SEC_FreeSecret
 .text          0x000b8cfc       0x60 C:/Program Files/SDK30/SDK 9.20.0.01/SDK/lib_gnu/SEC.lib(SEC21.o)
                0x000b8cfc                SEC_LoadKey
 .text          0x000b8d5c       0x58 C:/Program Files/SDK30/SDK 9.20.0.01/SDK/lib_gnu/SEC.lib(SEC22.o)
                0x000b8d5c                SEC_PinEntryInit
 .text          0x000b8db4       0x50 C:/Program Files/SDK30/SDK 9.20.0.01/SDK/lib_gnu/SEC.lib(SEC23.o)
                0x000b8db4                SEC_PinEntry
 .text          0x000b8e04       0x64 C:/Program Files/SDK30/SDK 9.20.0.01/SDK/lib_gnu/SEC.lib(SEC24.o)
                0x000b8e04                SEC_Iso9564
 .text          0x000b8e68       0x54 C:/Program Files/SDK30/SDK 9.20.0.01/SDK/lib_gnu/SEC.lib(SEC25.o)
                0x000b8e68                SEC_DukptLoadKSN
 .text          0x000b8ebc       0x5c C:/Program Files/SDK30/SDK 9.20.0.01/SDK/lib_gnu/SEC.lib(SEC26.o)
                0x000b8ebc                SEC_DukptLoadDerivationKey
 .text          0x000b8f18       0x58 C:/Program Files/SDK30/SDK 9.20.0.01/SDK/lib_gnu/SEC.lib(SEC28.o)
                0x000b8f18                SEC_DukptGenerateInitialKey
 .text          0x000b8f70       0x64 C:/Program Files/SDK30/SDK 9.20.0.01/SDK/lib_gnu/SEC.lib(SEC31.o)
                0x000b8f70                SEC_DukptEncryptPin
 .text          0x000b8fd4       0x64 C:/Program Files/SDK30/SDK 9.20.0.01/SDK/lib_gnu/SEC.lib(SEC32.o)
                0x000b8fd4                SEC_ECBCipher
 .text          0x000b9038       0x5c C:/Program Files/SDK30/SDK 9.20.0.01/SDK/lib_gnu/SEC.lib(SEC34.o)
                0x000b9038                SEC_ComputeMAC
 .text          0x000b9094       0x48 C:/Program Files/SDK30/SDK 9.20.0.01/SDK/lib_gnu/SEC.lib(SEC37.o)
                0x000b9094                SEC_InitInstance
 .text          0x000b90dc     0x1570 C:/Program Files/SDK30/SDK 9.20.0.01/SDK/lib_gnu/IP_.lib(EthernetConfig.o)
                0x000ba638                EthernetSetOption
                0x000b9c00                EthernetGetBluetoothBaseStatus
                0x000b9350                ethernet_conf_init
                0x000b9c88                ethernet_conf_load
                0x000b9d74                __CheckBT_IsBaseAvailable
                0x000b9b94                _CheckBT_KnownBases
                0x000ba624                EthernetGetOption
                0x000b9b3c                ethernet_conf_free
                0x000b9edc                ethernet_conf_save
 .text          0x000ba64c       0x50 C:/Program Files/SDK30/SDK 9.20.0.01/SDK/lib_gnu/IP_.lib(Telium_IP_Host.o)
                0x000ba684                ResolverGetOption
                0x000ba64c                gethostbyname_r
                0x000ba664                gethostbyaddr_r
                0x000ba690                ResolverSetOption
 .text          0x000ba69c      0x13c C:/Program Files/SDK30/SDK 9.20.0.01/SDK/lib_gnu/IP_.lib(Telium_IP_Inet.o)
                0x000ba69c                __inet_addr
                0x000ba6a8                __inet_aton
                0x000ba794                __inet_ntoa
 .text          0x000ba7d8       0x74 C:/Program Files/SDK30/SDK 9.20.0.01/SDK/lib_gnu/IP_.lib(Telium_IP_Socket.o)
                0x000ba824                recvfrom
                0x000ba7f0                setsockopt
                0x000ba808                sendto
                0x000ba840                fcntlsocket
                0x000ba7d8                getsockopt
 .text          0x000ba84c       0x50 C:/Program Files/SDK30/SDK 9.20.0.01/SDK/lib_gnu/IP_.lib(PackIP_Internal.o)
                0x000ba892                __SoftwareActivateSWI
                0x000ba856                __fopenSWI
                0x000ba874                __fcloseSWI
                0x000ba84c                __SystemFioctlSWI
                0x000ba860                __stdperifSWI
                0x000ba888                __OEM_exitSWI
                0x000ba87e                __ttestallSWI
                0x000ba86a                __fioctlSWI
 .text          0x000ba89c      0x5b8 C:/Program Files/SDK30/SDK 9.20.0.01/SDK/lib_gnu/LinkLayerExeInterface.lib(LinkLayerServices.o)
                0x000ba958                LL_GetInfo
                0x000babfc                LL_WaitEvent
                0x000baba4                LL_GetLastError
                0x000bab4c                LL_ClearSendBuffer
                0x000bad78                LL_GSM_Start
                0x000badf8                LL_GetHandle
                0x000baac4                LL_Receive
                0x000baa40                LL_Send
                0x000bac2c                LL_Network_GetStatus
                0x000ba9e8                LL_Connect
                0x000baa14                LL_Disconnect
                0x000bacd8                LL_GPRS_Connect
                0x000bac64                LL_GPRS_Start
                0x000bab78                LL_ClearReceiveBuffer
                0x000badd0                LL_GSM_Stop
                0x000ba89c                LL_Configure
                0x000bad50                LL_GPRS_Stop
                0x000babd0                LL_GetStatus
 .text          0x000bae54       0x10 C:/Program Files/SDK30/SDK 9.20.0.01/SDK/lib_gnu/trap.lib(trap_1386_upload_diagnostic_txt.o)