Archive member included because of file (symbol)

libs/GNU_ARM_DEBUG/RSA.lib(RSA_dec.o)
                              Obj/DEBUG_T1/LineEncryption.o (RSA_Decrypt)
libs/GNU_ARM_DEBUG/RSA.lib(RSA_init.o)
                              Obj/DEBUG_T1/LineEncryption.o (RSA_init)
libs/GNU_ARM_DEBUG/RSA.lib(m_add.o)
                              libs/GNU_ARM_DEBUG/RSA.lib(RSA_dec.o) (math_add)
libs/GNU_ARM_DEBUG/RSA.lib(m_b2w.o)
                              libs/GNU_ARM_DEBUG/RSA.lib(RSA_dec.o) (math_byteToWord)
libs/GNU_ARM_DEBUG/RSA.lib(m_clr.o)
                              libs/GNU_ARM_DEBUG/RSA.lib(RSA_dec.o) (math_clr)
libs/GNU_ARM_DEBUG/RSA.lib(m_cmp.o)
                              libs/GNU_ARM_DEBUG/RSA.lib(RSA_dec.o) (math_cmp)
libs/GNU_ARM_DEBUG/RSA.lib(m_cpy.o)
                              libs/GNU_ARM_DEBUG/RSA.lib(RSA_dec.o) (math_cpy)
libs/GNU_ARM_DEBUG/RSA.lib(m_div.o)
                              libs/GNU_ARM_DEBUG/RSA.lib(RSA_dec.o) (math_div)
libs/GNU_ARM_DEBUG/RSA.lib(m_mem.o)
                              libs/GNU_ARM_DEBUG/RSA.lib(RSA_init.o) (math_memInit)
libs/GNU_ARM_DEBUG/RSA.lib(m_modmul.o)
                              libs/GNU_ARM_DEBUG/RSA.lib(RSA_dec.o) (math_modmul)
libs/GNU_ARM_DEBUG/RSA.lib(m_monexp.o)
                              libs/GNU_ARM_DEBUG/RSA.lib(RSA_dec.o) (math_monexp)
libs/GNU_ARM_DEBUG/RSA.lib(m_moninv.o)
                              libs/GNU_ARM_DEBUG/RSA.lib(m_monexp.o) (math_moninv)
libs/GNU_ARM_DEBUG/RSA.lib(m_monmul.o)
                              libs/GNU_ARM_DEBUG/RSA.lib(m_monexp.o) (math_monmul)
libs/GNU_ARM_DEBUG/RSA.lib(m_msb.o)
                              libs/GNU_ARM_DEBUG/RSA.lib(m_div.o) (math_msb)
libs/GNU_ARM_DEBUG/RSA.lib(m_mul.o)
                              libs/GNU_ARM_DEBUG/RSA.lib(RSA_dec.o) (math_mul)
libs/GNU_ARM_DEBUG/RSA.lib(m_mulsub.o)
                              libs/GNU_ARM_DEBUG/RSA.lib(m_div.o) (math_mulsub)
libs/GNU_ARM_DEBUG/RSA.lib(m_rand.o)
                              libs/GNU_ARM_DEBUG/RSA.lib(RSA_init.o) (math_random_init)
libs/GNU_ARM_DEBUG/RSA.lib(m_red.o)
                              libs/GNU_ARM_DEBUG/RSA.lib(m_monmul.o) (math_monred)
libs/GNU_ARM_DEBUG/RSA.lib(m_shlx.o)
                              libs/GNU_ARM_DEBUG/RSA.lib(m_div.o) (math_shlx)
libs/GNU_ARM_DEBUG/RSA.lib(m_shrx.o)
                              libs/GNU_ARM_DEBUG/RSA.lib(m_div.o) (math_shrx)
libs/GNU_ARM_DEBUG/RSA.lib(m_sub.o)
                              libs/GNU_ARM_DEBUG/RSA.lib(RSA_dec.o) (math_sub)
libs/GNU_ARM_DEBUG/RSA.lib(m_w2b.o)
                              libs/GNU_ARM_DEBUG/RSA.lib(RSA_dec.o) (math_wordToByte)
C:/Program Files/SDK30/SDK 7.5.1/SDK/lib_gnu/eft30.lib(iam1.o)
                              Obj/DEBUG_T1/sgm.o (Send_Message)
C:/Program Files/SDK30/SDK 7.5.1/SDK/lib_gnu/eft30.lib(atoi.o)
                              Obj/DEBUG_T1/req.o (atol)
C:/Program Files/SDK30/SDK 7.5.1/SDK/lib_gnu/eft30.lib(extens119.o)
                              Obj/DEBUG_T1/tlmhmi.o (StateHeader)
C:/Program Files/SDK30/SDK 7.5.1/SDK/lib_gnu/eft30.lib(extens5.o)
                              Obj/DEBUG_T1/sgm.o (Get_TypeCode)
C:/Program Files/SDK30/SDK 7.5.1/SDK/lib_gnu/eft30.lib(extens53.o)
                              Obj/DEBUG_T1/tlm.o (d_tolong)
C:/Program Files/SDK30/SDK 7.5.1/SDK/lib_gnu/eft30.lib(extens87.o)
                              Obj/DEBUG_T1/tlmemv.o (USR_ServiceCall)
C:/Program Files/SDK30/SDK 7.5.1/SDK/lib_gnu/eft30.lib(extens89.o)
                              Obj/DEBUG_T1/tlm.o (GetSemaphoreUser)
C:/Program Files/SDK30/SDK 7.5.1/SDK/lib_gnu/eft30.lib(extens90.o)
                              Obj/DEBUG_T1/tlm.o (FreeSemaphoreUser)
C:/Program Files/SDK30/SDK 7.5.1/SDK/lib_gnu/eft30.lib(extens93.o)
                              Obj/DEBUG_T1/tlm.o (GetDelayUser)
C:/Program Files/SDK30/SDK 7.5.1/SDK/lib_gnu/eft30.lib(extens94.o)
                              Obj/DEBUG_T1/tlm.o (FreeDelayUser)
C:/Program Files/SDK30/SDK 7.5.1/SDK/lib_gnu/eft30.lib(param17.o)
                              Obj/DEBUG_T1/tlmcry.o (PSQ_Donner_noserie)
C:/Program Files/SDK30/SDK 7.5.1/SDK/lib_gnu/eft30.lib(param46.o)
                              Obj/DEBUG_T1/sgm.o (PSQ_Update_Cash_Connection)
C:/Program Files/SDK30/SDK 7.5.1/SDK/lib_gnu/eft30.lib(param72.o)
                              Obj/DEBUG_T1/tlmcry.o (PSQ_donner_type_pinpad)
C:/Program Files/SDK30/SDK 7.5.1/SDK/lib_gnu/eft30.lib(crypto.o)
                              Obj/DEBUG_T1/LineEncryption.o (ShaCompute)
C:/Program Files/SDK30/SDK 7.5.1/SDK/lib_gnu/eft30.lib(pinpad10.o)
                              Obj/DEBUG_T1/tlmcry.o (PPS_firstline)
C:/Program Files/SDK30/SDK 7.5.1/SDK/lib_gnu/eft30.lib(pinpad12.o)
                              Obj/DEBUG_T1/tlmcry.o (PPS_Display)
C:/Program Files/SDK30/SDK 7.5.1/SDK/lib_gnu/eft30.lib(pinpad15.o)
                              Obj/DEBUG_T1/tlmcry.o (PPS_clear_display)
C:/Program Files/SDK30/SDK 7.5.1/SDK/lib_gnu/eft30.lib(pinpad8.o)
[...]
Memory Configuration

Name             Origin             Length             Attributes
*default*        0x00000000         0xffffffff

Linker script and memory map

                0x00000000                . = 0x0
                0x00000000                __text_start = .

.text           0x00000000    0xb282c
 *(.first)
 .first         0x00000000       0xa0 Obj/DEBUG_T1/cstartup.o
                0x00000000                _start
 *(.text .text.*)
 .text          0x000000a0       0x18 Obj/DEBUG_T1/trc.o
                0x000000a0                errChk
 .text          0x000000b8     0x16dc Obj/DEBUG_T1/tbx.o
                0x00000a68                bufInit
                0x00000ad4                bufLen
                0x000000d8                wPtr
                0x00000ae8                bufReset
                0x00001380                queGetTag
                0x0000146c                bitOff
                0x00000ac0                bufPtr
                0x00000f68                queInit
                0x000010e8                queGet
                0x00000aac                bufDim
                0x00000fc4                quePut
                0x000000b8                bPtr
                0x00000830                hex2bin
                0x00000d0c                bufOwr
                0x00000efc                bufCpy
                0x000014d4                bitTest
                0x000004c0                num2hex
                0x000012b8                quePutTlv
                0x00000314                dec2num
                0x00000eb0                bufCat
                0x0000017c                num2dec
                0x00000f34                bufGet
                0x00000b14                bufSet
                0x00001220                queLen
                0x0000099c                num2bin
                0x00001674                tbxCheckParity
                0x00000f90                queReset
                0x000013b0                queGetTlv
                0x00000a30                tmrPause
                0x00001234                queRewind
                0x000011a4                queNxt
                0x000007a0                bin2hex
                0x000000f8                cPtr
                0x0000153c                tbxParity
                0x00000608                hex2num
                0x00000924                bin2num
                0x00000bb0                bufIns
                0x00000e78                bufApp
                0x00000dcc                bufDel
                0x00000114                dPtr
                0x00001254                quePutTag
                0x00001408                bitOn
 .text          0x00001794     0x1da4 Obj/DEBUG_T1/tlm.o
                0x00003198                tskStop
                0x00001d48                magGet
                0x0000194c                magStart
                0x000025ec                iccDetect
                0x000018d0                tmrSleep
                0x000030f8                tskStart
                0x00001940                Click
                0x00001794                tmrStart
                0x000024a4                sysRand
                0x0000188c                tmrStop
                0x00003090                semDec
                0x00003238                reboot
                0x00003248                getSapSer
                0x00001934                utaBeep
                0x00002b48                iccCommand
                0x0000217c                getCard
                0x00002df8                getTS
                0x00003024                semInc
                0x000033b8                getCodeFileList
                0x00001818                tmrGet
                0x000024b4                iccStart
                0x00002be4                getDateTime
                0x00003344                getAppName
                0x00002cdc                setDateTime
                0x00003014                tskSync
                0x00001f64                magStop
                0x00003478                getAppVer
                0x00002590                iccStop
 .text          0x00003538      0xe9c Obj/DEBUG_T1/tlmhmi.o
                0x000042dc                kbdStart
                0x000041a4                dspHgt
                0x00003c64                prtImg
                0x00003d18                dspStart
                0x00004364                kbdStop
                0x00004180                dspWdt
                0x0000438c                kbdKey
                0x000036dc                prtS
                0x00003640                prtStop
                0x00003e04                dspClear
                0x000041e0                dspImg
                0x00003eec                dspLS
                0x00003810                prtES
                0x0000367c                prtCtrl
                0x00003dc8                dspStop
                0x000035b4                prtStart
                0x00003e68                dspLight
                0x000040bc                dspXYFS
 .text          0x000043d4      0xc84 Obj/DEBUG_T1/tlmmem.o
                0x000048cc                nvmSet
                0x00004688                nvmHold
                0x00004c3c                nvmMove
                0x00004738                nvmSave
                0x00004ec4                nvmSeqPos
                0x00004408                nvmFileName
                0x00004e14                nvmSeqClose
                0x00004bd0                nvmSize
                0x000046fc                nvmRelease
                0x00004e58                nvmSeqRemove
                0x00004628                nvmRemove
                0x00004fc0                nvmSeqPut
                0x00004aac                nvmLoad
                0x00004d1c                nvmSeqOpen
                0x00004438                nvmPathFileName
                0x00004f40                nvmSeqGet
                0x00004470                nvmStart
 .text          0x00005058     0x1e4c Obj/DEBUG_T1/std.o
                0x000056c4                stdLuhnCheck
                0x00006850                BaseToDec
                0x000061c0                stdDES
                0x0000626c                stdDED
                0x00006c10                ts2dt
                0x00005510                stdPow
                0x000065b4                Radix64Decode
                0x00006950                stdOWF
                0x00005920                stdArgMsgCrc16
                0x00005058                isSorted
                0x00006218                stdEDE
                0x00005498                subStr
                0x00006d34                dt2ts
                0x00005998                xor
                0x00005630                stdGetAcc
                0x00005a14                stdParity
                0x00006350                hashJerkinsBin
                0x000055ac                trk2Lrc
                0x0000644c                bmpDat
                0x00006460                Radix64Encode
                0x000061ec                stdSED
                0x00006424                bmpHgt
                0x00005428                addStr
                0x0000555c                stdLrc
                0x000063fc                bmpWdt
                0x00005818                stdCrc16
 .text          0x00006ea4      0xc68 Obj/DEBUG_T1/fmt.o
                0x00007aa4                fmtDelSpace
                0x00007954                fmtDate
                0x00006f14                fmtTok
                0x000070a8                fmtCnt
                0x00006fc4                fmtPad
                0x00007680                fmtIns
                0x000078b4                fmtTcp
                0x000077a4                fmtDel
                0x000079fc                fmtTime
                0x000074f8                fmtMut
                0x00007294                fmtAmt
                0x00006ea4                fmtSbs
 .text          0x00007b0c     0x4958 Obj/DEBUG_T1/dba.o
                0x0000a6ac                idxApp
                0x0000974c                searchInit
                0x00008c80                tabGet
                0x00009184                recDim
                0x0000823c                dbaImport
                0x00009694                recMove
                0x00008c28                tabReset
                0x00008e58                tabExport
                0x00009700                recPos
                0x0000a8b8                idxLoad
                0x000098f8                linFind
                0x00009524                recExport
                0x00009198                recSize
                0x0000a3b8                idxIns
                0x0000c1c4                hshScanBeg
                0x0000b634                hshFind
                0x0000aa18                idxReset
                0x0000aaec                idxSet
                0x0000c070                hshClean
                0x0000c250                hshScanEnd
                0x00008d74                tabPut
                0x0000b81c                hshDel
                0x0000c288                hshScan
                0x00009a78                binFind
                0x00009bc4                idxInit
                0x00008bf8                tabSize
                0x0000b1f8                hshIns
                0x00009100                recCache
                0x00008b4c                tabCache
                0x00008bd0                tabDim
                0x00008f88                tabSave
                0x0000927c                recGet
                0x00009224                recReset
                0x000091b8                recFldFmt
                0x00007b0c                dbaSetPtr
                0x00009664                recSave
                0x00008f28                tabFlush
                0x000091f8                recFldLen
                0x00009634                recLoad
                0x00009604                recFlush
                0x00008f58                tabLoad
                0x0000a5ac                idxDel
                0x00008be4                tabWdt
                0x0000b0e0                hshReset
                0x0000afe0                hshInit
                0x00008ff8                recInit
                0x00008ab8                tabInit
                0x00009cac                idxDim
                0x0000a750                idxSave
                0x000093dc                recPut
                0x0000a6e4                idxSize
                0x00008c14                tabRowFmt
                0x00009cc0                idxFind
                0x0000a388                idxSort
                0x00007de0                dbaExport
 .text          0x0000c464     0x26a8 Obj/DEBUG_T1/drv.o
                0x0000c5b0                cntGet
                0x0000c6c4                cntPut
                0x0000d2b4                cmbInit
                0x0000c834                cvtLen
                0x0000c4f4                cntLen
                0x0000c464                cntInit
                0x0000d410                cmbLen
                0x0000d0d8                cvtPut
                0x0000e8f4                cmbGet
                0x0000c7bc                cvtInit
                0x0000d1cc                cvtGet
 .text          0x0000eb0c     0x3398 Obj/DEBUG_T1/dlg.o
                0x00011dd0                info
                0x0000fa18                enterStr2
                0x00010820                removeCard
                0x0000fbd8                enterData
                0x00011250                enterTxt3
                0x0000fb08                enterAmt
                0x00010878                DetectCard
                0x0000fa90                enterPwd
                0x0000fb94                enterTcp
                0x0000fa54                enterPhr
                0x0000eb44                dlgClick
                0x00010504                enterCard
                0x000108b4                enterTxt2
                0x00011e60                enterTime
                0x0000eb0c                stub
                0x0000f76c                enterFmtStrFarsi
                0x0000f9dc                enterStr
                0x00011e1c                enterDate
                0x0000facc                enterPwd2
                0x0000fc1c                enterTxt
                0x0000ed20                mnuSelect
 .text          0x00011ea4      0xea0 Obj/DEBUG_T1/Main.o
                0x00012cb0                entry
                0x00011ea4                Main
                0x00012374                my_custom_message
                0x00012cd8                state
                0x000123a8                give_interface
 .text          0x00012d44     0x12f8 Obj/DEBUG_T1/sgm.o
                0x00012ea4                IAM_to_myself
                0x00013870                give_your_domain
                0x000137dc                is_name
                0x00013d7c                file_received
                0x000138e0                is_change_init
                0x00013604                more_function
                0x00012d44                HexDump
                0x00012f30                Task_Protocol
                0x00013638                idle_message
                0x00014000                debit_emv
                0x00013698                is_delete
                0x00013cac                keyboard_event
                0x00013764                is_state
                0x00013f64                give_aid
                0x00013514                message_received
                0x00013a58                debit_non_emv
                0x00013d58                time_function
                0x00013ae0                is_for_you_after
                0x00013f94                is_card_emv_for_you
                0x000136bc                after_reset
                0x00013488                sendBuff
 .text          0x0001403c     0x4584 Obj/DEBUG_T1/map.o
                0x0001818c                mapExport
                0x00017e78                mapLoad
                0x00016520                mapGet
                0x00014470                relKey
                0x00018134                mapIns
                0x00017a54                mapMove
                0x00015bc8                mapReset
                0x00017f50                mapSave
                0x00014c98                mapInit
                0x000144ac                getContainer
                0x000175bc                mapDatFmt
                0x00016ba8                mapPut
                0x00018160                mapDel
                0x00017118                mapDatLen
                0x00018028                mapFlush
                0x00017ce8                mapCache
                0x00018100                mapFind
 .text          0x000185c0     0x521c Obj/DEBUG_T1/dft.o
                0x0001d044                dftReset
                0x000185cc                getCmpTim
                0x000185c0                getCmpDat
 .text          0x0001d7dc     0x117c Obj/DEBUG_T1/rpt.o
                0x0001d928                rptReceipt
 .text          0x0001e958      0xee8 Obj/DEBUG_T1/scr.o
                0x0001f584                scrDlg
                0x0001ee20                usrInfo
 .text          0x0001f840      0xf9c Obj/DEBUG_T1/str.o
                0x0001fd0c                isReversibleSend
                0x000206b0                rloPrint
                0x0001fe40                isReversibleRecv
                0x0001f840                traReset
                0x0001fc04                emvIsApproved
                0x0001ff64                mapKeyTag
                0x00020724                incCard
                0x0001f8fc                strFormatDatTim
                0x0001fa84                strFormatTraDatTim
 .text          0x000207dc     0x1f80 Obj/DEBUG_T1/hdl.o
                0x000221bc                hex_dump_char
                0x00021994                hdlBefore
                0x00022528                Fn100
                0x00022628                FnSales
                0x00021b5c                hdlMagStripe
                0x00021ffc                hdlWakeUp
                0x00022654                FnPrepaid
                0x000216cc                hdlPowerOn
                0x00022604                FnSetPIN
                0x00022748                viewLog
                0x00022560                FnDisableMenu
                0x000219c4                hdlAskMagStripe
                0x00022720                FnSetMin
                0x000225f8                FnSetMQPSVEPS
                0x00022610                FnSettingTID
                0x00022734                FnTerminal
                0x000226cc                FnshowOption
                0x0002261c                cetakVersion
                0x000219b4                hdlAfter
                0x00022504                FnConnSetting
                0x0002270c                FnTMS
                0x000215ac                hdlMainMenu
                0x000224f0                FnCommunication
                0x00022514                Fn99
                0x000226ac                FnPrintRef
                0x000226e8                FnPrinthis
                0x00021c90                hdlSmartCard
                0x00022680                FnTopUp
                0x000221a4                hdlTimer
 .text          0x0002275c     0x1890 Obj/DEBUG_T1/val.o
                0x0002396c                valPwd
                0x00023480                valLogIsNotFull
                0x00023870                valTxnFound
                0x00023a3c                valChipAllowed
                0x00023f60                ValBfSett
                0x00023684                valAppliIsInit
                0x000232dc                valCard
                0x000237fc                valIsTrickleFeedEnabled
                0x00023878                valIsPrintRequired
                0x000233cc                valAmount
                0x00023a44                valFloorLimit
                0x0002360c                valBaudRate
                0x00023cd0                valAskPwd
                0x00022930                valBinLogoAssign
                0x000234fc                valConnSett
                0x00023694                valIsPinRequired
                0x00023584                valDialOpt
                0x00022a48                valBin
                0x00023974                valManualEntryAllowed
                0x0002368c                valNoPendingSettlement
                0x00023a34                valMagAllowed
                0x0002275c                valOpr
                0x00023788                valIsTipAllowed
                0x00023e00                valRspCod
 .text          0x00023fec     0x5e48 Obj/DEBUG_T1/adm.o
                0x00023fec                admDlgClick
                0x00025864                admViewTotals
                0x000295f0                admMasterKey
                0x00029180                admCmmEDHSetup
                0x00029594                admCmmGEncryption
                0x00029d98                admEDCFunction
                0x000291dc                admCmmDTMF
                0x00028d58                admCmmLineSetup
                0x00026080                admViewBatchNum
                0x0002877c                admTDT
                0x000275c0                admViewTCPIPGprs
                0x00026914                admTMSLoadParam
                0x00028a90                admCmmPrintSetting
                0x000261fc                admViewBat
                0x00024da0                admRevReset
                0x00028930                admCmmViewSetting
                0x00024d28                admTCReset
                0x0002757c                admTMSPrintConfig
                0x000291c8                admCmmCountryCode
                0x000273e0                admTMSViewConfig
                0x00024a30                admChangePwd
                0x000261b0                admSetStan
                0x00029cac                admBlowfish
                0x00025ff8                admViewRoc
                0x00027ab0                admViewRs232
                0x000295dc                admCmmGAutoEnable
                0x000280d4                admTMSConfig
                0x00024bcc                admReset
                0x000291f0                admCmmGConfigure
                0x00029b24                admConnSettings
                0x000260f0                admSetBatchNum
                0x000240e0                admEnterAPN
                0x0002891c                admTermAppli
                0x00024e08                admInitRpt
                0x000279e0                admViewDialup
                0x00024fec                admSWver
                0x00028fe4                admCmmIPSetup
                0x0002616c                admViewStan
                0x00026034                admSetRoc
                0x00025028                admViewTxn
 .text          0x00029e34     0x41a0 Obj/DEBUG_T1/emv.o
                0x0002dd54                emvFullProcessSet
                0x0002db24                emvProcessing
                0x0002d9cc                emvReset
                0x0002a2a4                emvApplicationSelect
                0x0002d97c                myMapPut
                0x00029e34                emvInitAid
                0x0002de98                emvFullProcessCheck
                0x00029fd0                emvMapAidMove
 .text          0x0002dfd4     0x39b8 Obj/DEBUG_T1/function.o
                0x0002f338                CheckFallBack
                0x0002e0a0                enterUang
                0x0002faa8                settingMenu
                0x0002f5a4                PrintIsoMsg
                0x0002e180                enterAngka
                0x0002e230                pmtPrepare
                0x0002eb08                isIct220
                0x0002e380                pmtPinManual
                0x0002f0e4                CetakMasterKey
                0x0002e000                enterHuruf
                0x0002e8d4                udf_get_key_press
                0x0002dfd4                hex_dump
                0x0002e5a0                debug_set
                0x0002e960                PrintInit
                0x0002f3d0                pmtEchoTest
                0x0002e6a8                acceptable_key
                0x0002f824                ICCDebug
                0x0002ebec                PrintBinAndIssuerTable
                0x0002fd18                call_function
                0x0002f794                debug_emv_set
                0x0002ff14                displayResponse
                0x0002f168                hexDumpTMS
                0x00031940                FmtExpDat
                0x0002eecc                AcquirerInfo
                0x0002e788                display_text
                0x0002f83c                functionMenu
 .text          0x0003198c       0x28 Obj/DEBUG_T1/iso.o
                0x0003198c                isoFmt
 .text          0x000319b4     0xa9a4 Obj/DEBUG_T1/log.o
                0x00035290                briLogReset
                0x00035c5c                logCalcTot
                0x000380e8                logSettlementRpt
                0x00034ac0                logPrintTxn
                0x0003c098                setLogIsUploaded
                0x0003b290                logBatchTotals
                0x000394ec                logPrintLog
                0x000354fc                copyUnmarkToBatch
                0x0003c154                printAllLog
                0x000319b4                logSaveCurContext
                0x00035c44                logGetPreviousAmount
                0x00035758                copyAllToBatch
                0x00035394                markSettlementTrans
                0x00034dd4                logDuplicata
                0x00032a74                logLoad
                0x00036c8c                logConfirmTotals
                0x000351d4                logReset
                0x000351c8                logSetDup
                0x00039f50                logHostTotals
                0x00035c3c                logIsInBlackList
                0x00035990                copyAllToTemporaryBatch
                0x00037388                logSettlement
                0x0003b970                pmtPrepaidSettlement
                0x00032318                logSave
                0x00031ab8                logLoadCurContext
                0x0003c280                printAllSetlleDuplicate
                0x00035b80                batchSync
 .text          0x0003c358      0xd1c Obj/DEBUG_T1/onl.o
                0x0003cc04                DisconnectFromHost
                0x0003d064                onlConnect2
                0x0003cc2c                onlSession
                0x0003cfcc                tleSecond
 .text          0x0003d074     0xa4b4 Obj/DEBUG_T1/pmt.o
                0x000426c0                pmtRefund
                0x00041d88                pmtSaleRedeem
                0x00042aac                pmtAdjust
                0x0003e400                pmtTipInput
                0x0003dea8                pmtPinInput
                0x00041f04                pmtPreaut
                0x0003e0a8                pmtAmountInput
                0x00041c0c                pmtSale
                0x00042c00                BlockPan
                0x00042198                pmtAut
                0x00042920                pmtVoid
                0x0004284c                pmtOffline
                0x00042050                pmtPreAut
                0x00040410                pmtPayment
                0x00042db0                pmtBalance
                0x00042cfc                pmtFallback
                0x00045164                disableSubmenu
                0x000422e4                pmtPreAuth
                0x00042b38                pmtManual
                0x0003d07c                pmtManInput
                0x0003d2c4                pmtCardInput
                0x0003dae8                pmtOldPinInput
                0x00042fd8                pmtBRI
                0x00042e88                pmtVoidTarikTunai
                0x000474fc                fmtAmtReceipt2
                0x0004242c                pmtPreCancel
                0x00040360                pmtIncrementInv
                0x0003dc7c                pmtNewPinInput
                0x00042578                pmtPreCom
                0x0003f980                dmyPmtSmartCard
                0x0003d074                pmtForceOnline
 .text          0x00047528     0x52a0 Obj/DEBUG_T1/req.o
                0x0004b4b8                reqBuild
 .text          0x0004c7c8      0x334 Obj/DEBUG_T1/rev.o
                0x0004c7c8                revSave
                0x0004c9f8                tcSave
                0x0004c8e0                reversalTransaction
 .text          0x0004cafc     0x89c4 Obj/DEBUG_T1/rsp.o
                0x00055304                rspParse
 .text          0x000554c0     0x3adc Obj/DEBUG_T1/tle.o
                0x00058870                checkMti
                0x00058174                tleSession
                0x000582a0                doBRIReversal
                0x00058604                checkMid
                0x00058d54                dumpIsoMessage
                0x00058704                checkStan
                0x000588f4                procPrepaidUpload
                0x00058508                checkTid
 .text          0x00058f9c     0x3aac Obj/DEBUG_T1/tlmchn.o
                0x0005c440                comHangWait
                0x0005c020                comRecvBuf
                0x0005a718                comSet
                0x0005b338                comSendBuf
                0x00059010                parseIp
                0x0005b61c                comRecv
                0x0005ae68                comDial
                0x0005c930                comGetIMEI
                0x0005b0c0                comSend
                0x0005c2d4                comHangStart
                0x00058f9c                parseStr
                0x0005c7b4                comStop
                0x00059224                comStart
                0x0005c858                comGetIMSI
                0x0005ca18                comGetLastError
                0x0005ca30                comGetDialInfo
 .text          0x0005ca48     0x149c Obj/DEBUG_T1/tlmcry.o
                0x0005d8d4                cryDiag
                0x0005ddf0                cryDukptGetPinTSA
                0x0005dcf8                cry3DESDukptGetPin
                0x0005cc08                cryStop
                0x0005ceb0                cryLoadDKuDK
                0x0005d650                cryGetPin
                0x0005d95c                tlmGetSer
                0x0005da4c                cryDukptInit
                0x0005d01c                crySetPpd
                0x0005cb2c                cryStart
                0x0005db10                cryDukptGetPin
                0x0005dc0c                cry3DESDukptInit
                0x0005d7fc                cryMac
                0x0005cca4                cryLoadTestKey
                0x0005d1b4                ppdLS
                0x0005cc1c                cryEraseKeysArray
                0x0005cd9c                cryVerify
                0x0005d1a0                ppdClear
                0x0005d644                getPinLen
                0x0005d738                cryEmvPin
 .text          0x0005dee4     0x3af8 Obj/DEBUG_T1/tlmemv.o
                0x0006055c                emvAuthenticate
                0x00060b90                emvCVMstart
                0x00061254                emvAnalyse
                0x00060c8c                emvCVMnext
                0x0005f700                emvInit
                0x00060318                emvContext
                0x000601cc                emvGetLang
                0x00060fb0                emvValidate
                0x00060078                emvSetSelectResponse
                0x0005e4ec                emvGetFallBack
                0x00061544                emvComplete
                0x0005e4ac                emvSetFallBack
                0x000617b8                emvGetAids
                0x0006006c                emvSetFSbuf
                0x000618fc                emvCheckCardBlocked
                0x0005fcd4                emvSelect
                0x0005fc20                emvSelectStatus
                0x00060e5c                emvCVMoff
                0x0005f984                emvCheckFallback
                0x0006041c                emvPrepare
                0x00060140                emvFinalSelect
                0x0005f95c                emvStop
                0x0005f820                emvStart
 .text          0x000619dc        0x4 Obj/DEBUG_T1/tcan0020.o
                0x000619dc                tcan0020
 .text          0x000619e0    0x31128 Obj/DEBUG_T1/BRI.o
                0x0006c91c                KonfirmasiTCash
                0x00092918                briModifyPinEntry
                0x0008fe3c                viewMiniAtmLog
                0x00063ef4                inputPembayaranKKBRI
                0x000727bc                parseField63
                0x000723a4                getField61
                0x000905a8                parseField62
                0x0006c180                inputInternetBankingPin
                0x0008ee90                mLogReset
                0x0008fe7c                setDumpIsoMessage
                0x00066968                KonfirmasiInfoSaldo8
                0x0006d320                KonfirmasiInstallment
                0x0006cd64                KonfirmasiKartuOtorisasi
                0x00065fd8                inputPrepaidDeposit
                0x00062b7c                inputTransferSesamaBRI
                0x00076540                briLogLoadByRoc
                0x0008fa24                selectTerminalId
                0x0006b628                smartCardInput
                0x00065b88                inputInstallment
                0x000674fc                KonfirmasiPembayaranSPP
                0x000623c8                pmtBRIKonfirmasiSesudahInquiry
                0x000906fc                setFirstPowerOnFlag
                0x0006271c                inputTCash
                0x00075b7c                briLogSave
                0x0006866c                KonfirmasiPembayaranSSB
                0x00062254                infoKodeBank
                0x000929f4                adaTransPembelian
                0x00064ab0                inputPembayaranPLN
                0x00092a30                POSPrintReferenceNum
                0x000906a0                resetLogonDateTime
                0x00063098                inputPembayaranTV
                0x00062aa0                inputInfoSaldoBankLain
                0x00063d4c                inputTrxTransfer
                0x00063170                inputTiketPesawat
                0x0008fe6c                viewTCashLog
                0x00069938                KonfirmasiPembayaranKKCITI
                0x00090eb8                modifyMnuLayout
                0x00061af0                trimLeft
                0x00069088                KonfirmasiPembayaranBriva2
                0x0006acfc                KonfirmasiSetPIN
                0x000636e4                inputPembayaranDPLKR
                0x0008e9d4                briPrintTotal
                0x00075ac0                displayLongText
                0x0008e9ac                briPrintDetailToday
                0x000679e0                KonfirmasiPembayaranTiketPesawat
                0x0008f20c                getJenisLog
                0x0008e8b0                briPrintDetail
                0x0006a624                KonfirmasiTrxPulsa
                0x0006caa8                KonfirmasiRegistrasiInternetBanking
                0x0006cc78                KonfirmasiRegistrasiPhoneBanking
                0x000639cc                inputPembayaranBriva
                0x0006d49c                getField48
                0x000634c8                inputPembayaranSSB
                0x00069ee8                KonfirmasiPembayaranKKRBS
                0x0006293c                inputPreAuth
                0x0007a908                getBriTransTypeName
                0x000652b0                inputPembayaranPulsa
                0x0008f470                getAllAcq
                0x0007159c                getIso57
                0x00069c10                KonfirmasiPembayaranKKHSBC
                0x00075a48                downloadKey
                0x0006c4f4                inputReissuePIN
                0x0008f820                selectAcquirer1
                0x00076a30                briLogLoadByIndex
                0x0008fc30                ShowData
                0x0008fbb0                checkPendingSettlement
                0x000655c0                inputSetoran
                0x0008fe5c                viewTunaiLog
                0x00090e44                OptionEnabled
                0x00062d34                inputTransferAntarBank
                0x0008ead0                briPrintTotalToday
                0x0006b7c0                KonfirmasiPembayaranPLNPra
                0x00091090                checkSubMnuLayout
                0x0006a1c0                KonfirmasiPembayaranKKStanChar
                0x0006c2f0                inputGantiPasswordSPV
                0x0008ef78                tLogReset
                0x000716bc                getField63
                0x00066d54                KonfirmasiSetoran
                0x00079794                briLogPrintTotal
                0x00063abc                inputSmsBanking
                0x000658c8                inputPembayaranZakat
                0x00075434                scrollDisplay
                0x0006ce3c                KonfirmasiPembayaranPascaBayar
                0x00067220                KonfirmasiPembayaranZakat
                0x00090478                parseField57
                0x0006bb9c                KonfirmasiPembayaranPLN
                0x0008f1a0                getBriReversalIdx
                0x00077848                viewBatch1
                0x00065e90                inputPembayaranPascaBayar
                0x0006473c                inputPembayaranKKStanChar
                0x0008ffd4                setDiscount
                0x00069678                KonfirmasiPembayaranKKBRIBayar
                0x000683ec                KonfirmasiPembayaranTelkom
                0x00061c6c                convertBulan
                0x00076d74                briLogLoadByDate
                0x0006d0ec                KonfirmasiPembayaranPascaBayar8
                0x00067084                KonfirmasiVoidTarikTunai
                0x0008f2a4                getAllTid
                0x000650ec                inputPembayaranCicilan
                0x00069190                KonfirmasiPembayaranKKBRI
                0x00063fcc                inputPembayaranKKANZ
                0x0007a2c0                briLogPrintDetail
                0x000619e0                hapusAwalan
                0x0008fe4c                viewCardServiceLog
                0x00066b00                KonfirmasiInfoSaldoLain8
                0x0008eaf8                briGetAcq
                0x0008d998                briLogPrintTxn
                0x00064b88                inputPembayaranPLNToken
                0x00064540                inputPembayaranKKRBS
                0x00061ea8                isPembelianTransaction
                0x00061a98                trimRight
                0x00064d14                inputPembayaranPLNPra
                0x00079c34                printDetail
                0x00090768                setECRFlag
                0x00072708                parseField61
                0x000748e4                scrollDisplay8
                0x0006b518                prepaidInput
                0x000689a0                KonfirmasiPembayaranDPLKR
                0x0008f05c                tCashLogReset
                0x00066628                KonfirmasiPembayaranCicilan8
                0x0008f5f0                selectAcquirer
                0x00077160                briViewBat
                0x00067424                KonfirmasiSetorPasti
                0x00069760                KonfirmasiPembayaranKKANZ
                0x00091d00                modifySubMnuLayout
                0x00065a70                inputSetorPasti
                0x00061e30                isBRITransaction
                0x0006abc4                KonfirmasiShowOption
                0x0008f140                setBriReversalIdx
                0x00064148                inputPembayaranKKCITI
                0x000677b4                KonfirmasiPembayaranTV
                0x00090320                setDebugData
                0x00063e24                inputTrxPulsa
                0x00077bd0                viewBatch2
                0x000663d8                KonfirmasiPembayaranPulsa
                0x000795e4                strFormatDatTimBRI2
                0x00079478                strFormatDatTimBRI
                0x00076054                briLogUpdate
                0x000661bc                KonfirmasiTransferAntarBank
                0x0006aa14                KonfirmasiPembayaranECR
                0x00068b4c                KonfirmasiPembayaranBriva
                0x00063318                inputPembayaranTelkom
                0x00063240                inputPembayaranPdam
                0x00064ff8                KonfirmasiMinInput
                0x00066f58                KonfirmasiTarikTunai
                0x0006b1c4                magStripeInput
                0x0006269c                isBRIInquiryTransaction
                0x00077f88                briLogCalcTotal
                0x0006af40                KonfirmasiSetMQPSVEPS
                0x000622b0                pmtBRIKonfirmasiTanpaInquiry
                0x0008d2e4                briLogDuplicata
                0x0008edac                cLogReset
                0x0007290c                parseField48
                0x0007b20c                briPrintData
                0x00061f24                whichBRITransaction
                0x000657a8                inputTarikTunai
                0x00061fac                pmtBRICustomInput
                0x0006a73c                konfirmasiSettingTIDMID
                0x00061d18                isBRISaveToBatch
                0x000621f8                infoKodeUniv
                0x000660b4                KonfirmasiTransferSesamaBRI
                0x0006c5f4                KonfirmasiAktivasiKartu
                0x0007264c                parseField60
                0x00067f48                KonfirmasiPembayaranPdam
                0x0006a498                KonfirmasiTrxTransfer
                0x000907d4                getInfoEcr
                0x00061ba8                isBRIPrint
                0x00064938                inputPembayaranSPP
                0x0008df90                briLogSaveCurContext
                0x000638d4                inputRedeem
                0x0006a9e4                printVersion
                0x0006cb8c                KonfirmasiRegistrasiSmsBanking
                0x0008e360                briLogLoadCurContext
                0x00064344                inputPembayaranKKHSBC
 .text          0x00092b08     0x18e4 Obj/DEBUG_T1/LineEncryption.o
                0x00093d08                keyDownload
                0x00093d18                isEncryptedField
                0x00093a14                decryptRSA
                0x00093608                tleGetKey
                0x00092d70                MACX9_19
                0x00093870                tleKeyDownload
                0x000936cc                tleInputUserPass
                0x00092f18                shaData
                0x000942a4                xsec_encrypt_data
                0x00093ec4                xsec_generate_derivation_data
                0x00093114                generate_random_data
                0x00092c00                getField60
                0x000934e0                insertChip
                0x00092ec4                calcMAC
                0x00093344                tleProcess
                0x000941b4                DecryptCBC
                0x000940c4                EncryptCBC
                0x00093260                tleMenu
                0x00092b08                RSA_padding_check_PKCS1_type_2
                0x00093180                checkKey
                0x00093f1c                xsec_generate_USK
                0x00093d84                xsec_add_tlv
                0x00094030                xsec_encrypt_derivation_data
                0x00093b20                tleDecryptAndStoreUMK
 .text          0x000943ec     0x1b08 Obj/DEBUG_T1/AES.o
                0x0009488c                InvShiftRows
                0x00095d60                AESLoadKey
                0x00094928                ShiftRows
                0x000949c4                InvMixColumns
                0x00095c44                AESCipher
                0x00095e0c                AESEncrypt
                0x00095b28                AESInvCipher
                0x000958f4                MixColumns
                0x00095e80                AESDecrypt
                0x0009481c                SubBytes
                0x00094484                AESKeyExpansion
                0x000943ec                getSBoxInvert
                0x000947ac                InvSubBytes
                0x00094438                getSBoxValue
                0x00094720                AddRoundKey
 .text          0x00095ef4     0x113c Obj/DEBUG_T1/keyinject.o
                0x00096cd4                store_acqTMKRefNo
                0x00096db0                store_acqTAKnTLE
                0x00096368                injectOpenCom
                0x00096ac0                storeWorkingKey
                0x0009692c                storeMasterKey
                0x00096750                loadTransportTest
                0x000966e8                gen_random_data
                0x00096e4c                req4Key
                0x00096c64                store_acqTMK
                0x000963ec                injectCloseCom
                0x00096d40                store_acqTAKLogon
 .text          0x00097030     0x9278 Obj/DEBUG_T1/prepaid.o
                0x0009a6d4                pmtPrepaidInit
                0x0009757c                checkResponseMessage
                0x0009ee1c                printPrepaidSummary
                0x000979f4                sendReceiveMessage
                0x0009fa50                getPrepaidNii
                0x00099438                reaktivasiInquiry
                0x000987b4                topUp
                0x0009e174                prepaidReprint
                0x00097528                closeCom
                0x0009e198                prepaidDateSummary
                0x0009cfbc                pmtPrepaidReaktivasi
                0x0009fcc4                getPrepaidCardInfo
                0x000976f4                buildMessage
                0x0009e078                isPrepaidTransaction
                0x00099ecc                getPrepaidBatchNumber
                0x0009b0e4                pmtPrepaidPaymentDisc
                0x00098da0                redeem
                0x0009c68c                pmtPrepaidPrintLog
                0x00098d84                redeemInquiry
                0x00098ea8                infoKartu
                0x000a01e4                debugData
                0x0009f5e0                prepaidSettlementReceipt
                0x00099e7c                getPrepaidRefNumber
                0x00098240                displayAmount
                0x0009a04c                pmtBrizzi
                0x0009a4ec                autoSamInit
                0x0009a794                pmtPrepaidInfoSaldo
                0x00097ff4                infoInquiry
                0x00099fa0                decString2Hex
                0x00098a9c                prepaidAktivasi
                0x0009c18c                pmtPrepaidRedeem
                0x0009c078                pmtPrepaidRedeemInquiry
                0x00097e24                infoSaldo
                0x00097bf8                processToReader
                0x0009e914                printPrepaidRecDetail
                0x0009bb14                pmtPrepaidTopUp
                0x0009e41c                prepaidPrintDetail
                0x0009f470                prepaidBatchIncrement
                0x00099dec                updatePrepaidRefNumber
                0x000a0100                ubahTanggalKartuPrepaid
                0x000990b8                transLog
                0x0009d1b8                pmtPrepaidVoidInquiry
                0x0009c1d4                pmtPrepaidInfoKartu
                0x0009fd94                getPrepaidVoidTrans
                0x0009ce14                pmtPrepaidReaktivasiInquiry
                0x0009d9c8                KonfirmasiPrepaidRedeem
                0x0009b988                pmtPrepaidInquiry
                0x0009f9e4                clearPrepaidReversalFlag
                0x00098354                prepaidSale
                0x0009d384                pmtPrepaidVoid
                0x0009e028                KonfirmasiPrepaidVoid
                0x00099f24                xx_hex_dump
                0x000999f0                voidBrizzi
                0x0009e2c8                prepaidDateDetail
                0x0009b4d8                pmtPrepaidPayment
                0x0009dc48                KonfirmasiPrepaidReaktivasi
                0x0009f928                doPrepaidReversal
                0x0009ab30                pmtPrepaidInfoDeposit
                0x0009e3fc                prepaidAllDetail
                0x0009d5d4                getPrepaidTidMid
                0x000974a4                openCom
                0x00099cd8                ubahTanggal
                0x0009a610                pmtPrepaidInitSaldo
                0x00097ca8                samInit
                0x0009be28                pmtPrepaidAktivasiDeposit
                0x0009d7d0                selectPrepaidInit
                0x0009e2bc                prepaidAllSummary
                0x00099684                reaktivasi
 .text          0x000a02a8      0xccc Obj/DEBUG_T1/logon.o
                0x000a02a8                DateToInt
                0x000a0428                debitLogon
                0x000a03d0                TimeToInt
 .text          0x000a0f74       0x68 Obj/DEBUG_T1/rsagen.o
                0x000a0f74                RSAKeyPair
 .text          0x000a0fdc      0x794 Obj/DEBUG_T1/prsa.o
                0x000a1534                ConvertHexStringToData
                0x000a1324                rsa_free
                0x000a0fdc                rsa_initialization
                0x000a15dc                genRSAKeyPair
                0x000a1474                ha_to_i
                0x000a13b8                a_to_hc
                0x000a101c                rsa_gen_key
 .text          0x000a1770     0x6574 Obj/DEBUG_T1/bignum.o
                0x000a3288                mpi_sub_mpi
                0x000a18c8                mpi_copy
                0x000a5c7c                mpi_div_mpi
                0x000a1a64                mpi_get_bit
                0x000a33dc                mpi_sub_int
                0x000a6450                mpi_div_int
                0x000a5c34                mpi_mul_int
                0x000a5a88                mpi_mul_mpi
                0x000a2d84                mpi_add_abs
                0x000a1770                mpi_init
                0x000a1c18                mpi_msb
                0x000a31b0                mpi_add_mpi
                0x000a2d10                mpi_cmp_int
                0x000a3360                mpi_add_int
                0x000a6968                mpi_exp_mod
                0x000a1b90                mpi_lsb
                0x000a1800                mpi_grow
                0x000a65a4                mpi_mod_int
                0x000a7abc                mpi_gen_prime
                0x000a240c                mpi_write_file
                0x000a64dc                mpi_mod_mpi
                0x000a25a8                mpi_read_binary
                0x000a1990                mpi_swap
                0x000a22a4                mpi_read_file
                0x000a19d4                mpi_lset
                0x000a2760                mpi_shift_l
                0x000a1ca8                mpi_size
                0x000a30a8                mpi_sub_abs
                0x000a1ab0                mpi_set_bit
                0x000a723c                mpi_inv_mod
                0x000a2a58                mpi_cmp_abs
                0x000a7198                mpi_fill_random
                0x000a20b0                mpi_write_string
                0x000a2900                mpi_shift_r
                0x000a1d70                mpi_read_string
                0x000a17a0                mpi_free
                0x000a76cc                mpi_is_prime
                0x000a6f9c                mpi_gcd
                0x000a26a8                mpi_write_binary
                0x000a2b94                mpi_cmp_mpi
 .text          0x000a7ce4     0x2f8c Obj/DEBUG_T1/havege.o
                0x000aabc0                havege_init
                0x000aabec                havege_rand
 .text          0x000aac70       0x10 Obj/DEBUG_T1/timing.o
                0x000aac70                hardclock
 .text          0x000aac80      0x470 libs/GNU_ARM_DEBUG/RSA.lib(RSA_dec.o)
                0x000aada4                RSA_Decrypt
                0x000aac80                math_modexpmod
 .text          0x000ab0f0       0x2c libs/GNU_ARM_DEBUG/RSA.lib(RSA_init.o)
                0x000ab0f0                RSA_init
 .text          0x000ab11c       0x8c libs/GNU_ARM_DEBUG/RSA.lib(m_add.o)
                0x000ab11c                math_add
 .text          0x000ab1a8       0xc8 libs/GNU_ARM_DEBUG/RSA.lib(m_b2w.o)
                0x000ab1a8                math_byteToWord
 .text          0x000ab270       0x44 libs/GNU_ARM_DEBUG/RSA.lib(m_clr.o)
                0x000ab270                math_clr
 .text          0x000ab2b4       0xac libs/GNU_ARM_DEBUG/RSA.lib(m_cmp.o)
                0x000ab2b4                math_cmp
 .text          0x000ab360       0xb4 libs/GNU_ARM_DEBUG/RSA.lib(m_cpy.o)
                0x000ab360                math_cpy
 .text          0x000ab414      0x2e8 libs/GNU_ARM_DEBUG/RSA.lib(m_div.o)
                0x000ab490                math_div
                0x000ab414                math_predict
 .text          0x000ab6fc      0x134 libs/GNU_ARM_DEBUG/RSA.lib(m_mem.o)
                0x000ab734                math_memAlloc
                0x000ab6fc                math_memInit
                0x000ab7f0                math_memFree
 .text          0x000ab830       0x48 libs/GNU_ARM_DEBUG/RSA.lib(m_modmul.o)
                0x000ab830                math_modmul
 .text          0x000ab878      0x1fc libs/GNU_ARM_DEBUG/RSA.lib(m_monexp.o)
                0x000ab878                math_monexp
 .text          0x000aba74       0xc8 libs/GNU_ARM_DEBUG/RSA.lib(m_moninv.o)
                0x000aba74                math_moninv
 .text          0x000abb3c       0x54 libs/GNU_ARM_DEBUG/RSA.lib(m_monmul.o)
                0x000abb3c                math_monmul
 .text          0x000abb90       0xc0 libs/GNU_ARM_DEBUG/RSA.lib(m_msb.o)
                0x000abb90                math_msb
 .text          0x000abc50      0x17c libs/GNU_ARM_DEBUG/RSA.lib(m_mul.o)
                0x000abc50                math_mul
 .text          0x000abdcc       0xc0 libs/GNU_ARM_DEBUG/RSA.lib(m_mulsub.o)
                0x000abdcc                math_mulsub
 .text          0x000abe8c       0xd0 libs/GNU_ARM_DEBUG/RSA.lib(m_rand.o)
                0x000abe8c                math_random_init
                0x000abed8                math_random
                0x000abe9c                math_random_bit
 .text          0x000abf5c      0x1cc libs/GNU_ARM_DEBUG/RSA.lib(m_red.o)
                0x000abf5c                math_monred
 .text          0x000ac128       0xfc libs/GNU_ARM_DEBUG/RSA.lib(m_shlx.o)
                0x000ac128                math_shlx
 .text          0x000ac224      0x11c libs/GNU_ARM_DEBUG/RSA.lib(m_shrx.o)
                0x000ac224                math_shrx
 .text          0x000ac340       0x8c libs/GNU_ARM_DEBUG/RSA.lib(m_sub.o)
                0x000ac340                math_sub
 .text          0x000ac3cc       0x88 libs/GNU_ARM_DEBUG/RSA.lib(m_w2b.o)
                0x000ac3cc                math_wordToByte
 .text          0x000ac454       0x4c C:/Program Files/SDK30/SDK 7.5.1/SDK/lib_gnu/eft30.lib(iam1.o)
                0x000ac454                Send_Message
 .text          0x000ac4a0       0x60 C:/Program Files/SDK30/SDK 7.5.1/SDK/lib_gnu/eft30.lib(atoi.o)
                0x000ac4a0                atol
                0x000ac4f4                atoi
 .text          0x000ac500       0x44 C:/Program Files/SDK30/SDK 7.5.1/SDK/lib_gnu/eft30.lib(extens119.o)
                0x000ac500                StateHeader
 .text          0x000ac544       0x50 C:/Program Files/SDK30/SDK 7.5.1/SDK/lib_gnu/eft30.lib(extens5.o)
                0x000ac544                Get_TypeCode
 .text          0x000ac594       0x4c C:/Program Files/SDK30/SDK 7.5.1/SDK/lib_gnu/eft30.lib(extens53.o)
                0x000ac594                d_tolong
 .text          0x000ac5e0       0xc8 C:/Program Files/SDK30/SDK 7.5.1/SDK/lib_gnu/eft30.lib(extens87.o)
                0x000ac5e0                USR_ServiceCall
                0x000ac644                USQ_ServiceCall
 .text          0x000ac6a8       0x4c C:/Program Files/SDK30/SDK 7.5.1/SDK/lib_gnu/eft30.lib(extens89.o)
                0x000ac6a8                GetSemaphoreUser
 .text          0x000ac6f4       0x4c C:/Program Files/SDK30/SDK 7.5.1/SDK/lib_gnu/eft30.lib(extens90.o)
                0x000ac6f4                FreeSemaphoreUser
 .text          0x000ac740       0x4c C:/Program Files/SDK30/SDK 7.5.1/SDK/lib_gnu/eft30.lib(extens93.o)
                0x000ac740                GetDelayUser
 .text          0x000ac78c       0x4c C:/Program Files/SDK30/SDK 7.5.1/SDK/lib_gnu/eft30.lib(extens94.o)
                0x000ac78c                FreeDelayUser
 .text          0x000ac7d8       0x48 C:/Program Files/SDK30/SDK 7.5.1/SDK/lib_gnu/eft30.lib(param17.o)
                0x000ac7d8                PSQ_Donner_noserie
 .text          0x000ac820       0x50 C:/Program Files/SDK30/SDK 7.5.1/SDK/lib_gnu/eft30.lib(param46.o)
                0x000ac820                PSQ_Update_Cash_Connection
 .text          0x000ac870       0x48 C:/Program Files/SDK30/SDK 7.5.1/SDK/lib_gnu/eft30.lib(param72.o)
                0x000ac870                PSQ_donner_type_pinpad
 .text          0x000ac8b8      0xb7c C:/Program Files/SDK30/SDK 7.5.1/SDK/lib_gnu/eft30.lib(crypto.o)
                0x000acd38                Des112Cipher
                0x000acb8c                NotB
                0x000ac910                Crypto_Dll_Version
                0x000ace18                Des56DecipherIcv
                0x000ac9a4                AesCipherInit
                0x000ad08c                FormatPinBloc
                0x000acfa0                DukptLoadKey
                0x000ac950                AesMakeKey
                0x000acf08                MacIcv
                0x000aceb8                Des112DecipherIcv
                0x000ad3f0                MD5Final
                0x000ac9f0                AesBlockEncrypt
                0x000ac8b8                Crypto_Dll_Open
                0x000ace68                Des112CipherIcv
                0x000acdc8                Des56CipherIcv
                0x000ad284                RSAPublicKey
                0x000ad174                ShaInit
                0x000aca44                AesBlockDecrypt
                0x000ac8f4                Crypto_Dll_Close
                0x000ad1fc                ShaFinal
                0x000acfe8                DukptCurrentKeyDerivation
                0x000acca8                Des56Cipher
                0x000acf58                DukptInitialKeyCreation
                0x000ad31c                RSAGenerateKeys
                0x000acc60                AndB
                0x000ad038                DukptEncryptPin
                0x000ad368                MD5Init
                0x000acb3c                CalculateLrc
                0x000ad23c                ShaCompute
                0x000acc18                OrB
                0x000ad3a8                MD5Update
                0x000ad2d0                RSAPrivateKey
                0x000ad12c                Owf
                0x000acd80                Des112Decipher
                0x000acaec                CalculateCrc
                0x000ad1b4                ShaUpdate
                0x000ad0e4                MkskEncryptPin
                0x000accf0                Des56Decipher
                0x000acbd0                XorB
                0x000aca98                AesCipherUpdateRounds
 .text          0x000ad434       0x48 C:/Program Files/SDK30/SDK 7.5.1/SDK/lib_gnu/eft30.lib(pinpad10.o)
                0x000ad434                PPS_firstline
 .text          0x000ad47c       0x4c C:/Program Files/SDK30/SDK 7.5.1/SDK/lib_gnu/eft30.lib(pinpad12.o)
                0x000ad47c                PPS_Display
 .text          0x000ad4c8       0x4c C:/Program Files/SDK30/SDK 7.5.1/SDK/lib_gnu/eft30.lib(pinpad15.o)
                0x000ad4c8                PPS_clear_display
 .text          0x000ad514       0x48 C:/Program Files/SDK30/SDK 7.5.1/SDK/lib_gnu/eft30.lib(pinpad8.o)
                0x000ad514                PPS_newline
 .text          0x000ad55c       0x48 C:/Program Files/SDK30/SDK 7.5.1/SDK/lib_gnu/eft30.lib(pinpad9.o)
                0x000ad55c                PPS_clearline
 .text          0x000ad5a4       0x50 C:/Program Files/SDK30/SDK 7.5.1/SDK/lib_gnu/eft30.lib(sv21.o)
                0x000ad5a4                SV_input_command
 .text          0x000ad5f4       0x50 C:/Program Files/SDK30/SDK 7.5.1/SDK/lib_gnu/eft30.lib(sv22.o)
                0x000ad5f4                SV_output_command
 .text          0x000ad644       0x50 C:/Program Files/SDK30/SDK 7.5.1/SDK/lib_gnu/eft30.lib(sv23.o)
                0x000ad644                SV_power_on
 .text          0x000ad694       0x4c C:/Program Files/SDK30/SDK 7.5.1/SDK/lib_gnu/eft30.lib(sv24.o)
                0x000ad694                SV_read_date
 .text          0x000ad6e0       0x4c C:/Program Files/SDK30/SDK 7.5.1/SDK/lib_gnu/eft30.lib(sv25.o)
                0x000ad6e0                SV_write_date
 .text          0x000ad72c       0x88 C:/Program Files/SDK30/SDK 7.5.1/SDK/lib_gnu/eft30.lib(libgr1.o)
                0x000ad770                _PaintGraphics
                0x000ad72c                PaintGraphics
 .text          0x000ad7b4       0x48 C:/Program Files/SDK30/SDK 7.5.1/SDK/lib_gnu/eft30.lib(libgr35.o)
                0x000ad7b4                _clrscr
 .text          0x000ad7fc       0x4c C:/Program Files/SDK30/SDK 7.5.1/SDK/lib_gnu/eft30.lib(libgr40.o)
                0x000ad7fc                InitContexteGraphique
 .text          0x000ad848       0x60 C:/Program Files/SDK30/SDK 7.5.1/SDK/lib_gnu/eft30.lib(libgr41.o)
                0x000ad848                DisplayBitmap
 .text          0x000ad8a8       0x48 C:/Program Files/SDK30/SDK 7.5.1/SDK/lib_gnu/eft30.lib(libgr49.o)
                0x000ad8a8                GetDefaultFont
 .text          0x000ad8f0       0x4c C:/Program Files/SDK30/SDK 7.5.1/SDK/lib_gnu/eft30.lib(libgr54.o)
                0x000ad8f0                DefCurrentFont
 .text          0x000ad93c       0x64 C:/Program Files/SDK30/SDK 7.5.1/SDK/lib_gnu/eft30.lib(libgr55.o)
                0x000ad93c                DrawExtendedString8859
 .text          0x000ad9a0       0x5c C:/Program Files/SDK30/SDK 7.5.1/SDK/lib_gnu/eft30.lib(libgr58.o)
                0x000ad9a0                pprintf8859
 .text          0x000ad9fc       0x4c C:/Program Files/SDK30/SDK 7.5.1/SDK/lib_gnu/eft30.lib(libgr66.o)
                0x000ad9fc                GetExtendedPoliceSize
 .text          0x000ada48       0x4c C:/Program Files/SDK30/SDK 7.5.1/SDK/lib_gnu/eft30.lib(libgr68.o)
                0x000ada48                LoadFont
 .text          0x000ada94       0x4c C:/Program Files/SDK30/SDK 7.5.1/SDK/lib_gnu/eft30.lib(libgr7.o)
                0x000ada94                CreateGraphics
 .text          0x000adae0       0x54 C:/Program Files/SDK30/SDK 7.5.1/SDK/lib_gnu/eft30.lib(libgr8.o)
                0x000adae0                _SetPixel
 .text          0x000adb34       0x48 C:/Program Files/SDK30/SDK 7.5.1/SDK/lib_gnu/eft30.lib(libgr82.o)
                0x000adb34                PaintPrinterGraphics
 .text          0x000adb7c       0x4c C:/Program Files/SDK30/SDK 7.5.1/SDK/lib_gnu/eft30.lib(libgr83.o)
                0x000adb7c                InitPrinterBitmap
 .text          0x000adbc8       0x64 C:/Program Files/SDK30/SDK 7.5.1/SDK/lib_gnu/eft30.lib(libgr86.o)
                0x000adbc8                _pprintf8859XY
 .text          0x000adc2c       0x80 C:/Program Files/SDK30/SDK 7.5.1/SDK/lib_gnu/eft30.lib(gprs.o)
                0x000adc2c                gprslib_open
 .text          0x000adcac      0x19c C:/Program Files/SDK30/SDK 7.5.1/SDK/lib_gnu/eft30.lib(LibAppli.o)
                0x000add9c                putchar
                0x000add00                printf
                0x000add24                format
                0x000addb4                puts
                0x000adcac                fprintf
                0x000adcc8                vprintf
                0x000addc8                InitGK
                0x000adce4                sprintf
                0x000addf4                WaitOnError
                0x000add40                OEM_exit_asm
                0x000add4c                __stdprt
                0x000ade44                InitVar_vide
                0x000adde4                TrapResetDiv0
                0x000add64                pprintf
 .text          0x000ade48       0x5c C:/Program Files/SDK30/SDK 7.5.1/SDK/lib_gnu/eft30.lib(iam.o)
                0x000ade48                iamlib_open
                0x000ade94                iamlib_close
 .text          0x000adea4       0xb0 C:/Program Files/SDK30/SDK 7.5.1/SDK/lib_gnu/eft30.lib(ctype.o)
                0x000adeb4                islower
                0x000adf04                ispunct
                0x000adef4                isspace
                0x000adee4                isxdigit
                0x000adea4                isupper
                0x000adec4                isalpha
                0x000adf24                isgraph
                0x000adf14                isalnum
                0x000adf34                isprint
                0x000aded4                isdigit
                0x000adf44                iscntrl
 .text          0x000adf54       0x5c C:/Program Files/SDK30/SDK 7.5.1/SDK/lib_gnu/eft30.lib(extens.o)
                0x000adfa0                extenslib_close
                0x000adf54                extenslib_open
 .text          0x000adfb0       0x5c C:/Program Files/SDK30/SDK 7.5.1/SDK/lib_gnu/eft30.lib(param.o)
                0x000adfb0                paramlib_open
                0x000adffc                paramlib_close
 .text          0x000ae00c       0x5c C:/Program Files/SDK30/SDK 7.5.1/SDK/lib_gnu/eft30.lib(pinpad.o)
                0x000ae00c                pinpadlib_open
                0x000ae058                pinpadlib_close
 .text          0x000ae068       0x5c C:/Program Files/SDK30/SDK 7.5.1/SDK/lib_gnu/eft30.lib(sv.o)
                0x000ae068                svlib_open
                0x000ae0b4                svlib_close
 .text          0x000ae0c4       0x5c C:/Program Files/SDK30/SDK 7.5.1/SDK/lib_gnu/eft30.lib(libgr.o)
                0x000ae0c4                libgrlib_open
                0x000ae110                libgrlib_close
 .text          0x000ae120       0x10 C:/Program Files/SDK30/SDK 7.5.1/SDK/lib_gnu/trap.lib(trap_1302___STDOUT.o)
                0x000ae120                __STDOUT
 .text          0x000ae130       0x10 C:/Program Files/SDK30/SDK 7.5.1/SDK/lib_gnu/trap.lib(trap_1303_OS_rtc_CurrentTask.o)
                0x000ae130                OS_rtc_CurrentTask
 .text          0x000ae140       0x10 C:/Program Files/SDK30/SDK 7.5.1/SDK/lib_gnu/trap.lib(trap_1305_OS_rtc_SignalEvent.o)
                0x000ae140                OS_rtc_SignalEvent
 .text          0x000ae150       0x10 C:/Program Files/SDK30/SDK 7.5.1/SDK/lib_gnu/trap.lib(trap_1307_OS_rtc_V.o)
                0x000ae150                OS_rtc_V
 .text          0x000ae160       0x10 C:/Program Files/SDK30/SDK 7.5.1/SDK/lib_gnu/trap.lib(trap_1308_OS_rtc_P.o)
                0x000ae160                OS_rtc_P
 .text          0x000ae170       0x10 C:/Program Files/SDK30/SDK 7.5.1/SDK/lib_gnu/trap.lib(trap_1309_OS_rtc_StartLDelay.o)
                0x000ae170                OS_rtc_StartLDelay
 .text          0x000ae180       0x10 C:/Program Files/SDK30/SDK 7.5.1/SDK/lib_gnu/trap.lib(trap_130A_OS_rtc_StopDelay.o)
                0x000ae180                OS_rtc_StopDelay
 .text          0x000ae190       0x10 C:/Program Files/SDK30/SDK 7.5.1/SDK/lib_gnu/trap.lib(trap_130D_OS_rtc_InitSemaphore.o)
                0x000ae190                OS_rtc_InitSemaphore
 .text          0x000ae1a0       0x10 C:/Program Files/SDK30/SDK 7.5.1/SDK/lib_gnu/trap.lib(trap_1313_fclose.o)
                0x000ae1a0                fclose
 .text          0x000ae1b0       0x10 C:/Program Files/SDK30/SDK 7.5.1/SDK/lib_gnu/trap.lib(trap_1314_fopen.o)
                0x000ae1b0                fopen
 .text          0x000ae1c0       0x10 C:/Program Files/SDK30/SDK 7.5.1/SDK/lib_gnu/trap.lib(trap_1315_fread.o)
                0x000ae1c0                fread
 .text          0x000ae1d0       0x10 C:/Program Files/SDK30/SDK 7.5.1/SDK/lib_gnu/trap.lib(trap_1316_fwrite.o)
                0x000ae1d0                fwrite
 .text          0x000ae1e0       0x10 C:/Program Files/SDK30/SDK 7.5.1/SDK/lib_gnu/trap.lib(trap_1319_getc.o)
                0x000ae1e0                getc
 .text          0x000ae1f0       0x10 C:/Program Files/SDK30/SDK 7.5.1/SDK/lib_gnu/trap.lib(trap_131A_reset_buf.o)
                0x000ae1f0                reset_buf
 .text          0x000ae200       0x10 C:/Program Files/SDK30/SDK 7.5.1/SDK/lib_gnu/trap.lib(trap_131B___STDIN.o)
                0x000ae200                __STDIN
 .text          0x000ae210       0x10 C:/Program Files/SDK30/SDK 7.5.1/SDK/lib_gnu/trap.lib(trap_131E_status.o)
                0x000ae210                status
 .text          0x000ae220       0x10 C:/Program Files/SDK30/SDK 7.5.1/SDK/lib_gnu/trap.lib(trap_1320_gotoxy.o)
                0x000ae220                gotoxy
 .text          0x000ae230       0x10 C:/Program Files/SDK30/SDK 7.5.1/SDK/lib_gnu/trap.lib(trap_1323__vfprintf.o)
                0x000ae230                _vfprintf
 .text          0x000ae240       0x10 C:/Program Files/SDK30/SDK 7.5.1/SDK/lib_gnu/trap.lib(trap_1324_vsprintf.o)
                0x000ae240                vsprintf
 .text          0x000ae250       0x10 C:/Program Files/SDK30/SDK 7.5.1/SDK/lib_gnu/trap.lib(trap_1325_fgets.o)
                0x000ae250                fgets
 .text          0x000ae260       0x10 C:/Program Files/SDK30/SDK 7.5.1/SDK/lib_gnu/trap.lib(trap_1328_putc.o)
                0x000ae260                putc
 .text          0x000ae270       0x10 C:/Program Files/SDK30/SDK 7.5.1/SDK/lib_gnu/trap.lib(trap_1329_ttestall.o)
                0x000ae270                ttestall
 .text          0x000ae280       0x10 C:/Program Files/SDK30/SDK 7.5.1/SDK/lib_gnu/trap.lib(trap_132A_fork.o)
                0x000ae280                fork
 .text          0x000ae290       0x10 C:/Program Files/SDK30/SDK 7.5.1/SDK/lib_gnu/trap.lib(trap_132B_kill.o)
                0x000ae290                kill
 .text          0x000ae2a0       0x10 C:/Program Files/SDK30/SDK 7.5.1/SDK/lib_gnu/trap.lib(trap_132C_FormatOem.o)
                0x000ae2a0                FormatOem
 .text          0x000ae2b0       0x10 C:/Program Files/SDK30/SDK 7.5.1/SDK/lib_gnu/trap.lib(trap_1332_EMV_apdu.o)
                0x000ae2b0                EMV_apdu
 .text          0x000ae2c0       0x10 C:/Program Files/SDK30/SDK 7.5.1/SDK/lib_gnu/trap.lib(trap_1335_EMV_power_on.o)
                0x000ae2c0                EMV_power_on
 .text          0x000ae2d0       0x10 C:/Program Files/SDK30/SDK 7.5.1/SDK/lib_gnu/trap.lib(trap_133C_memcpy.o)
                0x000ae2d0                memcpy
 .text          0x000ae2e0       0x10 C:/Program Files/SDK30/SDK 7.5.1/SDK/lib_gnu/trap.lib(trap_133D_memmove.o)
                0x000ae2e0                memmove
 .text          0x000ae2f0       0x10 C:/Program Files/SDK30/SDK 7.5.1/SDK/lib_gnu/trap.lib(trap_133E_strcpy.o)
                0x000ae2f0                strcpy
 .text          0x000ae300       0x10 C:/Program Files/SDK30/SDK 7.5.1/SDK/lib_gnu/trap.lib(trap_133F_strncpy.o)
                0x000ae300                strncpy
 .text          0x000ae310       0x10 C:/Program Files/SDK30/SDK 7.5.1/SDK/lib_gnu/trap.lib(trap_1340_strcat.o)
                0x000ae310                strcat
 .text          0x000ae320       0x10 C:/Program Files/SDK30/SDK 7.5.1/SDK/lib_gnu/trap.lib(trap_1342_memcmp.o)
                0x000ae320                memcmp
 .text          0x000ae330       0x10 C:/Program Files/SDK30/SDK 7.5.1/SDK/lib_gnu/trap.lib(trap_1343_strcmp.o)
                0x000ae330                strcmp
 .text          0x000ae340       0x10 C:/Program Files/SDK30/SDK 7.5.1/SDK/lib_gnu/trap.lib(trap_1346_memset.o)
                0x000ae340                memset
 .text          0x000ae350       0x10 C:/Program Files/SDK30/SDK 7.5.1/SDK/lib_gnu/trap.lib(trap_1348_ObjectGetInfo.o)
                0x000ae350                ObjectGetInfo
 .text          0x000ae360       0x10 C:/Program Files/SDK30/SDK 7.5.1/SDK/lib_gnu/trap.lib(trap_1349_ObjectLoad.o)
                0x000ae360                ObjectLoad
 .text          0x000ae370       0x10 C:/Program Files/SDK30/SDK 7.5.1/SDK/lib_gnu/trap.lib(trap_134D_ServiceRegister.o)
                0x000ae370                ServiceRegister
 .text          0x000ae380       0x10 C:/Program Files/SDK30/SDK 7.5.1/SDK/lib_gnu/trap.lib(trap_134E_ServiceGet.o)
                0x000ae380                ServiceGet
 .text          0x000ae390       0x10 C:/Program Files/SDK30/SDK 7.5.1/SDK/lib_gnu/trap.lib(trap_1350_DllLink.o)
                0x000ae390                DllLink
 .text          0x000ae3a0       0x10 C:/Program Files/SDK30/SDK 7.5.1/SDK/lib_gnu/trap.lib(trap_1352_DllUnlink.o)
                0x000ae3a0                DllUnlink
 .text          0x000ae3b0       0x10 C:/Program Files/SDK30/SDK 7.5.1/SDK/lib_gnu/trap.lib(trap_1356_stdperif.o)
                0x000ae3b0                stdperif
 .text          0x000ae3c0       0x10 C:/Program Files/SDK30/SDK 7.5.1/SDK/lib_gnu/trap.lib(trap_135B_StartRetroEclairage.o)
                0x000ae3c0                StartRetroEclairage
 .text          0x000ae3d0       0x10 C:/Program Files/SDK30/SDK 7.5.1/SDK/lib_gnu/trap.lib(trap_135C_StopRetroEclairage.o)
                0x000ae3d0                StopRetroEclairage
 .text          0x000ae3e0       0x10 C:/Program Files/SDK30/SDK 7.5.1/SDK/lib_gnu/trap.lib(trap_1369_startupcv20.o)
                0x000ae3e0                startupcv20
 .text          0x000ae3f0       0x10 C:/Program Files/SDK30/SDK 7.5.1/SDK/lib_gnu/trap.lib(trap_1373_ctrl_date.o)
                0x000ae3f0                ctrl_date
 .text          0x000ae400       0x10 C:/Program Files/SDK30/SDK 7.5.1/SDK/lib_gnu/trap.lib(trap_1374_defprinterpattern.o)
                0x000ae400                defprinterpattern
 .text          0x000ae410       0x10 C:/Program Files/SDK30/SDK 7.5.1/SDK/lib_gnu/trap.lib(trap_1375_download.o)
                0x000ae410                download
 .text          0x000ae420       0x10 C:/Program Files/SDK30/SDK 7.5.1/SDK/lib_gnu/trap.lib(trap_1378_OEM_exit.o)
                0x000ae420                OEM_exit
 .text          0x000ae430       0x10 C:/Program Files/SDK30/SDK 7.5.1/SDK/lib_gnu/trap.lib(trap_137B_is_iso2.o)
                0x000ae430                is_iso2
 .text          0x000ae440       0x10 C:/Program Files/SDK30/SDK 7.5.1/SDK/lib_gnu/trap.lib(trap_137C_is_iso3.o)
                0x000ae440                is_iso3
 .text          0x000ae450       0x10 C:/Program Files/SDK30/SDK 7.5.1/SDK/lib_gnu/trap.lib(trap_137D_is_iso1.o)
                0x000ae450                is_iso1
 .text          0x000ae460       0x10 C:/Program Files/SDK30/SDK 7.5.1/SDK/lib_gnu/trap.lib(trap_138B_FS_dskcreate.o)
                0x000ae460                FS_dskcreate
 .text          0x000ae470       0x10 C:/Program Files/SDK30/SDK 7.5.1/SDK/lib_gnu/trap.lib(trap_138D_FS_mount.o)
                0x000ae470                FS_mount
 .text          0x000ae480       0x10 C:/Program Files/SDK30/SDK 7.5.1/SDK/lib_gnu/trap.lib(trap_138E_FS_unmount.o)
                0x000ae480                FS_unmount
 .text          0x000ae490       0x10 C:/Program Files/SDK30/SDK 7.5.1/SDK/lib_gnu/trap.lib(trap_1395_FS_opendir.o)
                0x000ae490                FS_opendir
 .text          0x000ae4a0       0x10 C:/Program Files/SDK30/SDK 7.5.1/SDK/lib_gnu/trap.lib(trap_1396_FS_readdir.o)
                0x000ae4a0                FS_readdir
 .text          0x000ae4b0       0x10 C:/Program Files/SDK30/SDK 7.5.1/SDK/lib_gnu/trap.lib(trap_1397_FS_closedir.o)
                0x000ae4b0                FS_closedir
 .text          0x000ae4c0       0x10 C:/Program Files/SDK30/SDK 7.5.1/SDK/lib_gnu/trap.lib(trap_1398_FS_rename.o)
                0x000ae4c0                FS_rename
 .text          0x000ae4d0       0x10 C:/Program Files/SDK30/SDK 7.5.1/SDK/lib_gnu/trap.lib(trap_1399_FS_unlink.o)
                0x000ae4d0                FS_unlink
 .text          0x000ae4e0       0x10 C:/Program Files/SDK30/SDK 7.5.1/SDK/lib_gnu/trap.lib(trap_139B_FS_open.o)
                0x000ae4e0                FS_open
 .text          0x000ae4f0       0x10 C:/Program Files/SDK30/SDK 7.5.1/SDK/lib_gnu/trap.lib(trap_139C_FS_close.o)
                0x000ae4f0                FS_close
 .text          0x000ae500       0x10 C:/Program Files/SDK30/SDK 7.5.1/SDK/lib_gnu/trap.lib(trap_139D_FS_read.o)
                0x000ae500                FS_read
 .text          0x000ae510       0x10 C:/Program Files/SDK30/SDK 7.5.1/SDK/lib_gnu/trap.lib(trap_139E_FS_write.o)
                0x000ae510                FS_write
 .text          0x000ae520       0x10 C:/Program Files/SDK30/SDK 7.5.1/SDK/lib_gnu/trap.lib(trap_139F_FS_flush.o)
                0x000ae520                FS_flush
 .text          0x000ae530       0x10 C:/Program Files/SDK30/SDK 7.5.1/SDK/lib_gnu/trap.lib(trap_13A1_FS_length.o)
                0x000ae530                FS_length
 .text          0x000ae540       0x10 C:/Program Files/SDK30/SDK 7.5.1/SDK/lib_gnu/trap.lib(trap_13A2_FS_seek.o)
                0x000ae540                FS_seek
 .text          0x000ae550       0x10 C:/Program Files/SDK30/SDK 7.5.1/SDK/lib_gnu/trap.lib(trap_13A8_info_seg.o)
                0x000ae550                info_seg
 .text          0x000ae560       0x10 C:/Program Files/SDK30/SDK 7.5.1/SDK/lib_gnu/trap.lib(trap_13AA_num_seg.o)
                0x000ae560                num_seg
 .text          0x000ae570       0x10 C:/Program Files/SDK30/SDK 7.5.1/SDK/lib_gnu/trap.lib(trap_13AB_first_init.o)
                0x000ae570                first_init
 .text          0x000ae580       0x10 C:/Program Files/SDK30/SDK 7.5.1/SDK/lib_gnu/trap.lib(trap_13B2_ApplicationGetCurrent.o)
                0x000ae580                ApplicationGetCurrent
 .text          0x000ae590       0x10 C:/Program Files/SDK30/SDK 7.5.1/SDK/lib_gnu/trap.lib(trap_13B9_buzzer.o)
                0x000ae590                buzzer
 .text          0x000ae5a0       0x10 C:/Program Files/SDK30/SDK 7.5.1/SDK/lib_gnu/trap.lib(trap_13BE_GiveNoTask.o)
                0x000ae5a0                GiveNoTask
 .text          0x000ae5b0       0x10 C:/Program Files/SDK30/SDK 7.5.1/SDK/lib_gnu/trap.lib(trap_13C2_InitGkDrv.o)
                0x000ae5b0                InitGkDrv
 .text          0x000ae5c0       0x10 C:/Program Files/SDK30/SDK 7.5.1/SDK/lib_gnu/trap.lib(trap_13CE_closesocket.o)
                0x000ae5c0                closesocket
 .text          0x000ae5d0       0x10 C:/Program Files/SDK30/SDK 7.5.1/SDK/lib_gnu/trap.lib(trap_13CF_connect.o)
                0x000ae5d0                connect
 .text          0x000ae5e0       0x10 C:/Program Files/SDK30/SDK 7.5.1/SDK/lib_gnu/trap.lib(trap_13D6_shutdownsocket.o)
                0x000ae5e0                shutdownsocket
 .text          0x000ae5f0       0x10 C:/Program Files/SDK30/SDK 7.5.1/SDK/lib_gnu/trap.lib(trap_13D7_socket.o)
                0x000ae5f0                socket
 .text          0x000ae600       0x10 C:/Program Files/SDK30/SDK 7.5.1/SDK/lib_gnu/trap.lib(trap_1406_umalloc.o)
                0x000ae600                umalloc
 .text          0x000ae610       0x10 C:/Program Files/SDK30/SDK 7.5.1/SDK/lib_gnu/trap.lib(trap_1407_ufree.o)
                0x000ae610                ufree
 .text          0x000ae620       0x10 C:/Program Files/SDK30/SDK 7.5.1/SDK/lib_gnu/trap.lib(trap_1414_fioctl.o)
                0x000ae620                fioctl
 .text          0x000ae630       0x10 C:/Program Files/SDK30/SDK 7.5.1/SDK/lib_gnu/trap.lib(trap_1426_get_tick_counter.o)
                0x000ae630                get_tick_counter
 .text          0x000ae640       0x10 C:/Program Files/SDK30/SDK 7.5.1/SDK/lib_gnu/trap.lib(trap_1432_SystemFioctl.o)
                0x000ae640                SystemFioctl
 .text          0x000ae650      0x168 C:/Program Files/SDK30/SDK 7.5.1/SDK/lib_gnu/AVL.lib(Proxy.o)
                0x000ae7a0                TlvTree_SetTag
                0x000ae7ac                TlvTree_Copy
                0x000ae6c8                TlvTree_Serialize
                0x000ae734                TlvTree_GetTag
                0x000ae740                TlvTree_GetLength
                0x000ae728                TlvTree_GetNext
                0x000ae6f8                TlvTree_Iterate
                0x000ae71c                TlvTree_GetParent
                0x000ae65c                TlvTree_AddChild
                0x000ae668                TlvTree_AddChildInteger
                0x000ae780                TlvTree_SetDataInteger
                0x000ae6ec                TlvTree_Find
                0x000ae684                TlvTree_AddChildString
                0x000ae6e0                TlvTree_Unserialize
                0x000ae74c                TlvTree_GetData
                0x000ae758                TlvTree_SetData
                0x000ae710                TlvTree_GetFirstChild
                0x000ae764                TlvTree_SetDataString
                0x000ae6d4                TlvTree_GetSerializationSize
                0x000ae6bc                TlvTree_Release
                0x000ae6a4                TlvTree_Graft
                0x000ae650                TlvTree_New
                0x000ae6b0                TlvTree_RemoveChild
 .text          0x000ae7b8       0xa0 C:/Program Files/SDK30/SDK 7.5.1/SDK/lib_gnu/AVL.lib(Serializer.o)
                0x000ae834                __TlvTree_GetSerializationSize
                0x000ae7e4                __TlvTree_Unserialize
                0x000ae7b8                __TlvTree_Serialize
 .text          0x000ae858      0x2c8 C:/Program Files/SDK30/SDK 7.5.1/SDK/lib_gnu/AVL.lib(Serializer_Default.o)
                0x000ae8c8                __TlvTree_Serialize_Default
                0x000aea1c                __TlvTree_Unserialize_Default
                0x000ae9d8                __TlvTree_GetSerializationSize_Default
 .text          0x000aeb20      0x7ac C:/Program Files/SDK30/SDK 7.5.1/SDK/lib_gnu/AVL.lib(Serializer_Xml.o)
                0x000af1f4                __TlvTree_Unserialize_Xml
                0x000aee08                __TlvTree_GetSerializationSize_Xml
                0x000aebf4                __TlvTree_Serialize_Xml
 .text          0x000af2cc      0x150 C:/Program Files/SDK30/SDK 7.5.1/SDK/lib_gnu/AVL.lib(XMLs.o)
                0x000af31c                XMLs_ParserClose
                0x000af340                XMLs_Parse
                0x000af38c                XMLs_SetUserData
                0x000af3c4                XMLs_Abort
                0x000af2ec                XMLs_ParserOpen
                0x000af3ac                XMLs_GetUserData
                0x000af3e4                XMLs_GetParsingState
 .text          0x000af41c      0x5cc C:/Program Files/SDK30/SDK 7.5.1/SDK/lib_gnu/AVL.lib(XMLs_Parser.o)
                0x000af55c                XMLgr_Document
 .text          0x000af9e8      0x1a8 C:/Program Files/SDK30/SDK 7.5.1/SDK/lib_gnu/AVL.lib(XMLs_ProcessData.o)
                0x000afa0c                XMLs_ProcessData
 .text          0x000afb90      0x314 C:/Program Files/SDK30/SDK 7.5.1/SDK/lib_gnu/AVL.lib(Internal.o)
                0x000afd20                __TlvTree_Find
                0x000afd70                __TlvTree_GetNext
                0x000afbc8                __TlvTree_SetData
                0x000afe70                __TlvTree_Release
                0x000afd68                __TlvTree_GetFirstChild
                0x000afd8c                __TlvTree_GetData
                0x000afdf4                __TlvTree_RemoveChild
                0x000afd90                __TlvTree_Copy
                0x000afd74                __TlvTree_GetTag
                0x000afbb8                __TlvTree_New
                0x000afb90                __TlvTree_NewNode
                0x000afc24                __TlvTree_AddChild
                0x000afc20                __TlvTree_SetTag
                0x000afc58                __TlvTree_Graft
                0x000afd78                __TlvTree_GetLength
                0x000afd6c                __TlvTree_GetParent
                0x000afe44                __TlvTree_DeleteNode
                0x000afca4                __TlvTree_GetNextNode
 .text          0x000afea4      0x5b8 C:/Program Files/SDK30/SDK 7.5.1/SDK/lib_gnu/LinkLayerExeInterface.lib(LinkLayerServices.o)
                0x000aff60                LL_GetInfo
                0x000b0204                LL_WaitEvent
                0x000b01ac                LL_GetLastError
                0x000b0154                LL_ClearSendBuffer
                0x000b0380                LL_GSM_Start
                0x000b0400                LL_GetHandle
                0x000b00cc                LL_Receive
                0x000b0048                LL_Send
                0x000b0234                LL_Network_GetStatus
                0x000afff0                LL_Connect
                0x000b001c                LL_Disconnect
                0x000b02e0                LL_GPRS_Connect
                0x000b026c                LL_GPRS_Start
                0x000b0180                LL_ClearReceiveBuffer
                0x000b03d8                LL_GSM_Stop
                0x000afea4                LL_Configure
                0x000b0358                LL_GPRS_Stop
                0x000b01d8                LL_GetStatus
 .text          0x000b045c       0xc4 C:/Program Files/SDK30/SDK 7.5.1/SDK/lib_gnu/SEC.lib(SECLibOpenClose.o)
                0x000b0464                SEClib_Open
                0x000b045c                SEClib_Version
                0x000b0504                SEClib_Close
 .text          0x000b0520       0x48 C:/Program Files/SDK30/SDK 7.5.1/SDK/lib_gnu/SEC.lib(SEC1.o)
                0x000b0520                SEC_Version
 .text          0x000b0568       0x48 C:/Program Files/SDK30/SDK 7.5.1/SDK/lib_gnu/SEC.lib(SEC7.o)
                0x000b0568                SEC_InitVar
 .text          0x000b05b0       0x54 C:/Program Files/SDK30/SDK 7.5.1/SDK/lib_gnu/SEC.lib(SEC8.o)
                0x000b05b0                SEC_SetConfig
 .text          0x000b0604       0x54 C:/Program Files/SDK30/SDK 7.5.1/SDK/lib_gnu/SEC.lib(SEC9.o)
                0x000b0604                SEC_GetConfig
 .text          0x000b0658       0x54 C:/Program Files/SDK30/SDK 7.5.1/SDK/lib_gnu/SEC.lib(SEC10.o)
                0x000b0658                SEC_listSecureId
 .text          0x000b06ac       0x58 C:/Program Files/SDK30/SDK 7.5.1/SDK/lib_gnu/SEC.lib(SEC11.o)
                0x000b06ac                SEC_isSecretArea
 .text          0x000b0704       0x5c C:/Program Files/SDK30/SDK 7.5.1/SDK/lib_gnu/SEC.lib(SEC19.o)
                0x000b0704                SEC_CreateSecretArea
 .text          0x000b0760       0x58 C:/Program Files/SDK30/SDK 7.5.1/SDK/lib_gnu/SEC.lib(SEC20.o)
                0x000b0760                SEC_FreeSecret
 .text          0x000b07b8       0x60 C:/Program Files/SDK30/SDK 7.5.1/SDK/lib_gnu/SEC.lib(SEC21.o)
                0x000b07b8                SEC_LoadKey
 .text          0x000b0818       0x58 C:/Program Files/SDK30/SDK 7.5.1/SDK/lib_gnu/SEC.lib(SEC22.o)
                0x000b0818                SEC_PinEntryInit
 .text          0x000b0870       0x50 C:/Program Files/SDK30/SDK 7.5.1/SDK/lib_gnu/SEC.lib(SEC23.o)
                0x000b0870                SEC_PinEntry
 .text          0x000b08c0       0x64 C:/Program Files/SDK30/SDK 7.5.1/SDK/lib_gnu/SEC.lib(SEC24.o)
                0x000b08c0                SEC_Iso9564
 .text          0x000b0924       0x54 C:/Program Files/SDK30/SDK 7.5.1/SDK/lib_gnu/SEC.lib(SEC25.o)
                0x000b0924                SEC_DukptLoadKSN
 .text          0x000b0978       0x5c C:/Program Files/SDK30/SDK 7.5.1/SDK/lib_gnu/SEC.lib(SEC26.o)
                0x000b0978                SEC_DukptLoadDerivationKey
 .text          0x000b09d4       0x58 C:/Program Files/SDK30/SDK 7.5.1/SDK/lib_gnu/SEC.lib(SEC28.o)
                0x000b09d4                SEC_DukptGenerateInitialKey
 .text          0x000b0a2c       0x64 C:/Program Files/SDK30/SDK 7.5.1/SDK/lib_gnu/SEC.lib(SEC31.o)
                0x000b0a2c                SEC_DukptEncryptPin
 .text          0x000b0a90       0x64 C:/Program Files/SDK30/SDK 7.5.1/SDK/lib_gnu/SEC.lib(SEC32.o)
                0x000b0a90                SEC_ECBCipher
 .text          0x000b0af4       0x5c C:/Program Files/SDK30/SDK 7.5.1/SDK/lib_gnu/SEC.lib(SEC34.o)
                0x000b0af4                SEC_ComputeMAC
 .text          0x000b0b50       0x48 C:/Program Files/SDK30/SDK 7.5.1/SDK/lib_gnu/SEC.lib(SEC37.o)
                0x000b0b50                SEC_InitInstance
 .text          0x000b0b98      0x428 C:/Program Files/SDK30/SDK 7.5.1/SDK/lib_gnu/IP_.lib(IP.o)
                0x000b0dec                __Ping
                0x000b0d00                ResolverGetOption
                0x000b0c8c                __inet_addr
                0x000b0f8c                __GetDefaultRoute
                0x000b0d4c                recvfrom
                0x000b0dd4                gethostbyname_r
                0x000b0fb4                __DeleteRoute
                0x000b0cec                EthernetSetOption
                0x000b0f9c                __SetDefaultRoute
                0x000b0bb0                __inet_aton
                0x000b0d9c                setsockopt
                0x000b0d80                sendto
                0x000b0fa8                __AddRoute
                0x000b0c98                __inet_ntoa
                0x000b0ba4                SetErrno
                0x000b0db4                gethostbyaddr_r
                0x000b0b98                GetErrno
                0x000b0d18                fcntlsocket
                0x000b0cd8                EthernetGetOption
                0x000b0d34                getsockopt
                0x000b0d68                selectsocket
                0x000b0d0c                ResolverSetOption
 .text          0x000b0fc0       0x10 C:/Program Files/SDK30/SDK 7.5.1/SDK/lib_gnu/trap.lib(trap_1386_upload_diagnostic_txt.o)
                0x000b0fc0                upload_diagnostic_txt
 .text          0x000b0fd0       0x10 C:/Program Files/SDK30/SDK 7.5.1/SDK/lib_gnu/trap.lib(trap_13D8_inet_addr.o)
                0x000b0fd0                inet_addr
 .text          0x000b0fe0       0x10 C:/Program Files/SDK30/SDK 7.5.1/SDK/lib_gnu/trap.lib(trap_13DC_PppSetOption.o)
                0x000b0fe0                PppSetOption
 .text          0x000b0ff0       0x10 C:/Program Files/SDK30/SDK 7.5.1/SDK/lib_gnu/trap.lib(trap_13E1_fcntlsocketSWI.o)
                0x000b0ff0                fcntlsocketSWI
 .text          0x000b1000       0x10 C:/Program Files/SDK30/SDK 7.5.1/SDK/lib_gnu/trap.lib(trap_13E2_getsockoptSWI.o)
                0x000b1000                getsockoptSWI
 .text          0x000b1010       0x10 C:/Program Files/SDK30/SDK 7.5.1/SDK/lib_gnu/trap.lib(trap_13E3_recvfromSWI.o)
                0x000b1010                recvfromSWI
 .text          0x000b1020       0x10 C:/Program Files/SDK30/SDK 7.5.1/SDK/lib_gnu/trap.lib(trap_13E4_selectsocketSWI.o)
                0x000b1020                selectsocketSWI
 .text          0x000b1030       0x10 C:/Program Files/SDK30/SDK 7.5.1/SDK/lib_gnu/trap.lib(trap_13E5_sendtoSWI.o)
                0x000b1030                sendtoSWI
 .text          0x000b1040       0x10 C:/Program Files/SDK30/SDK 7.5.1/SDK/lib_gnu/trap.lib(trap_13E6_setsockoptSWI.o)
                0x000b1040                setsockoptSWI
 .text          0x000b1050       0x10 C:/Program Files/SDK30/SDK 7.5.1/SDK/lib_gnu/trap.lib(trap_13E7_ngOSGetErrno.o)
                0x000b1050                ngOSGetErrno
 .text          0x000b1060       0x10 C:/Program Files/SDK30/SDK 7.5.1/SDK/lib_gnu/trap.lib(trap_13E8_ngOSSetErrno.o)
                0x000b1060                ngOSSetErrno
 .text          0x000b1070       0x10 C:/Program Files/SDK30/SDK 7.5.1/SDK/lib_gnu/trap.lib(trap_13E9_ngResolvSetOption.o)
                0x000b1070                ngResolvSetOption
 .text          0x000b1080       0x10 C:/Program Files/SDK30/SDK 7.5.1/SDK/lib_gnu/trap.lib(trap_13EA_ngResolvGetOption.o)
                0x000b1080                ngResolvGetOption
 .text          0x000b1090       0x10 C:/Program Files/SDK30/SDK 7.5.1/SDK/lib_gnu/trap.lib(trap_13ED_gethostbyaddr_rSWI.o)
                0x000b1090                gethostbyaddr_rSWI
 .text          0x000b10a0       0x10 C:/Program Files/SDK30/SDK 7.5.1/SDK/lib_gnu/trap.lib(trap_13EE_gethostbyname_rSWI.o)
                0x000b10a0                gethostbyname_rSWI
 .text          0x000b10b0       0x10 C:/Program Files/SDK30/SDK 7.5.1/SDK/lib_gnu/trap.lib(trap_141D_ngRouteAdd.o)
                0x000b10b0                ngRouteAdd
 .text          0x000b10c0       0x10 C:/Program Files/SDK30/SDK 7.5.1/SDK/lib_gnu/trap.lib(trap_141E_ngRouteDelete.o)
                0x000b10c0                ngRouteDelete
 .text          0x000b10d0       0x10 C:/Program Files/SDK30/SDK 7.5.1/SDK/lib_gnu/trap.lib(trap_141F_ngRouteDefault.o)
                0x000b10d0                ngRouteDefault
 .text          0x000b10e0       0x10 C:/Program Files/SDK30/SDK 7.5.1/SDK/lib_gnu/trap.lib(trap_142B_EthIfControl.o)
                0x000b10e0                EthIfControl
 .text          0x000b10f0       0x24 C:/Program Files/Ingenico/IngeDev_7/plugins/com.ingenico.ingedev.telium.bin.win32_7.4.1.4/os/win32/GNUARM/arm-elf/lib/thumb/soft/interwork/libc.a(exit.o)
                0x000b10f0                exit